Archive member included because of file (symbol)

C:\Program Files (x86)\VT3\resources\targets\TERA7\lib/\vt3_runtime\libvt3_runtime.a(vt3_main.obj)
                              c:/progra~2/codeso~1/source~1/bin/../arm-none-linux-gnueabi/libc/usr/lib/crt1.o (main)
C:\Program Files (x86)\VT3\resources\targets\TERA7\lib/\vt3_runtime\libvt3_runtime.a(vt3_pdf.obj)
                              C:\Program Files (x86)\VT3\resources\targets\TERA7\lib/\vt3_runtime\libvt3_runtime.a(vt3_main.obj) (vt3_sdcard_mount_async)
C:\Program Files (x86)\VT3\resources\targets\TERA7\lib/\vt3_runtime\libvt3_runtime.a(vt3_slaves.obj)
                              C:\Program Files (x86)\VT3\resources\targets\TERA7\lib/\vt3_runtime\libvt3_runtime.a(vt3_main.obj) (vt3_slaves_reference)
C:\Program Files (x86)\VT3\resources\targets\TERA7\lib/\vt3_runtime\libvt3_runtime.a(vt3_stats.obj)
                              C:\Program Files (x86)\VT3\resources\targets\TERA7\lib/\vt3_runtime\libvt3_runtime.a(vt3_main.obj) (GetVt3CpuStatistics)
C:\Program Files (x86)\VT3\resources\targets\TERA7\lib/\vt3_runtime\libvt3_runtime.a(vt3_task.obj)
                              C:\Program Files (x86)\VT3\resources\targets\TERA7\lib/\vt3_runtime\libvt3_runtime.a(vt3_main.obj) (init_periodic_task)
C:\Program Files (x86)\VT3\resources\targets\TERA7\lib/\vt3_runtime\libvt3_runtime.a(vt3_trend.obj)
                              C:\Program Files (x86)\VT3\resources\targets\TERA7\lib/\vt3_runtime\libvt3_runtime.a(vt3_main.obj) (vt3_trend_reference)
C:\Program Files (x86)\VT3\resources\targets\TERA7\lib/\vt3_runtime\libvt3_runtime.a(akima_interpolator.obj)
                              C:\Program Files (x86)\VT3\resources\targets\TERA7\lib/\vt3_runtime\libvt3_runtime.a(vt3_trend.obj) (akima_interpolator_free)
C:\Program Files (x86)\VT3\resources\targets\TERA7\lib/\vt3_runtime\libvt3_runtime.a(ieclib.obj)
                              C:\Program Files (x86)\VT3\resources\targets\TERA7\lib/\vt3_runtime\libvt3_runtime.a(vt3_main.obj) (vt3_fix_string_sizes)
C:\Program Files (x86)\VT3\resources\targets\TERA7\lib/\vt3_runtime\libvt3_runtime.a(lcd_dfb.obj)
                              C:\Program Files (x86)\VT3\resources\targets\TERA7\lib/\vt3_runtime\libvt3_runtime.a(vt3_pdf.obj) (getSuperDFB)
C:\Program Files (x86)\VT3\resources\targets\TERA7\lib/\vt3_runtime\libvt3_runtime.a(vt3_canlib.obj)
                              C:\Program Files (x86)\VT3\resources\targets\TERA7\lib/\vt3_runtime\libvt3_runtime.a(vt3_main.obj) (vt3_check_alive_nodes)
C:\Program Files (x86)\VT3\resources\targets\TERA7\lib/\vt3_runtime\libvt3_runtime.a(vt3_canlib_testable.obj)
                              C:\Program Files (x86)\VT3\resources\targets\TERA7\lib/\vt3_runtime\libvt3_runtime.a(vt3_canlib.obj) (vt3_apply_cobid_change)
C:\Program Files (x86)\VT3\resources\targets\TERA7\lib/\vt3_runtime\libvt3_runtime.a(vt3_elog.obj)
                              C:\Program Files (x86)\VT3\resources\targets\TERA7\lib/\vt3_runtime\libvt3_runtime.a(vt3_canlib.obj) (ALM_login_state)
C:\Program Files (x86)\VT3\resources\targets\TERA7\lib/\vt3_runtime\libvt3_runtime.a(vt3_lcd_3b6.obj)
                              C:\Program Files (x86)\VT3\resources\targets\TERA7\lib/\vt3_runtime\libvt3_runtime.a(vt3_main.obj) (vt3_release_shaped_strings_from_cache)
C:\Program Files (x86)\VT3\resources\targets\TERA7\lib/\vt3_runtime\libvt3_runtime.a(vt3_lcd_tl.obj)
                              C:\Program Files (x86)\VT3\resources\targets\TERA7\lib/\vt3_runtime\libvt3_runtime.a(vt3_main.obj) (vt3_virtual_keyboard_key_handler)
C:\Program Files (x86)\VT3\resources\targets\TERA7\lib/\vt3_runtime\libvt3_runtime.a(vt3_lcd_tl_testable.obj)
                              C:\Program Files (x86)\VT3\resources\targets\TERA7\lib/\vt3_runtime\libvt3_runtime.a(vt3_lcd_tl.obj) (vt3_indicator_touch_process_touch_knob_input)
c:/progra~2/codeso~1/source~1/bin/../lib/gcc/arm-none-linux-gnueabi/4.4.1\libgcc.a(_udivsi3.o)
                              C:\Program Files (x86)\VT3\resources\targets\TERA7\lib/\vt3_runtime\libvt3_runtime.a(vt3_pdf.obj) (__aeabi_uidiv)
c:/progra~2/codeso~1/source~1/bin/../lib/gcc/arm-none-linux-gnueabi/4.4.1\libgcc.a(_divsi3.o)
                              C:\Program Files (x86)\VT3\resources\targets\TERA7\lib/\vt3_runtime\libvt3_runtime.a(vt3_pdf.obj) (__aeabi_idiv)
c:/progra~2/codeso~1/source~1/bin/../lib/gcc/arm-none-linux-gnueabi/4.4.1\libgcc.a(_arm_addsubdf3.o)
                              C:\Program Files (x86)\VT3\resources\targets\TERA7\lib/\vt3_runtime\libvt3_runtime.a(vt3_trend.obj) (__aeabi_dsub)
c:/progra~2/codeso~1/source~1/bin/../lib/gcc/arm-none-linux-gnueabi/4.4.1\libgcc.a(_arm_muldivdf3.o)
                              C:\Program Files (x86)\VT3\resources\targets\TERA7\lib/\vt3_runtime\libvt3_runtime.a(vt3_main.obj) (__aeabi_dmul)
c:/progra~2/codeso~1/source~1/bin/../lib/gcc/arm-none-linux-gnueabi/4.4.1\libgcc.a(_arm_cmpdf2.o)
[...]
Memory Configuration

Name             Origin             Length             Attributes
*default*        0x00000000         0xffffffff

Linker script and memory map

LOAD c:/progra~2/codeso~1/source~1/bin/../arm-none-linux-gnueabi/libc/usr/lib/crt1.o
LOAD c:/progra~2/codeso~1/source~1/bin/../arm-none-linux-gnueabi/libc/usr/lib/crti.o
LOAD c:/progra~2/codeso~1/source~1/bin/../lib/gcc/arm-none-linux-gnueabi/4.4.1/crtbegin.o
LOAD c:/progra~2/codeso~1/source~1/bin/../arm-none-linux-gnueabi/libc/usr/lib/librt.so
LOAD C:\Program Files (x86)\VT3\resources\targets\TERA7\lib/\vt3_runtime/libdirectfb.so
LOAD C:\Program Files (x86)\VT3\resources\targets\TERA7\lib/\vt3_runtime/libz.so
LOAD C:\Program Files (x86)\VT3\resources\targets\TERA7\lib/\vt3_runtime/libfusion.so
LOAD C:\Program Files (x86)\VT3\resources\targets\TERA7\lib/\vt3_runtime/libdirect.so
LOAD c:/progra~2/codeso~1/source~1/bin/../arm-none-linux-gnueabi/libc/usr/lib/libpthread.so
START GROUP
LOAD c:\progra~2\codeso~1\source~1\bin\../arm-none-linux-gnueabi/libc/lib/libpthread.so.0
LOAD c:\progra~2\codeso~1\source~1\bin\../arm-none-linux-gnueabi/libc/usr/lib/libpthread_nonshared.a
END GROUP
LOAD C:\Program Files (x86)\VT3\resources\targets\TERA7\lib/\vt3_runtime/libfreetype.so
LOAD C:\Program Files (x86)\VT3\resources\targets\TERA7\lib//vt3_runtime/harfbuzz_fribidi_wrapper_empty.o
LOAD C:\Program Files (x86)\VT3\resources\targets\TERA7\lib/\vt3_runtime\libvt3_runtime.a
LOAD c:/progra~2/codeso~1/source~1/bin/../arm-none-linux-gnueabi/libc/usr/lib/libm.so
LOAD vt3_code/vt3_lang.obj
LOAD vt3_code/vt3_fonts.obj
LOAD vt3_code/vt3_IO.obj
LOAD vt3_code/vt3_alarms.obj
LOAD vt3_code/vt3_POU__iocore_data.obj
LOAD vt3_code/vt3_POU__global_data.obj
LOAD vt3_code/vt3_POU__setup_data.obj
LOAD vt3_code/vt3_POU__splash_data.obj
LOAD vt3_code/vt3_POU__home_data.obj
LOAD vt3_code/vt3_POU__PLC_PRG.obj
LOAD vt3_code/vt3_POU__assignIO.obj
LOAD vt3_code/vt3_POU__doBrightness.obj
LOAD vt3_code/vt3_POU__usbUpdate.obj
LOAD vt3_code/vt3_POU__outputs.obj
LOAD vt3_code/vt3_POU__task100.obj
LOAD vt3_code/vt3_POU__slaveConfig.obj
LOAD vt3_code/vt3_POU__slaveConfigFB_CPU0.obj
LOAD vt3_code/vt3_POU__slaveConfigFB_CPU1.obj
LOAD vt3_code/vt3_POU__interpol.obj
LOAD vt3_code/vt3_POU_common.obj
LOAD vt3_code/vt3_vars.obj
LOAD vt3_code/vt3_var_version.obj
LOAD vt3_code/vt3_init_persistent_p_array.obj
LOAD vt3_code/vt3_init_persistent_r_array.obj
LOAD vt3_code/vt3_init_persistent_f_array.obj
LOAD vt3_code/vt3_CAN__CanInterface.obj
LOAD vt3_code/vt3_CAN_common.obj
LOAD vt3_code/vt3_signature.obj
LOAD vt3_code/vt3_disp_events.obj
LOAD vt3_code/vt3_images.obj
LOAD vt3_code/vt3_disp.obj
LOAD vt3_code/vt3_slaves.obj
LOAD extra/vt3_extra.obj
LOAD C:/Users/hurdj00/Desktop/HARTST~1.1/code/Tera_7/__OBJE~1/vt3_extra.obj
LOAD C:/Users/hurdj00/Desktop/HARTST~1.1/code/Tera_7/__OBJE~1/vt3_POU__ARR_BYTE_version.obj
LOAD C:/Users/hurdj00/Desktop/HARTST~1.1/code/Tera_7/__OBJE~1/vt3_POU__BYTE_TO_ASCII.obj
LOAD C:/Users/hurdj00/Desktop/HARTST~1.1/code/Tera_7/__OBJE~1/vt3_POU__check_touchcalibration.obj
LOAD C:/Users/hurdj00/Desktop/HARTST~1.1/code/Tera_7/__OBJE~1/vt3_POU__GET_POWER_FAIL.obj
LOAD C:/Users/hurdj00/Desktop/HARTST~1.1/code/Tera_7/__OBJE~1/vt3_POU__get_prj_version.obj
LOAD C:/Users/hurdj00/Desktop/HARTST~1.1/code/Tera_7/__OBJE~1/vt3_POU__get_prj_version_byte.obj
LOAD C:/Users/hurdj00/Desktop/HARTST~1.1/code/Tera_7/__OBJE~1/vt3_POU__INIT_BYTEARRAY_P.obj
LOAD C:/Users/hurdj00/Desktop/HARTST~1.1/code/Tera_7/__OBJE~1/vt3_POU__INIT_BYTEARRAY_R.obj
LOAD C:/Users/hurdj00/Desktop/HARTST~1.1/code/Tera_7/__OBJE~1/vt3_POU__INIT_SD_USB.obj
LOAD C:/Users/hurdj00/Desktop/HARTST~1.1/code/Tera_7/__OBJE~1/vt3_POU__lcdSetBlank.obj
LOAD C:/Users/hurdj00/Desktop/HARTST~1.1/code/Tera_7/__OBJE~1/vt3_POU__mountSD.obj
LOAD C:/Users/hurdj00/Desktop/HARTST~1.1/code/Tera_7/__OBJE~1/vt3_POU__mountUSB.obj
LOAD C:/Users/hurdj00/Desktop/HARTST~1.1/code/Tera_7/__OBJE~1/vt3_POU__REBOOT.obj
LOAD C:/Users/hurdj00/Desktop/HARTST~1.1/code/Tera_7/__OBJE~1/vt3_POU__req_touchcalibration.obj
LOAD C:/Users/hurdj00/Desktop/HARTST~1.1/code/Tera_7/__OBJE~1/vt3_POU__SET_POWER_FAIL_SHUTDOWN.obj
LOAD C:/Users/hurdj00/Desktop/HARTST~1.1/code/Tera_7/__OBJE~1/vt3_POU__SHUTDOWN.obj
LOAD C:/Users/hurdj00/Desktop/HARTST~1.1/code/Tera_7/__OBJE~1/vt3_POU__ST_TRANSLATE.obj
LOAD C:/Users/hurdj00/Desktop/HARTST~1.1/code/Tera_7/__OBJE~1/vt3_POU__umountSD.obj
LOAD C:/Users/hurdj00/Desktop/HARTST~1.1/code/Tera_7/__OBJE~1/vt3_POU__umountUSB.obj
LOAD C:/Users/hurdj00/Desktop/HARTST~1.1/code/Tera_7/__OBJE~1/vt3_POU__WRITE_EL.obj
LOAD C:/Users/hurdj00/Desktop/HARTST~1.1/code/Tera_7/__OBJE~1/vt3_POU__WRITE_EL_ENUM.obj
LOAD C:/Users/hurdj00/Desktop/HARTST~1.1/code/Tera_7/__OBJE~1/vt3_POU__WRITE_EL_PRIVATE.obj
LOAD C:/Users/hurdj00/Desktop/HARTST~1.1/code/Tera_7/__OBJE~1/vt3_POU__WRITE_EL_TO_SD.obj
LOAD C:/Users/hurdj00/Desktop/HARTST~1.1/code/Tera_7/__OBJE~1/vt3_POU__WRITE_EL_TO_USB.obj
LOAD c:/progra~2/codeso~1/source~1/bin/../lib/gcc/arm-none-linux-gnueabi/4.4.1\libgcc.a
LOAD c:/progra~2/codeso~1/source~1/bin/../arm-none-linux-gnueabi/libc/lib/libgcc_s.so
LOAD c:/progra~2/codeso~1/source~1/bin/../arm-none-linux-gnueabi/libc/usr/lib/libc.so
START GROUP
LOAD c:\progra~2\codeso~1\source~1\bin\../arm-none-linux-gnueabi/libc/lib/libc.so.6
LOAD c:\progra~2\codeso~1\source~1\bin\../arm-none-linux-gnueabi/libc/usr/lib/libc_nonshared.a
LOAD c:\progra~2\codeso~1\source~1\bin\../arm-none-linux-gnueabi/libc/lib/ld-linux.so.3
END GROUP
LOAD c:/progra~2/codeso~1/source~1/bin/../lib/gcc/arm-none-linux-gnueabi/4.4.1\libgcc.a
LOAD c:/progra~2/codeso~1/source~1/bin/../arm-none-linux-gnueabi/libc/lib/libgcc_s.so
LOAD c:/progra~2/codeso~1/source~1/bin/../lib/gcc/arm-none-linux-gnueabi/4.4.1/crtend.o
LOAD c:/progra~2/codeso~1/source~1/bin/../arm-none-linux-gnueabi/libc/usr/lib/crtn.o
                0x00008000                PROVIDE (__executable_start, 0x8000)
                0x00008154                . = (0x8000 + SIZEOF_HEADERS)

.interp         0x00008154       0x13
 *(.interp)
 .interp        0x00008154       0x13 c:/progra~2/codeso~1/source~1/bin/../arm-none-linux-gnueabi/libc/usr/lib/crti.o

.note.ABI-tag   0x00008168       0x20
 .note.ABI-tag  0x00008168       0x20 c:/progra~2/codeso~1/source~1/bin/../arm-none-linux-gnueabi/libc/usr/lib/crt1.o

.note.gnu.build-id
 *(.note.gnu.build-id)

.hash           0x00008188      0x454
 *(.hash)
 .hash          0x00008188      0x454 c:/progra~2/codeso~1/source~1/bin/../arm-none-linux-gnueabi/libc/usr/lib/crti.o

.gnu.hash
 *(.gnu.hash)

.dynsym         0x000085dc      0x900
 *(.dynsym)
 .dynsym        0x000085dc      0x900 c:/progra~2/codeso~1/source~1/bin/../arm-none-linux-gnueabi/libc/usr/lib/crti.o

.dynstr         0x00008edc      0x55b
 *(.dynstr)
 .dynstr        0x00008edc      0x55b c:/progra~2/codeso~1/source~1/bin/../arm-none-linux-gnueabi/libc/usr/lib/crti.o

.gnu.version    0x00009438      0x120
 *(.gnu.version)
 .gnu.version   0x00009438      0x120 c:/progra~2/codeso~1/source~1/bin/../arm-none-linux-gnueabi/libc/usr/lib/crti.o

.gnu.version_d  0x00009558        0x0
 *(.gnu.version_d)
 .gnu.version_d
                0x00000000        0x0 c:/progra~2/codeso~1/source~1/bin/../arm-none-linux-gnueabi/libc/usr/lib/crti.o

.gnu.version_r  0x00009558       0xa0
 *(.gnu.version_r)
 .gnu.version_r
                0x00009558       0xa0 c:/progra~2/codeso~1/source~1/bin/../arm-none-linux-gnueabi/libc/usr/lib/crti.o

.rel.dyn        0x000095f8       0x18
 *(.rel.init)
 *(.rel.text .rel.text.* .rel.gnu.linkonce.t.*)
 *(.rel.fini)
 *(.rel.rodata .rel.rodata.* .rel.gnu.linkonce.r.*)
 *(.rel.data.rel.ro* .rel.gnu.linkonce.d.rel.ro.*)
 *(.rel.data .rel.data.* .rel.gnu.linkonce.d.*)
 *(.rel.tdata .rel.tdata.* .rel.gnu.linkonce.td.*)
 *(.rel.tbss .rel.tbss.* .rel.gnu.linkonce.tb.*)
 *(.rel.ctors)
 *(.rel.dtors)
 *(.rel.got)
 .rel.got       0x000095f8        0x8 c:/progra~2/codeso~1/source~1/bin/../arm-none-linux-gnueabi/libc/usr/lib/crti.o
 *(.rel.bss .rel.bss.* .rel.gnu.linkonce.b.*)
 .rel.bss       0x00009600       0x10 c:/progra~2/codeso~1/source~1/bin/../arm-none-linux-gnueabi/libc/usr/lib/crti.o
 *(.rel.ifunc)

.rela.dyn
 *(.rela.init)
 *(.rela.text .rela.text.* .rela.gnu.linkonce.t.*)
 *(.rela.fini)
 *(.rela.rodata .rela.rodata.* .rela.gnu.linkonce.r.*)
 *(.rela.data .rela.data.* .rela.gnu.linkonce.d.*)
 *(.rela.tdata .rela.tdata.* .rela.gnu.linkonce.td.*)
 *(.rela.tbss .rela.tbss.* .rela.gnu.linkonce.tb.*)
 *(.rela.ctors)
 *(.rela.dtors)
 *(.rela.got)
 *(.rela.bss .rela.bss.* .rela.gnu.linkonce.b.*)
 *(.rela.ifunc)

.rel.plt        0x00009610      0x3d0
 *(.rel.plt)
 .rel.plt       0x00009610      0x3d0 c:/progra~2/codeso~1/source~1/bin/../arm-none-linux-gnueabi/libc/usr/lib/crti.o
                0x000099e0                PROVIDE (__rel_iplt_start, .)
 *(.rel.iplt)
                0x000099e0                PROVIDE (__rel_iplt_end, .)

.rela.plt       0x000099e0        0x0
 *(.rela.plt)
                0x000099e0                PROVIDE (__rela_iplt_start, .)
 *(.rela.iplt)
                0x000099e0                PROVIDE (__rela_iplt_end, .)

.init           0x000099e0        0xc
 *(.init)
 .init          0x000099e0        0x8 c:/progra~2/codeso~1/source~1/bin/../arm-none-linux-gnueabi/libc/usr/lib/crti.o
                0x000099e0                _init
 .init          0x000099e8        0x4 c:/progra~2/codeso~1/source~1/bin/../arm-none-linux-gnueabi/libc/usr/lib/crtn.o

.plt            0x000099ec      0x5cc
 *(.plt)
 .plt           0x000099ec      0x5cc c:/progra~2/codeso~1/source~1/bin/../arm-none-linux-gnueabi/libc/usr/lib/crti.o
                0x00009a00                open@@GLIBC_2.4
                0x00009a0c                sync@@GLIBC_2.4
                0x00009a18                tanf@@GLIBC_2.4
                0x00009a24                mkdir@@GLIBC_2.4
                0x00009a30                localtime_r@@GLIBC_2.4
                0x00009a3c                abort@@GLIBC_2.4
                0x00009a48                localtime@@GLIBC_2.4
                0x00009a54                pthread_attr_getschedparam@@GLIBC_2.4
                0x00009a60                memcmp@@GLIBC_2.4
                0x00009a6c                DirectFBSetOption
                0x00009a78                clock_gettime@@GLIBC_2.4
                0x00009a84                __xstat@@GLIBC_2.4
                0x00009a90                __libc_start_main@@GLIBC_2.4
                0x00009a9c                lround@@GLIBC_2.4
                0x00009aa8                signal@@GLIBC_2.4
                0x00009ab4                __isinf@@GLIBC_2.4
                0x00009ac0                asin@@GLIBC_2.4
                0x00009acc                __lxstat@@GLIBC_2.4
                0x00009ad8                pthread_attr_setschedpolicy@@GLIBC_2.4
                0x00009af0                sqrtf@@GLIBC_2.4
                0x00009afc                pow@@GLIBC_2.4
                0x00009b08                strncpy@@GLIBC_2.4
                0x00009b14                fclose@@GLIBC_2.4
                0x00009b20                fgets@@GLIBC_2.4
                0x00009b2c                strtod@@GLIBC_2.4
                0x00009b38                system@@GLIBC_2.4
                0x00009b44                strchr@@GLIBC_2.4
                0x00009b50                strcasecmp@@GLIBC_2.4
                0x00009b5c                pclose@@GLIBC_2.4
                0x00009b68                sincos@@GLIBC_2.4
                0x00009b74                fopen@@GLIBC_2.4
                0x00009b80                shmat@@GLIBC_2.4
                0x00009b8c                memset@@GLIBC_2.4
                0x00009b98                strrchr@@GLIBC_2.4
                0x00009ba4                pthread_attr_setschedparam@@GLIBC_2.4
                0x00009bb0                perror@@GLIBC_2.4
                0x00009bbc                strtoll@@GLIBC_2.4
                0x00009bc8                floor@@GLIBC_2.4
                0x00009bd4                chmod@@GLIBC_2.4
                0x00009be0                __assert_fail@@GLIBC_2.4
                0x00009bec                exp@@GLIBC_2.4
                0x00009bf8                asinf@@GLIBC_2.4
                0x00009c04                usleep@@GLIBC_2.4
                0x00009c10                sqrt@@GLIBC_2.4
                0x00009c1c                strtoull@@GLIBC_2.4
                0x00009c28                free@@GLIBC_2.4
                0x00009c34                read@@GLIBC_2.4
                0x00009c40                write@@GLIBC_2.4
                0x00009c4c                DirectFBCreate
                0x00009c58                atan@@GLIBC_2.4
                0x00009c64                access@@GLIBC_2.4
                0x00009c70                fseek@@GLIBC_2.4
                0x00009c7c                bsearch@@GLIBC_2.4
                0x00009c88                pthread_mutex_unlock@@GLIBC_2.4
                0x00009c94                atanf@@GLIBC_2.4
                0x00009ca0                fflush@@GLIBC_2.4
                0x00009cac                ioctl@@GLIBC_2.4
                0x00009cb8                DirectFBError
                0x00009cc4                pthread_mutex_lock@@GLIBC_2.4
                0x00009cd0                strlen@@GLIBC_2.4
                0x00009cdc                unlink@@GLIBC_2.4
                0x00009ce8                strtoul@@GLIBC_2.4
                0x00009cf4                pthread_create@@GLIBC_2.4
                0x00009d00                execv@@GLIBC_2.4
                0x00009d0c                memcpy@@GLIBC_2.4
                0x00009d18                acos@@GLIBC_2.4
                0x00009d24                feof@@GLIBC_2.4
                0x00009d30                ftell@@GLIBC_2.4
                0x00009d3c                strtol@@GLIBC_2.4
                0x00009d48                strcpy@@GLIBC_2.4
                0x00009d54                waitpid@@GLIBC_2.4
                0x00009d60                printf@@GLIBC_2.4
                0x00009d6c                raise@@GLIBC_2.4
                0x00009d78                fdopen@@GLIBC_2.4
                0x00009d84                strstr@@GLIBC_2.4
                0x00009d90                close@@GLIBC_2.4
                0x00009d9c                fwrite@@GLIBC_2.4
                0x00009da8                time@@GLIBC_2.4
                0x00009db4                acosf@@GLIBC_2.4
                0x00009dc0                log10@@GLIBC_2.4
                0x00009dcc                __ctype_b_loc@@GLIBC_2.4
                0x00009dd8                fprintf@@GLIBC_2.4
                0x00009de4                log10f@@GLIBC_2.4
                0x00009df0                malloc@@GLIBC_2.4
                0x00009dfc                error@@GLIBC_2.4
                0x00009e08                chdir@@GLIBC_2.4
                0x00009e14                pthread_attr_init@@GLIBC_2.4
                0x00009e20                fputc@@GLIBC_2.4
                0x00009e2c                __isinff@@GLIBC_2.4
                0x00009e38                strtok@@GLIBC_2.4
                0x00009e44                ftruncate@@GLIBC_2.4
                0x00009e50                sleep@@GLIBC_2.4
                0x00009e5c                strcat@@GLIBC_2.4
                0x00009e68                popen@@GLIBC_2.4
                0x00009e74                dup2@@GLIBC_2.4
                0x00009e80                puts@@GLIBC_2.4
                0x00009e8c                log@@GLIBC_2.4
                0x00009e98                getpid@@GLIBC_2.4
                0x00009ea4                fcntl@@GLIBC_2.4
                0x00009eb0                fork@@GLIBC_2.4
                0x00009ebc                lseek@@GLIBC_2.4
                0x00009ec8                tan@@GLIBC_2.4
                0x00009ed4                snprintf@@GLIBC_2.4
                0x00009ee0                fread@@GLIBC_2.4
                0x00009eec                strncmp@@GLIBC_2.4
                0x00009ef8                kill@@GLIBC_2.4
                0x00009f04                nanosleep@@GLIBC_2.4
                0x00009f10                realloc@@GLIBC_2.4
                0x00009f1c                pipe@@GLIBC_2.4
                0x00009f28                __strdup@@GLIBC_2.4
                0x00009f34                DirectFBInit
                0x00009f40                strcmp@@GLIBC_2.4
                0x00009f4c                exit@@GLIBC_2.4
                0x00009f58                logf@@GLIBC_2.4
                0x00009f64                __errno_location@@GLIBC_2.4
                0x00009f70                DirectFBErrorFatal
                0x00009f7c                ceil@@GLIBC_2.4
                0x00009f88                sprintf@@GLIBC_2.4
                0x00009f94                pthread_join@@GLIBC_2.4
                0x00009fa0                getpagesize@@GLIBC_2.4
                0x00009fac                shmget@@GLIBC_2.4
 *(.iplt)

.text           0x00009fc0    0x53ba0
 *(.text .stub .text.* .gnu.linkonce.t.*)
 .text          0x00009fc0       0x3c c:/progra~2/codeso~1/source~1/bin/../arm-none-linux-gnueabi/libc/usr/lib/crt1.o
                0x00009fc0                _start
 .text          0x00009ffc       0x24 c:/progra~2/codeso~1/source~1/bin/../arm-none-linux-gnueabi/libc/usr/lib/crti.o
 .text          0x0000a020       0x4c c:/progra~2/codeso~1/source~1/bin/../lib/gcc/arm-none-linux-gnueabi/4.4.1/crtbegin.o
 .text          0x0000a06c       0x18 C:\Program Files (x86)\VT3\resources\targets\TERA7\lib//vt3_runtime/harfbuzz_fribidi_wrapper_empty.o
                0x0000a06c                LIBHBFB_get_shaped_string_parameters
                0x0000a074                LIBHBFB_call_fribidi_algorithm
                0x0000a07c                LIBHBFB_shaping_is_needed
 .text          0x0000a084     0x1fb0 C:\Program Files (x86)\VT3\resources\targets\TERA7\lib/\vt3_runtime\libvt3_runtime.a(vt3_main.obj)
                0x0000a1d4                load_bytearray_F
                0x0000a1d8                save_bytearray_F
                0x0000a1e0                InitBuzzerIntensity
                0x0000a204                ReduceBuzzerIntensity
                0x0000a23c                InitExternalBuzzer
                0x0000a258                InitExternalBuzzerExt
                0x0000a270                SetPowerFailShutDown
                0x0000a280                GetPowerFail
                0x0000a290                SetBacklight
                0x0000a2b0                GetLightSensorValue
                0x0000a3dc                InitLightSensor
                0x0000a60c                save_bytearray_R
                0x0000a7e8                save_bytearray_P
                0x0000a8c0                load_bytearray_P
                0x0000ab50                load_bytearray_R
                0x0000ae8c                SetKeysBacklight
                0x0000af10                SetFan
                0x0000b19c                ShutDown
                0x0000b1b4                main
                0x0000b7fc                SetExternalBuzzer
                0x0000b904                SetBuzzerWithIntensity
                0x0000beb0                SetBuzzer
 .text          0x0000c034     0x24a8 C:\Program Files (x86)\VT3\resources\targets\TERA7\lib/\vt3_runtime\libvt3_runtime.a(vt3_pdf.obj)
                0x0000c0ac                vt3_load_pdf_from_usb_to_sd_get_status
                0x0000c174                vt3_load_pdf_from_usb_to_sd_start
                0x0000c5a0                vt3_sdcard_mount_async
                0x0000c820                vt3_draw_indicator_PdfViewer
 .text          0x0000e4dc      0xe5c C:\Program Files (x86)\VT3\resources\targets\TERA7\lib/\vt3_runtime\libvt3_runtime.a(vt3_slaves.obj)
                0x0000e4dc                vt3_CANopen_NMT_start
                0x0000e520                vt3_CANopen_on_received_thread_unsafe
                0x0000e864                vt3_CANopen_on_received
                0x0000e8a8                vt3_CANopen_SDO_expedited_read
                0x0000e9d0                vt3_CANopen_SDO_expedited_write
                0x0000eb94                vt3_CANopen_SDO_get_read_result
                0x0000ee40                vt3_CANopen_SDO_get_write_result
                0x0000f09c                VT3_CONFIGURE_SLAVE__call
 .text          0x0000f338      0x434 C:\Program Files (x86)\VT3\resources\targets\TERA7\lib/\vt3_runtime\libvt3_runtime.a(vt3_stats.obj)
                0x0000f338                GetVt3CpuStatistics
 .text          0x0000f76c      0x924 C:\Program Files (x86)\VT3\resources\targets\TERA7\lib/\vt3_runtime\libvt3_runtime.a(vt3_task.obj)
                0x0000f76c                timespec_cmp
                0x0000f7c4                timespec_sub
                0x0000f850                timespec_add
                0x0000f8a4                timespec_to_ms
                0x0000f8dc                timespec_zero
                0x0000f8ec                timespec_is_zero
                0x0000f91c                init_periodic_task
                0x0000f984                init_task
                0x0000f9d4                get_periodic_task_statistic
                0x0000faa8                reset_periodic_task_measure
                0x0000fb1c                start_task
                0x0000fc08                vt3_get_system_ticks
                0x0000fc48                vt3_get_ms_since_start
                0x0000fc90                prepare_init_task
                0x0000fccc                periodic_task
 .text          0x00010090     0x278c C:\Program Files (x86)\VT3\resources\targets\TERA7\lib/\vt3_runtime\libvt3_runtime.a(vt3_trend.obj)
                0x00010090                vt3_decimateSamples
                0x00010f70                vt3_trend_SamplingSetup
                0x000119b4                vt3_draw_indicator_Trend
                0x0001268c                vt3_trend_createCircularBufferFromSamples
 .text          0x0001281c      0x7b0 C:\Program Files (x86)\VT3\resources\targets\TERA7\lib/\vt3_runtime\libvt3_runtime.a(akima_interpolator.obj)
                0x0001281c                akima_interpolator_free
                0x0001285c                akima_interpolator_eval
                0x000129cc                akima_interpolator_init
 .text          0x00012fcc    0x1ec3c C:\Program Files (x86)\VT3\resources\targets\TERA7\lib/\vt3_runtime\libvt3_runtime.a(ieclib.obj)
                0x00012fd4                on_error
                0x00012ff8                BOOL_TO_SINT
                0x00013000                BOOL_TO_USINT
                0x00013004                BYTE_TO_USINT
                0x00013008                USINT_TO_UINT
                0x0001300c                LREAL_TO_REAL
                0x00013018                ULINT_TO_LWORD
                0x0001301c                TRUNC_REAL
                0x00013028                TRUNC_LREAL
                0x00013034                MAX_DATE_AND_TIME
                0x00013090                MIN_DATE_AND_TIME
                0x000130ec                LIMIT_SINT
                0x0001310c                LIMIT_INT
                0x0001312c                LIMIT_DINT
                0x00013144                LIMIT_LINT
                0x0001318c                LIMIT_USINT
                0x000131a4                LIMIT_UINT
                0x000131bc                LIMIT_UDINT
                0x000131d4                LIMIT_ULINT
                0x0001321c                LIMIT_BOOL
                0x00013234                LIMIT_BYTE
                0x0001324c                LIMIT_WORD
                0x00013264                LIMIT_DWORD
                0x0001327c                LIMIT_LWORD
                0x000132c4                LIMIT_REAL
                0x00013300                LIMIT_LREAL
                0x00013358                LIMIT_TIME
                0x00013370                LIMIT_DATE
                0x00013388                LIMIT_TIME_OF_DAY
                0x000133a0                LIMIT_DATE_AND_TIME
                0x00013424                GT_DATE_AND_TIME_2
                0x00013478                GE_DATE_AND_TIME_2
                0x000134cc                EQ_DATE_AND_TIME_2
                0x0001351c                LE_DATE_AND_TIME_2
                0x00013570                LT_DATE_AND_TIME_2
                0x000135c4                NE_DATE_AND_TIME
                0x0001360c                vt3_fix_string_sizes
                0x0001364c                ADD_DT_TIME
                0x00013738                MULTIME
                0x00013740                CONCAT_DATE_TOD
                0x00013748                DT_TO_TOD
                0x00013760                DT_TO_DATE
                0x00013774                DATE_TO_YEAR
                0x000138a0                DATE_TO_MONTH
                0x000139b4                DATE_TO_DAY
                0x00013ad4                TOD_TO_HOUR
                0x00013ae8                TOD_TO_MINUTE
                0x00013b20                TOD_TO_SECOND
                0x00013b58                TOD_TO_MS
                0x00013b7c                SR__call
                0x00013bbc                RS__call
                0x00013c00                R_TRIG__call
                0x00013c44                F_TRIG__call
                0x00013c88                CTU__call
                0x00013d24                CTU_DINT__call
                0x00013d94                CTU_UDINT__call
                0x00013e04                CTU_LINT__call
                0x00013e90                CTU_ULINT__call
                0x00013f1c                CTD__call
                0x00013f98                CTD_DINT__call
                0x00014000                CTD_UDINT__call
                0x00014060                CTD_LINT__call
                0x000140d8                CTD_ULINT__call
                0x00014158                CTUD__call
                0x00014244                CTUD_DINT__call
                0x00014328                CTUD_UDINT__call
                0x00014408                CTUD_LINT__call
                0x0001454c                CTUD_ULINT__call
                0x00014668                regression_error_handler
                0x00014678                TOF__init
                0x000146a8                TON__init
                0x000146d8                TP__init
                0x00014708                CTUD_ULINT__init
                0x00014744                CTUD_LINT__init
                0x00014780                CTUD_UDINT__init
                0x000147b0                CTUD_DINT__init
                0x000147e0                CTUD__init
                0x0001480c                CTD_ULINT__init
                0x00014848                CTD_LINT__init
                0x00014884                CTD_UDINT__init
                0x000148b0                CTD_DINT__init
                0x000148dc                CTD__init
                0x00014904                CTU_ULINT__init
                0x00014940                CTU_LINT__init
                0x0001497c                CTU_UDINT__init
                0x000149a8                CTU_DINT__init
                0x000149d4                CTU__init
                0x000149fc                F_TRIG__init
                0x00014a20                R_TRIG__init
                0x00014a44                RS__init
                0x00014a68                SR__init
                0x00014a8c                vt3_atomic_read_lreal
                0x00014ae8                vt3_atomic_read_date_and_time
                0x00014b50                vt3_atomic_read_ulint
                0x00014bb0                vt3_atomic_read_lint
                0x00014c10                vt3_atomic_read_lword
                0x00014c70                TP__call
                0x00014d54                GET_SYSTEM_MILLISECONDS
                0x00014d94                LT_DATE_AND_TIME_N
                0x00014f94                LT_TIME_OF_DAY_N
                0x000150b0                LT_DATE_N
                0x000151cc                LT_TIME_N
                0x000152e8                LT_LREAL_N
                0x000154c8                LT_REAL_N
                0x00015688                LT_LWORD_N
                0x000157f8                LT_DWORD_N
                0x00015914                LT_WORD_N
                0x00015a44                LT_BYTE_N
                0x00015b74                LT_ULINT_N
                0x00015ce4                LT_UDINT_N
                0x00015e00                LT_UINT_N
                0x00015f30                LT_USINT_N
                0x00016060                LT_LINT_N
                0x000161d0                LT_DINT_N
                0x000162ec                LT_INT_N
                0x00016448                LT_SINT_N
                0x000165a4                LT_BOOL_N
                0x000166d4                LE_DATE_AND_TIME_N
                0x000168d4                LE_TIME_OF_DAY_N
                0x000169f0                LE_DATE_N
                0x00016b0c                LE_TIME_N
                0x00016c28                LE_LREAL_N
                0x00016e08                LE_REAL_N
                0x00016fc8                LE_LWORD_N
                0x00017138                LE_DWORD_N
                0x00017254                LE_WORD_N
                0x00017384                LE_BYTE_N
                0x000174b4                LE_ULINT_N
                0x00017624                LE_UDINT_N
                0x00017740                LE_UINT_N
                0x00017870                LE_USINT_N
                0x000179a0                LE_LINT_N
                0x00017b10                LE_DINT_N
                0x00017c2c                LE_INT_N
                0x00017d88                LE_SINT_N
                0x00017ee4                LE_BOOL_N
                0x00018014                EQ_DATE_AND_TIME_N
                0x00018194                EQ_TIME_OF_DAY_N
                0x000182a0                EQ_DATE_N
                0x000183ac                EQ_TIME_N
                0x000184b8                EQ_LREAL_N
                0x00018698                EQ_REAL_N
                0x00018858                EQ_LWORD_N
                0x000189a8                EQ_DWORD_N
                0x00018ab4                EQ_WORD_N
                0x00018bd4                EQ_BYTE_N
                0x00018cf4                EQ_ULINT_N
                0x00018e44                EQ_UDINT_N
                0x00018f50                EQ_UINT_N
                0x00019070                EQ_USINT_N
                0x00019190                EQ_LINT_N
                0x000192e0                EQ_DINT_N
                0x000193ec                EQ_INT_N
                0x00019520                EQ_SINT_N
                0x00019654                EQ_BOOL_N
                0x00019774                GE_DATE_AND_TIME_N
                0x00019974                GE_TIME_OF_DAY_N
                0x00019a90                GE_DATE_N
                0x00019bac                GE_TIME_N
                0x00019cc8                GE_LREAL_N
                0x00019ea8                GE_REAL_N
                0x0001a068                GE_LWORD_N
                0x0001a1d8                GE_DWORD_N
                0x0001a2f4                GE_WORD_N
                0x0001a424                GE_BYTE_N
                0x0001a554                GE_ULINT_N
                0x0001a6c4                GE_UDINT_N
                0x0001a7e0                GE_UINT_N
                0x0001a910                GE_USINT_N
                0x0001aa40                GE_LINT_N
                0x0001abb0                GE_DINT_N
                0x0001accc                GE_INT_N
                0x0001ae28                GE_SINT_N
                0x0001af84                GE_BOOL_N
                0x0001b0b4                GT_DATE_AND_TIME_N
                0x0001b2b4                GT_TIME_OF_DAY_N
                0x0001b3d0                GT_DATE_N
                0x0001b4ec                GT_TIME_N
                0x0001b608                GT_LREAL_N
                0x0001b7e8                GT_REAL_N
                0x0001b9a8                GT_LWORD_N
                0x0001bb18                GT_DWORD_N
                0x0001bc34                GT_WORD_N
                0x0001bd64                GT_BYTE_N
                0x0001be94                GT_ULINT_N
                0x0001c004                GT_UDINT_N
                0x0001c120                GT_UINT_N
                0x0001c250                GT_USINT_N
                0x0001c380                GT_LINT_N
                0x0001c4f0                GT_DINT_N
                0x0001c60c                GT_INT_N
                0x0001c768                GT_SINT_N
                0x0001c8c4                GT_BOOL_N
                0x0001c9f4                vt3_free_temporary_strings
                0x0001ca30                ATAN_LREAL
                0x0001ca34                ATAN_REAL
                0x0001cb74                runtime_error
                0x0001cba8                vt3_alloc_wstring
                0x0001cc20                DELETE_WSTRING
                0x0001cce4                INSERT_WSTRING
                0x0001cdd8                MID_WSTRING
                0x0001ce8c                vt3_alloc_string
                0x0001cefc                WSTRING_TO_STRING
                0x0001d49c                INSERT_STRING
                0x0001d584                MID_STRING
                0x0001d638                SET_CURRENT_DATE_AND_TIME
                0x0001d72c                SUB_DT_TIME
                0x0001d81c                TOF__call
                0x0001d8f0                TON__call
                0x0001d9b0                REAL_TO_STRING
                0x0001da68                ULINT_TO_STRING
                0x0001db1c                BOOL_TO_STRING
                0x0001dbd8                LREAL_TO_STRING
                0x0001dc8c                LWORD_TO_STRING
                0x0001dd40                UINT_TO_STRING
                0x0001ddfc                INT_TO_STRING
                0x0001deb8                LINT_TO_STRING
                0x0001df6c                DWORD_TO_STRING
                0x0001e028                UDINT_TO_STRING
                0x0001e0e4                USINT_TO_STRING
                0x0001e1a0                DINT_TO_STRING
                0x0001e25c                BYTE_TO_STRING
                0x0001e318                SINT_TO_STRING
                0x0001e3d4                WORD_TO_STRING
                0x0001e490                DWORD_TO_INT
                0x0001e4c8                WORD_TO_INT
                0x0001e500                ULINT_TO_INT
                0x0001e54c                UDINT_TO_INT
                0x0001e584                UINT_TO_INT
                0x0001e5bc                LINT_TO_INT
                0x0001e618                DINT_TO_INT
                0x0001e654                LREAL_TO_SINT
                0x0001e6e0                REAL_TO_SINT
                0x0001e750                BYTE_TO_SINT
                0x0001e788                UDINT_TO_SINT
                0x0001e7c0                UINT_TO_SINT
                0x0001e7f8                ULINT_TO_SINT
                0x0001e838                DWORD_TO_SINT
                0x0001e870                WORD_TO_SINT
                0x0001e8a8                LWORD_TO_SINT
                0x0001e8e8                USINT_TO_SINT
                0x0001e920                LINT_TO_SINT
                0x0001e970                DINT_TO_SINT
                0x0001e9ac                INT_TO_SINT
                0x0001e9ec                LREAL_TO_BOOL
                0x0001ea78                REAL_TO_BOOL
                0x0001eae8                LWORD_TO_BOOL
                0x0001eb30                DWORD_TO_BOOL
                0x0001eb6c                WORD_TO_BOOL
                0x0001eba8                BYTE_TO_BOOL
                0x0001ebe4                ULINT_TO_BOOL
                0x0001ec2c                UDINT_TO_BOOL
                0x0001ec68                UINT_TO_BOOL
                0x0001eca4                USINT_TO_BOOL
                0x0001ece0                LINT_TO_BOOL
                0x0001ed28                DINT_TO_BOOL
                0x0001ed64                INT_TO_BOOL
                0x0001eda4                SINT_TO_BOOL
                0x0001ede4                ADD_TOD_TIME
                0x0001ee38                ADD_TIME
                0x0001ee98                FIND_WSTRING
                0x0001ef74                FIND_STRING
                0x0001f04c                NE_WSTRING
                0x0001f138                NE_STRING
                0x0001f220                LT_WSTRING_2
                0x0001f320                LT_WSTRING_N
                0x0001f4f4                MIN_WSTRING
                0x0001f588                LT_STRING_2
                0x0001f684                LT_STRING_N
                0x0001f858                MIN_STRING
                0x0001f8ec                YMD_TO_DATE
                0x0001fa34                SUB_DT_DT
                0x0001fa98                SUB_TOD_TOD
                0x0001faf0                SUB_TOD_TIME
                0x0001fb74                SUB_DATE_DATE
                0x0001fbb4                SUB_TIME
                0x0001fc14                HMS_TO_TOD
                0x0001fcec                INT_TO_WORD
                0x0001fd20                SINT_TO_WORD
                0x0001fd54                LREAL_TO_BYTE
                0x0001fddc                REAL_TO_BYTE
                0x0001fe4c                LWORD_TO_BYTE
                0x0001fe8c                LE_WSTRING_2
                0x0001ff7c                LE_STRING_2
                0x00020068                EQ_WSTRING_2
                0x00020154                GT_STRING_2
                0x00020244                MUX_LWORD
                0x00020350                MUX_DWORD
                0x00020430                MUX_WORD
                0x00020514                MUX_BYTE
                0x000205f4                MUX_WSTRING
                0x000206d4                MUX_STRING
                0x000207b4                GE_WSTRING_2
                0x000208b8                GE_WSTRING_N
                0x00020a8c                GE_STRING_2
                0x00020b8c                GE_STRING_N
                0x00020d60                EQ_STRING_2
                0x00020e48                GT_WSTRING_2
                0x00020f3c                MUX_DATE_AND_TIME
                0x0002105c                MUX_TIME_OF_DAY
                0x0002113c                MUX_DATE
                0x0002121c                MUX_TIME
                0x000212fc                MUX_LREAL
                0x00021400                MUX_REAL
                0x00021508                MUX_ULINT
                0x00021614                MUX_UDINT
                0x000216f4                MUX_UINT
                0x000217d8                MUX_USINT
                0x000218b8                MUX_LINT
                0x000219c4                MUX_DINT
                0x00021aa4                MUX_INT
                0x00021b8c                MUX_SINT
                0x00021c70                MUX_BOOL
                0x00021d50                EXPT_LREAL
                0x00021d98                EXPT_REAL
                0x00021e04                SUB_LREAL
                0x00021e4c                SUB_REAL
                0x00021e8c                LOG_REAL
                0x00021eec                ACOS_REAL
                0x00021f7c                ASIN_REAL
                0x0002200c                TAN_LREAL
                0x00022054                REAL_TO_DWORD
                0x000220bc                LWORD_TO_DWORD
                0x00022104                ULINT_TO_DWORD
                0x0002214c                UDINT_TO_DWORD
                0x00022150                LINT_TO_DWORD
                0x00022198                DINT_TO_DWORD
                0x000221cc                INT_TO_DWORD
                0x00022200                SINT_TO_DWORD
                0x00022234                LREAL_TO_WORD
                0x000222bc                REAL_TO_WORD
                0x0002232c                MUL_REAL
                0x0002236c                ABS_SINT
                0x000223bc                TAN_REAL
                0x000223fc                EXP_REAL
                0x00022444                LOG_LREAL
                0x000224bc                ULINT_TO_WORD
                0x00022508                LINT_TO_WORD
                0x00022554                DINT_TO_WORD
                0x0002258c                MUL_LREAL
                0x000225d4                ADD_REAL
                0x00022614                ADD_LREAL
                0x0002265c                ACOS_LREAL
                0x00022718                ASIN_LREAL
                0x000227d4                EXP_LREAL
                0x0002281c                SQRT_REAL
                0x0002287c                ABS_LINT
                0x000228e0                ABS_DINT
                0x0002292c                ABS_INT
                0x0002297c                LN_REAL
                0x000229dc                LN_LREAL
                0x00022a54                SQRT_LREAL
                0x00022acc                LWORD_TO_WORD
                0x00022b18                DWORD_TO_WORD
                0x00022b50                DINT_TO_LWORD
                0x00022b8c                INT_TO_LWORD
                0x00022bc8                SINT_TO_LWORD
                0x00022c04                LREAL_TO_DWORD
                0x00022c88                REAL_TO_LWORD
                0x00022cf0                LREAL_TO_LWORD
                0x00022d70                LINT_TO_LWORD
                0x00022db4                UDINT_TO_WORD
                0x00022dec                ULINT_TO_UINT
                0x00022e38                UDINT_TO_UINT
                0x00022e70                LINT_TO_UINT
                0x00022ebc                DINT_TO_UINT
                0x00022ef4                INT_TO_UINT
                0x00022f28                SINT_TO_UINT
                0x00022f5c                LREAL_TO_USINT
                0x00022fe4                REAL_TO_USINT
                0x00023054                LWORD_TO_USINT
                0x00023094                UDINT_TO_USINT
                0x000230cc                UINT_TO_USINT
                0x00023104                LINT_TO_USINT
                0x00023144                DINT_TO_USINT
                0x0002317c                WORD_TO_USINT
                0x000231b4                ULINT_TO_USINT
                0x000231f4                DWORD_TO_USINT
                0x0002322c                INT_TO_USINT
                0x00023268                SINT_TO_USINT
                0x0002329c                LREAL_TO_LINT
                0x00023320                REAL_TO_LINT
                0x00023384                LWORD_TO_LINT
                0x000233c8                LWORD_TO_DINT
                0x00023410                DWORD_TO_DINT
                0x00023444                ULINT_TO_DINT
                0x0002348c                UDINT_TO_DINT
                0x000234c0                LINT_TO_DINT
                0x00023518                LREAL_TO_INT
                0x000235a4                REAL_TO_INT
                0x00023614                LWORD_TO_INT
                0x00023660                LREAL_TO_DINT
                0x000236e8                REAL_TO_DINT
                0x0002374c                ULINT_TO_LINT
                0x00023790                LINT_TO_ULINT
                0x000237d4                DINT_TO_ULINT
                0x00023810                INT_TO_ULINT
                0x0002384c                SINT_TO_ULINT
                0x00023888                LREAL_TO_UDINT
                0x0002390c                REAL_TO_UDINT
                0x00023974                LWORD_TO_UDINT
                0x000239bc                ULINT_TO_UDINT
                0x00023a04                LINT_TO_UDINT
                0x00023a4c                DINT_TO_UDINT
                0x00023a80                INT_TO_UDINT
                0x00023ab4                SINT_TO_UDINT
                0x00023ae8                LREAL_TO_UINT
                0x00023b70                REAL_TO_UINT
                0x00023be0                LWORD_TO_UINT
                0x00023c2c                DWORD_TO_UINT
                0x00023c64                UDINT_TO_BYTE
                0x00023c9c                UINT_TO_BYTE
                0x00023cd4                LINT_TO_BYTE
                0x00023d14                DINT_TO_BYTE
                0x00023d4c                INT_TO_BYTE
                0x00023d88                SINT_TO_BYTE
                0x00023dbc                LREAL_TO_ULINT
                0x00023e3c                REAL_TO_ULINT
                0x00023ea4                WORD_TO_BYTE
                0x00023edc                DWORD_TO_BYTE
                0x00023f14                ULINT_TO_BYTE
                0x00023f54                LEN_WSTRING
                0x00023f9c                LEN_STRING
                0x00023fe4                MOVE_STRING
                0x000240a4                MOVE_WSTRING
                0x00024168                STRING_TO_WSTRING
                0x00024298                CONCAT_WSTRING
                0x00024434                CONCAT_STRING
                0x000245c0                STRING_TO_UINT
                0x00024670                STRING_TO_INT
                0x00024728                STRING_TO_USINT
                0x000247d8                STRING_TO_SINT
                0x00024890                STRING_TO_BYTE
                0x00024940                STRING_TO_BOOL
                0x000249f0                STRING_TO_LREAL
                0x00024a6c                STRING_TO_WORD
                0x00024b1c                STRING_TO_REAL
                0x00024b98                STRING_TO_ULINT
                0x00024c1c                STRING_TO_UDINT
                0x00024cdc                STRING_TO_DINT
                0x00024dac                STRING_TO_LWORD
                0x00024e30                STRING_TO_DWORD
                0x00024ef0                STRING_TO_LINT
                0x00024f74                DIV_REAL
                0x00025008                DIV_LREAL
                0x000250c8                DIV_DINT
                0x00025138                DIV_LINT
                0x000251e8                DIV_INT
                0x00025260                DIV_SINT
                0x000252d8                DIVTIME
                0x00025348                GET_CURRENT_DATE_AND_TIME
                0x00025444                LE_STRING_N
                0x00025768                LE_WSTRING_N
                0x00025a98                DELETE_STRING
                0x00025b80                REPLACE_STRING
                0x00025cb0                MOD_USINT
                0x00025cf0                MOD_LINT
                0x00025d74                MOD_DWORD
                0x00025db4                MOD_WORD
                0x00025df4                MOD_DINT
                0x00025e48                MOD_INT
                0x00025ea8                MOD_BYTE
                0x00025ee8                MOD_ULINT
                0x00025f40                MOD_UDINT
                0x00025f80                MOD_UINT
                0x00025fc0                DIV_USINT
                0x00026000                MOD_SINT
                0x00026060                DIV_LWORD
                0x000260b4                MOD_LWORD
                0x0002610c                DIV_DWORD
                0x00026148                DIV_WORD
                0x00026188                DIV_BYTE
                0x000261c8                DIV_ULINT
                0x0002621c                DIV_UDINT
                0x00026258                DIV_UINT
                0x00026298                GT_STRING_N
                0x000265c8                GT_WSTRING_N
                0x00026904                RIGHT_WSTRING
                0x000269a8                LEFT_WSTRING
                0x00026a40                RIGHT_STRING
                0x00026ae4                LEFT_STRING
                0x00026b7c                MAX_STRING
                0x00026ce0                REPLACE_WSTRING
                0x00026ee8                MAX_WSTRING
                0x00027050                LIMIT_STRING
                0x000272dc                LIMIT_WSTRING
                0x00027578                EQ_WSTRING_N
                0x000278a0                EQ_STRING_N
                0x00027bbc                vt3_ieclib_test
 .text          0x00031c08     0x5900 C:\Program Files (x86)\VT3\resources\targets\TERA7\lib/\vt3_runtime\libvt3_runtime.a(lcd_dfb.obj)
                0x00031c08                getSuperDFB
                0x00031c18                getPrimarySurface
                0x00031c28                LcdGetScreenRes
                0x00031c48                LcdRefreshRect
                0x00031c84                LcdShutdown
                0x00031ccc                LcdSetClip
                0x00031d40                LcdResetClip
                0x00031d94                LcdFill
                0x00031ed0                LcdSetPixel
                0x00031fd8                LcdDrawBox
                0x0003257c                LcdDrawBoxRGB565Internal
                0x0003263c                LcdCircle
                0x00032b54                LcdLine
                0x00032c78                LcdLineLimit
                0x00032e0c                LcdLineLimitW
                0x000334d0                LcdTriangle
                0x00033724                LcdQuadrilateral
                0x000338d0                LcdGetFontMaxAdvance
                0x000338f0                LcdGetStringWidth
                0x00033930                LcdDrawTextDFB
                0x00033ab4                LcdDrawTextDFBThroughGlyphs
                0x00033e7c                LcdDrawFixAdvNumberDFB
                0x00034018                LcdDrawFixAdvNumberDFBThroughGlyphs
                0x000342c8                LcdRectangle
                0x0003459c                LcdRectangleWH
                0x000345fc                BarGraphColor
                0x00034998                LcdKeyEventReset
                0x000349bc                LcdColorKeyTest
                0x000349c4                LcdGetDrawingFlags
                0x000349f4                LcdSetDrawingFlags
                0x00034a18                LcdKeyEventHandler
                0x00034c14                LcdDrawText
                0x00034f50                LcdReleaseFont
                0x00034fa0                LcdLoadFont
                0x00035078                LcdGetFixAdvStringWidth
                0x00035278                IsSavedImage
                0x00035dc4                LcdDrawSubBitMapIcon
                0x00035e10                LcdDrawBitMapIcon
                0x00035f78                LcdDrawSubIcon
                0x00035fb4                LcdDrawIcon
                0x00035fd4                LcdGetImageDimension
                0x00035ffc                LcdSetBacklight
                0x000360c0                LcdSetBlank
                0x000360e0                LcdRefresh
                0x00036264                LcdInit
                0x000364f4                SaveImage
                0x00036fbc                LcdCircleW
 .text          0x00037508     0x57ec C:\Program Files (x86)\VT3\resources\targets\TERA7\lib/\vt3_runtime\libvt3_runtime.a(vt3_canlib.obj)
                0x00037508                rio_ARM2_init
                0x0003750c                rio_ARM2_read
                0x00037510                rio_ARM2_write
                0x00037514                rio_ARM2_config
                0x00037518                rio_ASA_360_CBP_init
                0x0003751c                rio_ASA_360_CBP_read
                0x00037520                rio_ASA_360_CBP_write
                0x00037524                rio_ASA_360_CBP_config
                0x00037528                vt3_check_alive_nodes
                0x000375e0                vt3_set_node_alive_flag
                0x00037608                vt3_is_node_alive
                0x00037644                RemoteRead_Init
                0x000376dc                vt3_can_schedule
                0x00037714                vt3_can_check_busoff
                0x00037730                REMOTE_STATUS
                0x000377c8                vt3_canlib_Management_Rx_Alarm
                0x00037844                CanWatchdog
                0x00037860                CanCheckAlarm
                0x00037ce8                vt3_get_canmsg
                0x00037d04                vt3_update_req
                0x00037d2c                vt3_update_completed
                0x00037d54                vt3_update_get_ack
                0x00037d88                vt3_can_daemon_version
                0x00037db0                vt3_change_cobid_rx
                0x00037fa0                vt3_change_cobid_tx
                0x00038190                vt3_set_can_param
                0x000384e8                vt3_send_canmsg
                0x00038574                REMOTE_READ
                0x00038884                REMOTE_READ_TIME_OF_DAY
                0x0003888c                REMOTE_READ_TIME
                0x00038894                REMOTE_READ_DATE
                0x0003889c                REMOTE_READ_REAL
                0x000388ac                REMOTE_READ_USINT
                0x000388c0                REMOTE_READ_UINT
                0x000388d4                REMOTE_READ_UDINT
                0x000388dc                REMOTE_READ_SINT
                0x000388f0                REMOTE_READ_INT
                0x00038904                REMOTE_READ_DINT
                0x0003890c                REMOTE_READ_BYTE
                0x00038920                REMOTE_READ_WORD
                0x00038934                REMOTE_READ_DWORD
                0x0003893c                REMOTE_READ_BOOL
                0x00038950                Func_request_Read_Alarm_Status
                0x00038a08                Func_request_Acknowledge_Alarm
                0x00038a9c                Func_request_Read_Event_Log
                0x00038b58                Can_buffer_used_Tx
                0x00038b78                vt3_common_init_interface
                0x00038efc                vt3_init_interface
                0x000391b4                REMOTE_DEVICE_STATUS
                0x000394a4                decrement_can_timers
                0x00039ec0                REMOTE_RELEASE_FORCE
                0x00039f04                REMOTE_FORCE_VARLEN
                0x00039f94                REMOTE_WRITE_TIME_OF_DAY
                0x00039f9c                REMOTE_WRITE_TIME
                0x00039fa4                REMOTE_WRITE_DATE
                0x00039fac                REMOTE_WRITE_REAL
                0x00039fb4                REMOTE_WRITE_USINT
                0x00039fbc                REMOTE_WRITE_UINT
                0x00039fc4                REMOTE_WRITE_UDINT
                0x00039fcc                REMOTE_WRITE_SINT
                0x00039fd4                REMOTE_WRITE_INT
                0x00039fdc                REMOTE_WRITE_DINT
                0x00039fe4                REMOTE_WRITE_BYTE
                0x00039fec                REMOTE_WRITE_WORD
                0x00039ff4                REMOTE_WRITE_DWORD
                0x00039ffc                REMOTE_WRITE_BOOL
                0x0003a004                REMOTE_FORCE_USINT
                0x0003a090                REMOTE_FORCE_UINT
                0x0003a11c                REMOTE_FORCE_UDINT
                0x0003a1a8                REMOTE_FORCE_SINT
                0x0003a234                REMOTE_FORCE_INT
                0x0003a2c0                REMOTE_FORCE_DINT
                0x0003a34c                REMOTE_FORCE_BYTE
                0x0003a3d8                REMOTE_FORCE_WORD
                0x0003a464                REMOTE_FORCE_DWORD
                0x0003a4f0                REMOTE_FORCE_BOOL
                0x0003a9a0                vt3_transmit_EL_write
                0x0003c8d0                CanRxAllRead
 .text          0x0003ccf4     0x1248 C:\Program Files (x86)\VT3\resources\targets\TERA7\lib/\vt3_runtime\libvt3_runtime.a(vt3_canlib_testable.obj)
                0x0003ccf4                vt3_get_received_j1939_sa
                0x0003cd04                vt3_apply_cobid_change
                0x0003d020                vt3_J1939_process_received_MP
                0x0003d33c                vt3_J1939_process_received_DT
                0x0003d440                vt3_J1939_process_received_BAM
                0x0003d7dc                vt3_canlib_process_received_message
                0x0003dbc8                vt3_J1939_decrement_timers
 .text          0x0003df3c     0x5d08 C:\Program Files (x86)\VT3\resources\targets\TERA7\lib/\vt3_runtime\libvt3_runtime.a(vt3_elog.obj)
                0x0003df6c                ALM_login_state
                0x0003e068                ALM_set_login_state
                0x0003e168                ALM_init_login_cycles_timeout
                0x0003e26c                write_vt3_devices_alarm_status
                0x0003e380                ALM_all_sum
                0x0003e574                EL_write_answer
                0x0003e754                EL_reset_vars
                0x0003e92c                EL_poll_read
                0x0003eb48                EL_poll_write
                0x0003ed60                crc16_generic
                0x0003eee8                EL_get_failure_count
                0x0003f0c4                ALM_set
                0x0003f13c                ALM_rtn
                0x0003f1e4                ALM_seek_local_SPN_FMI
                0x0003f4b0                ALM_ack_local
                0x0003f4f0                ALM_get
                0x0003f51c                ALM_poll_set
                0x0003f574                ALM_slot_free
                0x0003f594                ALM_poll
                0x0003f60c                ALM_filter_local
                0x0003fa08                ALM_SPN_FMI_PRI_TO_AGUID
                0x0003fa28                ALM_AGUID_TO_SPN
                0x0003fa38                ALM_AGUID_TO_FMI
                0x0003fa40                ALM_AGUID_TO_PRI
                0x0003fa48                ALM_filter
                0x0003fc14                ALM_seek_local_AGUID
                0x0003fc78                ALM_Group_To_IDS_index
                0x0003fccc                ALM_Priority_To_IDS_index
                0x0003fd20                ALM_spn_To_IDS_index
                0x0003fd74                ALM_Fmi_To_IDS_index
                0x0003fdc8                EL_poll_read_set
                0x00040000                EL_initialize
                0x00040084                EL_shutdown
                0x000402b0                EL_crc16
                0x00040670                EL_read_local
                0x00040b3c                EL_read
                0x00040dc4                EL_format_local
                0x0004120c                ALM_SPN_To_IDS_index
                0x00041260                ALM_FMI_To_IDS_index
                0x000412b4                ALM_ack_AGUID
                0x00041398                EL_write_local
                0x00041718                EL_write
                0x0004206c                EL_task
 .text          0x00043c44     0x3050 C:\Program Files (x86)\VT3\resources\targets\TERA7\lib/\vt3_runtime\libvt3_runtime.a(vt3_lcd_3b6.obj)
                0x00043c44                vt3_LoadFont
                0x00043c4c                vt3_draw_indicator_PlaceHolder
                0x00043c68                vt3_set_camera_background_color
                0x00043c80                vt3_draw_indicator_PhysicalKey
                0x00043d20                vt3_draw_indicator_ReaderPNG
                0x00043d24                vt3_draw_indicator_PhysicalIndicator
                0x00043f20                vt3_draw_indicator_SimpleTriangle
                0x00044078                vt3_draw_indicator_SimpleCircle
                0x000441ec                vt3_draw_indicator_SimpleRect
                0x0004439c                vt3_draw_indicator_SimpleLine
                0x00044448                vt3_draw_image_haligned
                0x00044988                vt3_is_saved_image
                0x0004498c                vt3_save_image
                0x00044990                vt3_FormatDecimalNum
                0x00044a08                vt3_release_shaped_strings_from_cache
                0x00044aa0                vt3_LoadFontLate
                0x00044ae0                vt3_LcdShutdown
                0x00044b54                vt3_LcdInit
                0x00044bfc                vt3_draw_indicator_CircularGauge
                0x00044ec0                vt3_draw_indicator_PAL_Camera
                0x00045700                vt3_draw_text
                0x000457bc                GetStrLenFromPixelLen
                0x0004589c                GetStringPixelLength
                0x00045db0                vt3_draw_text_len
                0x00045e78                vt3_draw_indicator_Number
                0x00046304                vt3_draw_image_with_offset
                0x000466e4                vt3_draw_image
                0x00046724                vt3_draw_indicator_GaugeBar
                0x00046b64                vt3_draw_indicator_SubScreen
                0x00046bf4                vt3_draw_indicator_MultiBitmap
 .text          0x00046c94     0xfe4c C:\Program Files (x86)\VT3\resources\targets\TERA7\lib/\vt3_runtime\libvt3_runtime.a(vt3_lcd_tl.obj)
                0x00046c94                vt3_get_pressed_char
                0x00046ca4                vt3_schedule
                0x00046cf0                vt3_has_focus
                0x00046e44                vt3_virtual_keyboard_key_handler
                0x000472c8                vt3_convert_number_to_string_with_mask
                0x00047b80                vt3_focus_indicator_search_forward
                0x00047ce8                vt3_focus_indicator_search_backward
                0x00047e94                vt3_convert_dword2color
                0x00047eb8                vt3_set_focus_null
                0x00047ef4                vt3_get_grid_cell_x
                0x00047f18                vt3_get_grid_cell_y
                0x00047f30                vt3_get_grid_cell_w
                0x00047f48                vt3_get_grid_cell_h
                0x00047f54                vt3_get_grid_cell_row
                0x000480e4                vt3_get_grid_cell_col
                0x000482c8                vt3_set_knob_sel_null
                0x00048300                vt3_testbench_inject_touch_down_event
                0x0004832c                vt3_testbench_inject_touch_up_event
                0x000487f8                vt3_trend_drawLabel
                0x0004884c                vt3_end_callback_knob
                0x00048858                vt3_start_callback_knob
                0x00048864                vt3_draw_indicator_Grid
                0x00048aa8                vt3_draw_indicator_SimpleText
                0x00048b90                vt3_draw_selection_border
                0x00048fa0                vt3_convert_string_with_mask_to_number
                0x00049cc4                vt3_draw_on_screen_keyboard
                0x0004a448                vt3_set_knob_sel_indicator
                0x0004a47c                vt3_set_focus_indicator
                0x0004a4f0                vt3_draw_indicator_Screen
                0x0004a5b4                vt3_draw_indicator_AlarmQuick
                0x0004ad6c                translate_alarm_status
                0x0004ae30                vt3_draw_indicator_MultiText
                0x0004b248                vt3_set_knob_sel_next
                0x0004b250                vt3_set_focus_next
                0x0004b258                vt3_set_focus_first
                0x0004b29c                vt3_set_knob_sel_first
                0x0004b2dc                vt3_draw_indicator_AlarmLogTable
                0x0004d340                vt3_draw_indicator_Menu
                0x0004eb34                vt3_draw_indicator_Touch
                0x0004eff4                vt3_draw_indicator_SimpleTextEditable
                0x00050e3c                vt3_draw_indicator_NumberEditable
                0x00051dfc                vt3_set_prev
                0x0005211c                vt3_set_knob_sel_prev
                0x00052124                vt3_set_focus_prev
                0x0005212c                vt3_disp_knob
                0x00052438                vt3_set_focus_index
                0x0005264c                vt3_look_for_focus_index
                0x00052e38                vt3_draw_indicator_AlarmSummary
                0x000552fc                vt3_draw_indicator_AlarmLogDetail
 .text          0x00056ae0      0x488 C:\Program Files (x86)\VT3\resources\targets\TERA7\lib/\vt3_runtime\libvt3_runtime.a(vt3_lcd_tl_testable.obj)
                0x00056ae0                vt3_indicator_touch_process_touch_knob_input
                0x00056d3c                vt3_num_digits
                0x00056d74                vt3_calculate_integer_fractional_parts
                0x00056e74                vt3_FormatDecimalNumEditable
 .text          0x00056f68       0x28 vt3_code/vt3_lang.obj
                0x00056f68                TRANSLATE
 .text          0x00056f90       0x28 vt3_code/vt3_fonts.obj
                0x00056f90                vt3_load_all_fonts
 .text          0x00056fb8       0x24 vt3_code/vt3_IO.obj
                0x00056fb8                vt3_IO_cycle
                0x00056fbc                vt3_IO_init
 .text          0x00056fdc        0x0 vt3_code/vt3_alarms.obj
 .text          0x00056fdc        0x4 vt3_code/vt3_POU__iocore_data.obj
                0x00056fdc                iocore_data__init
 .text          0x00056fe0        0x4 vt3_code/vt3_POU__global_data.obj
                0x00056fe0                global_data__init
 .text          0x00056fe4        0x4 vt3_code/vt3_POU__setup_data.obj
                0x00056fe4                setup_data__init
 .text          0x00056fe8        0x4 vt3_code/vt3_POU__splash_data.obj
                0x00056fe8                splash_data__init
 .text          0x00056fec        0x4 vt3_code/vt3_POU__home_data.obj
                0x00056fec                home_data__init
 .text          0x00056ff0       0xe4 vt3_code/vt3_POU__PLC_PRG.obj
                0x00056ff0                PLC_PRG__call
                0x000570b4                PLC_PRG__init
 .text          0x000570d4      0x510 vt3_code/vt3_POU__assignIO.obj
                0x000570d4                assignIO__call
                0x000575c4                assignIO__init
 .text          0x000575e4       0x78 vt3_code/vt3_POU__doBrightness.obj
                0x000575e4                doBrightness__call
                0x0005763c                doBrightness__init
 .text          0x0005765c      0x128 vt3_code/vt3_POU__usbUpdate.obj
                0x0005765c                usbUpdate__call
                0x00057764                usbUpdate__init
 .text          0x00057784      0x5b0 vt3_code/vt3_POU__outputs.obj
                0x00057784                outputs__call
                0x00057d14                outputs__init
 .text          0x00057d34       0x70 vt3_code/vt3_POU__task100.obj
                0x00057d34                task100__call
                0x00057d84                task100__init
 .text          0x00057da4       0xd8 vt3_code/vt3_POU__slaveConfig.obj
                0x00057da4                slaveConfig__call
                0x00057e5c                slaveConfig__init
 .text          0x00057e7c       0x78 vt3_code/vt3_POU__slaveConfigFB_CPU0.obj
                0x00057e7c                slaveConfigFB_CPU0__call
                0x00057ed4                slaveConfigFB_CPU0__init
 .text          0x00057ef4       0x78 vt3_code/vt3_POU__slaveConfigFB_CPU1.obj
                0x00057ef4                slaveConfigFB_CPU1__call
                0x00057f4c                slaveConfigFB_CPU1__init
 .text          0x00057f6c       0x70 vt3_code/vt3_POU__interpol.obj
                0x00057f6c                interpol
 .text          0x00057fdc       0xa4 vt3_code/vt3_POU_common.obj
                0x00057fec                vt3_init_all_pous
                0x00058070                vt3_idle_task
 .text          0x00058080        0x0 vt3_code/vt3_vars.obj
 .text          0x00058080        0x0 vt3_code/vt3_var_version.obj
 .text          0x00058080       0x44 vt3_code/vt3_init_persistent_p_array.obj
                0x00058080                initialize_bytearray_P
 .text          0x000580c4       0x14 vt3_code/vt3_init_persistent_r_array.obj
                0x000580c4                initialize_bytearray_R
 .text          0x000580d8       0x14 vt3_code/vt3_init_persistent_f_array.obj
                0x000580d8                initialize_bytearray_F
 .text          0x000580ec      0x7e4 vt3_code/vt3_CAN__CanInterface.obj
                0x000582f0                vt3_can_send_sync_CO_NMT
                0x00058350                vt3_can_CanInterface_tx
                0x00058508                vt3_can_CanInterface_rx
                0x000587a4                vt3_can_CanInterface_init
 .text          0x000588d0        0xc vt3_code/vt3_CAN_common.obj
                0x000588d0                vt3_can_tx
                0x000588d4                vt3_can_rx
                0x000588d8                vt3_can_init
 .text          0x000588dc        0x0 vt3_code/vt3_signature.obj
 .text          0x000588dc     0x19e8 vt3_code/vt3_disp_events.obj
                0x000588dc                vt3_event_ind_camera
                0x00058920                vt3_event_ind_home
                0x00059100                vt3_event_ind_home_Logo_multibitmap
                0x0005910c                vt3_event_ind_home_F1_Button
                0x00059120                vt3_event_ind_home_F1_Text_1
                0x00059130                vt3_event_ind_home_F2_Button
                0x00059144                vt3_event_ind_home_F2_Text_1
                0x00059154                vt3_event_ind_home_F2_Auto_Man
                0x00059168                vt3_event_ind_home_F3_Button
                0x0005917c                vt3_event_ind_home_F3_Text_1
                0x0005918c                vt3_event_ind_home_F4_Button
                0x000591a0                vt3_event_ind_home_F4_Text_1
                0x000591b0                vt3_event_ind_home_F5_Button
                0x000591c4                vt3_event_ind_home_F5_Text_1
                0x000591d4                vt3_event_ind_home_F6_Button
                0x000591e8                vt3_event_ind_home_F6_Text_1
                0x000591f8                vt3_event_ind_home_F9_Button
                0x0005920c                vt3_event_ind_home_F9_Text_1
                0x0005921c                vt3_event_ind_home_F10_Button
                0x00059230                vt3_event_ind_home_F10_Text_1
                0x00059240                vt3_event_ind_home_Kennel_Layout_Temp_1_multibitmap
                0x00059254                vt3_event_ind_home_Kennel_Layout_Temp_1_Temp
                0x00059268                vt3_event_ind_home_Kennel_Layout_Temp_1_multitext
                0x0005927c                vt3_event_ind_home_Kennel_Layout_Temp_1_simple_text
                0x0005928c                vt3_event_ind_home_Kennel_Layout_Temp_2_multibitmap
                0x000592a0                vt3_event_ind_home_Kennel_Layout_Temp_2_Temp
                0x000592b4                vt3_event_ind_home_Kennel_Layout_Temp_2_multitext
                0x000592c8                vt3_event_ind_home_Kennel_Layout_Temp_2_simple_text
                0x000592d8                vt3_event_ind_home_Kennel_Layout_Temp_3_multibitmap
                0x000592ec                vt3_event_ind_home_Kennel_Layout_Temp_3_Temp
                0x00059300                vt3_event_ind_home_Kennel_Layout_Temp_3_multitext
                0x00059314                vt3_event_ind_home_Kennel_Layout_Temp_3_simple_text
                0x00059324                vt3_event_ind_home_Kennel_Layout_Temp_4_multibitmap
                0x00059338                vt3_event_ind_home_Kennel_Layout_Temp_4_Temp
                0x0005934c                vt3_event_ind_home_Kennel_Layout_Temp_4_multitext
                0x00059360                vt3_event_ind_home_Kennel_Layout_Temp_4_simple_text
                0x00059370                vt3_event_ind_home_Kennel_Layout_Temp_5_multibitmap
                0x00059384                vt3_event_ind_home_Kennel_Layout_Temp_5_Temp
                0x00059398                vt3_event_ind_home_Kennel_Layout_Temp_5_multitext
                0x000593ac                vt3_event_ind_home_Kennel_Layout_Temp_5_simple_text
                0x000593bc                vt3_event_ind_home_Kennel_Layout_Temp_6_multibitmap
                0x000593d0                vt3_event_ind_home_Kennel_Layout_Temp_6_Temp
                0x000593e4                vt3_event_ind_home_Kennel_Layout_Temp_6_multitext
                0x000593f8                vt3_event_ind_home_Kennel_Layout_Temp_6_simple_text
                0x00059408                vt3_event_ind_home_multitext
                0x0005941c                vt3_event_ind_home_simple_text
                0x0005942c                vt3_event_ind_screen_frame
                0x00059430                vt3_event_ind_screen_frame_screen_backlight
                0x00059444                vt3_event_ind_screen_frame_buzzer
                0x00059458                vt3_event_ind_screen_frame_keys_backlight
                0x0005946c                vt3_event_ind_setup
                0x00059e4c                vt3_event_ind_setup_Logo_multibitmap
                0x00059e58                vt3_event_ind_setup_AC_BG_1
                0x00059e6c                vt3_event_ind_setup_AC_BG_1_1
                0x00059e80                vt3_event_ind_setup_AC_BG_2
                0x00059e94                vt3_event_ind_setup_AC_BG_2_2
                0x00059ea8                vt3_event_ind_setup_AC_ac_setpoint_text
                0x00059eb8                vt3_event_ind_setup_AC_ac_sp_unit_text
                0x00059ecc                vt3_event_ind_setup_AC_ac_sp_degree_text
                0x00059edc                vt3_event_ind_setup_AC_ac_deadband_text
                0x00059eec                vt3_event_ind_setup_AC_ac_db_unit_text
                0x00059f00                vt3_event_ind_setup_AC_ac_db_degree_text
                0x00059f10                vt3_event_ind_setup_Heat_BG_3
                0x00059f24                vt3_event_ind_setup_Heat_BG_3_1
                0x00059f38                vt3_event_ind_setup_Heat_BG_4
                0x00059f4c                vt3_event_ind_setup_Heat_BG_4_1
                0x00059f60                vt3_event_ind_setup_Heat_heat_setpoint_text
                0x00059f70                vt3_event_ind_setup_Heat_heat_sp_unit_text
                0x00059f84                vt3_event_ind_setup_Heat_heat_sp_degree_text
                0x00059f94                vt3_event_ind_setup_Heat_heat_deadband_text
                0x00059fa4                vt3_event_ind_setup_Heat_heat_db_unit_text
                0x00059fb8                vt3_event_ind_setup_Heat_heat_db_degree_text
                0x00059fc8                vt3_event_ind_setup_HVAC_Alarms_BG_5
                0x00059fdc                vt3_event_ind_setup_HVAC_Alarms_BG_5_1
                0x00059ff0                vt3_event_ind_setup_HVAC_Alarms_BG_6
                0x0005a004                vt3_event_ind_setup_HVAC_Alarms_BG_6_1
                0x0005a018                vt3_event_ind_setup_HVAC_Alarms_lower_alarm_setpoint_text
                0x0005a028                vt3_event_ind_setup_HVAC_Alarms_lower_alarm_sp_unit_text
                0x0005a03c                vt3_event_ind_setup_HVAC_Alarms_lower_alarm_sp_degree_text
                0x0005a04c                vt3_event_ind_setup_HVAC_Alarms_upper_alarm_setpoint_text
                0x0005a05c                vt3_event_ind_setup_HVAC_Alarms_upper_alarm_setpoint_unit_text
                0x0005a070                vt3_event_ind_setup_HVAC_Alarms_upper_alarm_setpoint_degree_text
                0x0005a080                vt3_event_ind_setup_F10_Button
                0x0005a08c                vt3_event_ind_setup_F10_Text_1
                0x0005a09c                vt3_event_ind_setup_simple_text
                0x0005a0ac                vt3_event_ind_splash
                0x0005a120                vt3_event_ind_splash_multibitmap
                0x0005a12c                vt3_event_ind_setup_HVAC_Alarms_upper_alarm_setpoint_number
                0x0005a170                vt3_event_ind_setup_HVAC_Alarms_lower_alarm_setpoint_number
                0x0005a1b4                vt3_event_ind_setup_Heat_heat_deadband_number
                0x0005a1f8                vt3_event_ind_setup_Heat_heat_setpoint_number
                0x0005a23c                vt3_event_ind_setup_AC_ac_deadband_number
                0x0005a280                vt3_event_ind_setup_AC_ac_setpoint_number
 .text          0x0005a2c4        0x0 vt3_code/vt3_images.obj
 .text          0x0005a2c4      0xb0c vt3_code/vt3_disp.obj
                0x0005a2c4                vt3_trend_sampling_init
                0x0005a2c8                vt3_trend_sampling
                0x0005a2cc                vt3_draw_ind_splash
                0x0005a300                vt3_init_ind_splash
                0x0005a330                vt3_init_ind_setup
                0x0005a360                vt3_init_ind_screen_frame
                0x0005a390                vt3_init_ind_home
                0x0005a3c0                vt3_init_ind_camera
                0x0005a3f0                vt3_draw_ind_setup
                0x0005a624                vt3_draw_ind_screen_frame
                0x0005a768                vt3_draw_ind_home
                0x0005aa20                vt3_draw_ind_camera
                0x0005aa54                vt3_disp_init
                0x0005ac30                vt3_disp_draw
 .text          0x0005add0       0xa8 vt3_code/vt3_slaves.obj
                0x0005add0                vt3_initialize_io_slave_function_blocks
 .text          0x0005ae78        0x0 extra/vt3_extra.obj
 .text          0x0005ae78        0x0 C:/Users/hurdj00/Desktop/HARTST~1.1/code/Tera_7/__OBJE~1/vt3_extra.obj
 .text          0x0005ae78        0x0 C:/Users/hurdj00/Desktop/HARTST~1.1/code/Tera_7/__OBJE~1/vt3_POU__ARR_BYTE_version.obj
 .text          0x0005ae78       0x58 C:/Users/hurdj00/Desktop/HARTST~1.1/code/Tera_7/__OBJE~1/vt3_POU__BYTE_TO_ASCII.obj
                0x0005ae78                BYTE_TO_ASCII__call
                0x0005aea0                BYTE_TO_ASCII__init
 .text          0x0005aed0       0x54 C:/Users/hurdj00/Desktop/HARTST~1.1/code/Tera_7/__OBJE~1/vt3_POU__check_touchcalibration.obj
                0x0005aed0                check_touchcalibration
 .text          0x0005af24       0x48 C:/Users/hurdj00/Desktop/HARTST~1.1/code/Tera_7/__OBJE~1/vt3_POU__GET_POWER_FAIL.obj
                0x0005af24                GET_POWER_FAIL__call
                0x0005af4c                GET_POWER_FAIL__init
 .text          0x0005af6c       0xec C:/Users/hurdj00/Desktop/HARTST~1.1/code/Tera_7/__OBJE~1/vt3_POU__get_prj_version.obj
                0x0005af6c                get_prj_version__call
                0x0005afc0                get_prj_version__init
 .text          0x0005b058       0x6c C:/Users/hurdj00/Desktop/HARTST~1.1/code/Tera_7/__OBJE~1/vt3_POU__get_prj_version_byte.obj
                0x0005b058                get_prj_version_byte__call
                0x0005b0a4                get_prj_version_byte__init
 .text          0x0005b0c4       0x64 C:/Users/hurdj00/Desktop/HARTST~1.1/code/Tera_7/__OBJE~1/vt3_POU__INIT_BYTEARRAY_P.obj
                0x0005b0c4                INIT_BYTEARRAY_P__call
                0x0005b108                INIT_BYTEARRAY_P__init
 .text          0x0005b128       0xac C:/Users/hurdj00/Desktop/HARTST~1.1/code/Tera_7/__OBJE~1/vt3_POU__INIT_BYTEARRAY_R.obj
                0x0005b128                INIT_BYTEARRAY_R__call
                0x0005b1b4                INIT_BYTEARRAY_R__init
 .text          0x0005b1d4       0x7c C:/Users/hurdj00/Desktop/HARTST~1.1/code/Tera_7/__OBJE~1/vt3_POU__INIT_SD_USB.obj
                0x0005b1d4                INIT_SD_USB__call
                0x0005b230                INIT_SD_USB__init
 .text          0x0005b250       0x48 C:/Users/hurdj00/Desktop/HARTST~1.1/code/Tera_7/__OBJE~1/vt3_POU__lcdSetBlank.obj
                0x0005b250                lcdSetBlank__call
                0x0005b278                lcdSetBlank__init
 .text          0x0005b298       0x98 C:/Users/hurdj00/Desktop/HARTST~1.1/code/Tera_7/__OBJE~1/vt3_POU__mountSD.obj
                0x0005b298                mountSD
 .text          0x0005b330       0x4c C:/Users/hurdj00/Desktop/HARTST~1.1/code/Tera_7/__OBJE~1/vt3_POU__mountUSB.obj
                0x0005b330                mountUSB
 .text          0x0005b37c       0x44 C:/Users/hurdj00/Desktop/HARTST~1.1/code/Tera_7/__OBJE~1/vt3_POU__REBOOT.obj
                0x0005b37c                REBOOT__call
                0x0005b3a0                REBOOT__init
 .text          0x0005b3c0       0x28 C:/Users/hurdj00/Desktop/HARTST~1.1/code/Tera_7/__OBJE~1/vt3_POU__req_touchcalibration.obj
                0x0005b3c0                req_touchcalibration
 .text          0x0005b3e8       0x40 C:/Users/hurdj00/Desktop/HARTST~1.1/code/Tera_7/__OBJE~1/vt3_POU__SET_POWER_FAIL_SHUTDOWN.obj
                0x0005b3e8                SET_POWER_FAIL_SHUTDOWN__call
                0x0005b408                SET_POWER_FAIL_SHUTDOWN__init
 .text          0x0005b428       0x3c C:/Users/hurdj00/Desktop/HARTST~1.1/code/Tera_7/__OBJE~1/vt3_POU__SHUTDOWN.obj
                0x0005b428                SHUTDOWN__call
                0x0005b444                SHUTDOWN__init
 .text          0x0005b464        0x4 C:/Users/hurdj00/Desktop/HARTST~1.1/code/Tera_7/__OBJE~1/vt3_POU__ST_TRANSLATE.obj
                0x0005b464                ST_TRANSLATE
 .text          0x0005b468       0x34 C:/Users/hurdj00/Desktop/HARTST~1.1/code/Tera_7/__OBJE~1/vt3_POU__umountSD.obj
                0x0005b468                umountSD
 .text          0x0005b49c       0x34 C:/Users/hurdj00/Desktop/HARTST~1.1/code/Tera_7/__OBJE~1/vt3_POU__umountUSB.obj
                0x0005b49c                umountUSB
 .text          0x0005b4d0       0x7c C:/Users/hurdj00/Desktop/HARTST~1.1/code/Tera_7/__OBJE~1/vt3_POU__WRITE_EL.obj
                0x0005b4d0                WRITE_EL
 .text          0x0005b54c        0x0 C:/Users/hurdj00/Desktop/HARTST~1.1/code/Tera_7/__OBJE~1/vt3_POU__WRITE_EL_ENUM.obj
 .text          0x0005b54c      0x3a8 C:/Users/hurdj00/Desktop/HARTST~1.1/code/Tera_7/__OBJE~1/vt3_POU__WRITE_EL_PRIVATE.obj
                0x0005b54c                WRITE_EL_PRIVATE
 .text          0x0005b8f4       0x50 C:/Users/hurdj00/Desktop/HARTST~1.1/code/Tera_7/__OBJE~1/vt3_POU__WRITE_EL_TO_SD.obj
                0x0005b8f4                WRITE_EL_TO_SD__call
                0x0005b924                WRITE_EL_TO_SD__init
 .text          0x0005b944       0x50 C:/Users/hurdj00/Desktop/HARTST~1.1/code/Tera_7/__OBJE~1/vt3_POU__WRITE_EL_TO_USB.obj
                0x0005b944                WRITE_EL_TO_USB__call
                0x0005b974                WRITE_EL_TO_USB__init
 .text          0x0005b994      0x20c c:/progra~2/codeso~1/source~1/bin/../lib/gcc/arm-none-linux-gnueabi/4.4.1\libgcc.a(_udivsi3.o)
                0x0005b994                __aeabi_uidiv
                0x0005b994                __udivsi3
                0x0005bb80                __aeabi_uidivmod
 .text          0x0005bba0      0x240 c:/progra~2/codeso~1/source~1/bin/../lib/gcc/arm-none-linux-gnueabi/4.4.1\libgcc.a(_divsi3.o)
                0x0005bba0                __aeabi_idiv
                0x0005bba0                __divsi3
                0x0005bdc0                __aeabi_idivmod
 .text          0x0005bde0      0x3b8 c:/progra~2/codeso~1/source~1/bin/../lib/gcc/arm-none-linux-gnueabi/4.4.1\libgcc.a(_arm_addsubdf3.o)
                0x0005bde0                __aeabi_drsub
                0x0005bde8                __subdf3
                0x0005bde8                __aeabi_dsub
                0x0005bdec                __adddf3
                0x0005bdec                __aeabi_dadd
                0x0005c098                __aeabi_ui2d
                0x0005c098                __floatunsidf
                0x0005c0bc                __aeabi_i2d
                0x0005c0bc                __floatsidf
                0x0005c0e4                __aeabi_f2d
                0x0005c0e4                __extendsfdf2
                0x0005c124                __aeabi_ul2d
                0x0005c124                __floatundidf
                0x0005c138                __floatdidf
                0x0005c138                __aeabi_l2d
 .text          0x0005c198      0x470 c:/progra~2/codeso~1/source~1/bin/../lib/gcc/arm-none-linux-gnueabi/4.4.1\libgcc.a(_arm_muldivdf3.o)
                0x0005c198                __aeabi_dmul
                0x0005c198                __muldf3
                0x0005c404                __aeabi_ddiv
                0x0005c404                __divdf3
 .text          0x0005c608      0x12c c:/progra~2/codeso~1/source~1/bin/../lib/gcc/arm-none-linux-gnueabi/4.4.1\libgcc.a(_arm_cmpdf2.o)
                0x0005c608                __gedf2
                0x0005c608                __gtdf2
                0x0005c610                __ledf2
                0x0005c610                __ltdf2
                0x0005c618                __cmpdf2
                0x0005c618                __nedf2
                0x0005c618                __eqdf2
                0x0005c6a0                __aeabi_cdrcmple
                0x0005c6bc                __aeabi_cdcmple
                0x0005c6bc                __aeabi_cdcmpeq
                0x0005c6d0                __aeabi_dcmpeq
                0x0005c6e4                __aeabi_dcmplt
                0x0005c6f8                __aeabi_dcmple
                0x0005c70c                __aeabi_dcmpge
                0x0005c720                __aeabi_dcmpgt
 .text          0x0005c734       0x5c c:/progra~2/codeso~1/source~1/bin/../lib/gcc/arm-none-linux-gnueabi/4.4.1\libgcc.a(_arm_fixdfsi.o)
                0x0005c734                __aeabi_d2iz
                0x0005c734                __fixdfsi
 .text          0x0005c790       0x54 c:/progra~2/codeso~1/source~1/bin/../lib/gcc/arm-none-linux-gnueabi/4.4.1\libgcc.a(_arm_fixunsdfsi.o)
                0x0005c790                __aeabi_d2uiz
                0x0005c790                __fixunsdfsi
 .text          0x0005c7e4       0xa0 c:/progra~2/codeso~1/source~1/bin/../lib/gcc/arm-none-linux-gnueabi/4.4.1\libgcc.a(_arm_truncdfsf2.o)
                0x0005c7e4                __truncdfsf2
                0x0005c7e4                __aeabi_d2f
 .text          0x0005c884      0x250 c:/progra~2/codeso~1/source~1/bin/../lib/gcc/arm-none-linux-gnueabi/4.4.1\libgcc.a(_arm_addsubsf3.o)
                0x0005c884                __aeabi_frsub
                0x0005c88c                __subsf3
                0x0005c88c                __aeabi_fsub
                0x0005c890                __aeabi_fadd
                0x0005c890                __addsf3
                0x0005ca20                __aeabi_ui2f
                0x0005ca20                __floatunsisf
                0x0005ca28                __aeabi_i2f
                0x0005ca28                __floatsisf
                0x0005ca48                __floatundisf
                0x0005ca48                __aeabi_ul2f
                0x0005ca58                __aeabi_l2f
                0x0005ca58                __floatdisf
 .text          0x0005cad4      0x2f8 c:/progra~2/codeso~1/source~1/bin/../lib/gcc/arm-none-linux-gnueabi/4.4.1\libgcc.a(_arm_muldivsf3.o)
                0x0005cad4                __aeabi_fmul
                0x0005cad4                __mulsf3
                0x0005cc6c                __divsf3
                0x0005cc6c                __aeabi_fdiv
 .text          0x0005cdcc       0xfc c:/progra~2/codeso~1/source~1/bin/../lib/gcc/arm-none-linux-gnueabi/4.4.1\libgcc.a(_arm_cmpsf2.o)
                0x0005cdcc                __gtsf2
                0x0005cdcc                __gesf2
                0x0005cdd4                __ltsf2
                0x0005cdd4                __lesf2
                0x0005cddc                __eqsf2
                0x0005cddc                __cmpsf2
                0x0005cddc                __nesf2
                0x0005ce40                __aeabi_cfrcmple
                0x0005ce50                __aeabi_cfcmple
                0x0005ce50                __aeabi_cfcmpeq
                0x0005ce64                __aeabi_fcmpeq
                0x0005ce78                __aeabi_fcmplt
                0x0005ce8c                __aeabi_fcmple
                0x0005cea0                __aeabi_fcmpge
                0x0005ceb4                __aeabi_fcmpgt
 .text          0x0005cec8       0x5c c:/progra~2/codeso~1/source~1/bin/../lib/gcc/arm-none-linux-gnueabi/4.4.1\libgcc.a(_arm_fixsfsi.o)
                0x0005cec8                __aeabi_f2iz
                0x0005cec8                __fixsfsi
 .text          0x0005cf24       0x54 c:/progra~2/codeso~1/source~1/bin/../lib/gcc/arm-none-linux-gnueabi/4.4.1\libgcc.a(_arm_fixunssfsi.o)
                0x0005cf24                __fixunssfsi
                0x0005cf24                __aeabi_f2uiz
 .text          0x0005cf78       0x44 c:/progra~2/codeso~1/source~1/bin/../lib/gcc/arm-none-linux-gnueabi/4.4.1\libgcc.a(_aeabi_ldivmod.o)
                0x0005cf78                __aeabi_ldivmod
 .text          0x0005cfbc       0x3c c:/progra~2/codeso~1/source~1/bin/../lib/gcc/arm-none-linux-gnueabi/4.4.1\libgcc.a(_aeabi_uldivmod.o)
                0x0005cfbc                __aeabi_uldivmod
 .text          0x0005cff8       0x10 c:/progra~2/codeso~1/source~1/bin/../lib/gcc/arm-none-linux-gnueabi/4.4.1\libgcc.a(_dvmd_lnx.o)
                0x0005cff8                __aeabi_ldiv0
                0x0005cff8                __aeabi_idiv0
 .text          0x0005d008       0x40 c:/progra~2/codeso~1/source~1/bin/../lib/gcc/arm-none-linux-gnueabi/4.4.1\libgcc.a(_fixsfdi.o)
                0x0005d008                __fixsfdi
                0x0005d008                __aeabi_f2lz
 .text          0x0005d048       0x4c c:/progra~2/codeso~1/source~1/bin/../lib/gcc/arm-none-linux-gnueabi/4.4.1\libgcc.a(_fixdfdi.o)
                0x0005d048                __aeabi_d2lz
                0x0005d048                __fixdfdi
 .text          0x0005d094       0x60 c:/progra~2/codeso~1/source~1/bin/../lib/gcc/arm-none-linux-gnueabi/4.4.1\libgcc.a(_fixunssfdi.o)
                0x0005d094                __fixunssfdi
                0x0005d094                __aeabi_f2ulz
 .text          0x0005d0f4       0x5c c:/progra~2/codeso~1/source~1/bin/../lib/gcc/arm-none-linux-gnueabi/4.4.1\libgcc.a(_fixunsdfdi.o)
                0x0005d0f4                __fixunsdfdi
                0x0005d0f4                __aeabi_d2ulz
 .text          0x0005d150       0x80 c:/progra~2/codeso~1/source~1/bin/../lib/gcc/arm-none-linux-gnueabi/4.4.1\libgcc.a(bpabi.o)
                0x0005d150                __gnu_uldivmod_helper
                0x0005d190                __gnu_ldivmod_helper
 .text          0x0005d1d0      0x480 c:/progra~2/codeso~1/source~1/bin/../lib/gcc/arm-none-linux-gnueabi/4.4.1\libgcc.a(_divdi3.o)
                0x0005d1d0                __divdi3
 .text          0x0005d650      0x42c c:/progra~2/codeso~1/source~1/bin/../lib/gcc/arm-none-linux-gnueabi/4.4.1\libgcc.a(_udivdi3.o)
                0x0005d650                __udivdi3
 .text          0x0005da7c       0xd0 c:\progra~2\codeso~1\source~1\bin\../arm-none-linux-gnueabi/libc/usr/lib/libc_nonshared.a(elf-init.oS)
                0x0005da7c                __libc_csu_fini
                0x0005da80                __libc_csu_init
 *fill*         0x0005db4c        0x4 00000000
 .text          0x0005db50       0x10 c:\progra~2\codeso~1\source~1\bin\../arm-none-linux-gnueabi/libc/usr/lib/libc_nonshared.a(aeabi_read_tp.oS)
                0x0005db50                __aeabi_read_tp
 .text          0x0005db60        0x0 c:/progra~2/codeso~1/source~1/bin/../lib/gcc/arm-none-linux-gnueabi/4.4.1/crtend.o
 .text          0x0005db60        0x0 c:/progra~2/codeso~1/source~1/bin/../arm-none-linux-gnueabi/libc/usr/lib/crtn.o
 *(.gnu.warning)
 *(.glue_7t)
 .glue_7t       0x00000000        0x0 linker stubs
 *(.glue_7)
 .glue_7        0x00000000        0x0 linker stubs
 *(.vfp11_veneer)
 .vfp11_veneer  0x00000000        0x0 linker stubs
 *(.v4_bx)
 .v4_bx         0x00000000        0x0 linker stubs

.fini           0x0005db60        0x8
 *(.fini)
 .fini          0x0005db60        0x4 c:/progra~2/codeso~1/source~1/bin/../arm-none-linux-gnueabi/libc/usr/lib/crti.o
                0x0005db60                _fini
 .fini          0x0005db64        0x4 c:/progra~2/codeso~1/source~1/bin/../arm-none-linux-gnueabi/libc/usr/lib/crtn.o
                0x0005db68                PROVIDE (__etext, .)
                0x0005db68                PROVIDE (_etext, .)
                0x0005db68                PROVIDE (etext, .)

.rodata         0x0005db68     0x61f0
 *(.rodata .rodata.* .gnu.linkonce.r.*)
 .rodata.cst4   0x0005db68        0x4 c:/progra~2/codeso~1/source~1/bin/../arm-none-linux-gnueabi/libc/usr/lib/crt1.o
                0x0005db68                _IO_stdin_used