Archive member included because of file (symbol)

C:\Program Files (x86)\VT3_8912\VT3\resources\targets\TERA7\lib/\vt3_runtime\libvt3_runtime.a(vt3_main.obj)
                              c:/progra~2/codeso~1/source~1/bin/../arm-none-linux-gnueabi/libc/usr/lib/crt1.o (main)
C:\Program Files (x86)\VT3_8912\VT3\resources\targets\TERA7\lib/\vt3_runtime\libvt3_runtime.a(vt3_pdf.obj)
                              C:\Program Files (x86)\VT3_8912\VT3\resources\targets\TERA7\lib/\vt3_runtime\libvt3_runtime.a(vt3_main.obj) (vt3_sdcard_mount_async)
C:\Program Files (x86)\VT3_8912\VT3\resources\targets\TERA7\lib/\vt3_runtime\libvt3_runtime.a(vt3_slaves.obj)
                              C:\Program Files (x86)\VT3_8912\VT3\resources\targets\TERA7\lib/\vt3_runtime\libvt3_runtime.a(vt3_main.obj) (vt3_slaves_reference)
C:\Program Files (x86)\VT3_8912\VT3\resources\targets\TERA7\lib/\vt3_runtime\libvt3_runtime.a(vt3_stats.obj)
                              C:\Program Files (x86)\VT3_8912\VT3\resources\targets\TERA7\lib/\vt3_runtime\libvt3_runtime.a(vt3_main.obj) (GetVt3CpuStatistics)
C:\Program Files (x86)\VT3_8912\VT3\resources\targets\TERA7\lib/\vt3_runtime\libvt3_runtime.a(vt3_task.obj)
                              C:\Program Files (x86)\VT3_8912\VT3\resources\targets\TERA7\lib/\vt3_runtime\libvt3_runtime.a(vt3_main.obj) (timespec_sub)
C:\Program Files (x86)\VT3_8912\VT3\resources\targets\TERA7\lib/\vt3_runtime\libvt3_runtime.a(vt3_trend.obj)
                              C:\Program Files (x86)\VT3_8912\VT3\resources\targets\TERA7\lib/\vt3_runtime\libvt3_runtime.a(vt3_main.obj) (vt3_trend_reference)
C:\Program Files (x86)\VT3_8912\VT3\resources\targets\TERA7\lib/\vt3_runtime\libvt3_runtime.a(vt3_watchdog.obj)
                              C:\Program Files (x86)\VT3_8912\VT3\resources\targets\TERA7\lib/\vt3_runtime\libvt3_runtime.a(vt3_main.obj) (vt3_watchdog_monitor)
C:\Program Files (x86)\VT3_8912\VT3\resources\targets\TERA7\lib/\vt3_runtime\libvt3_runtime.a(akima_interpolator.obj)
                              C:\Program Files (x86)\VT3_8912\VT3\resources\targets\TERA7\lib/\vt3_runtime\libvt3_runtime.a(vt3_trend.obj) (akima_interpolator_free)
C:\Program Files (x86)\VT3_8912\VT3\resources\targets\TERA7\lib/\vt3_runtime\libvt3_runtime.a(ieclib.obj)
                              C:\Program Files (x86)\VT3_8912\VT3\resources\targets\TERA7\lib/\vt3_runtime\libvt3_runtime.a(vt3_main.obj) (vt3_fix_string_sizes)
C:\Program Files (x86)\VT3_8912\VT3\resources\targets\TERA7\lib/\vt3_runtime\libvt3_runtime.a(lcd_dfb.obj)
                              C:\Program Files (x86)\VT3_8912\VT3\resources\targets\TERA7\lib/\vt3_runtime\libvt3_runtime.a(vt3_pdf.obj) (getSuperDFB)
C:\Program Files (x86)\VT3_8912\VT3\resources\targets\TERA7\lib/\vt3_runtime\libvt3_runtime.a(vt3_can_j1939.obj)
                              C:\Program Files (x86)\VT3_8912\VT3\resources\targets\TERA7\lib/\vt3_runtime\libvt3_runtime.a(vt3_main.obj) (vt3_j1939_connection_manager)
C:\Program Files (x86)\VT3_8912\VT3\resources\targets\TERA7\lib/\vt3_runtime\libvt3_runtime.a(vt3_can_j1939_network.obj)
                              C:\Program Files (x86)\VT3_8912\VT3\resources\targets\TERA7\lib/\vt3_runtime\libvt3_runtime.a(vt3_can_j1939.obj) (vt3_j1939_ac_is_address_claimed)
C:\Program Files (x86)\VT3_8912\VT3\resources\targets\TERA7\lib/\vt3_runtime\libvt3_runtime.a(vt3_canlib.obj)
                              C:\Program Files (x86)\VT3_8912\VT3\resources\targets\TERA7\lib/\vt3_runtime\libvt3_runtime.a(vt3_main.obj) (vt3_check_alive_nodes)
C:\Program Files (x86)\VT3_8912\VT3\resources\targets\TERA7\lib/\vt3_runtime\libvt3_runtime.a(vt3_canlib_testable.obj)
                              C:\Program Files (x86)\VT3_8912\VT3\resources\targets\TERA7\lib/\vt3_runtime\libvt3_runtime.a(vt3_canlib.obj) (vt3_apply_cobid_change)
C:\Program Files (x86)\VT3_8912\VT3\resources\targets\TERA7\lib/\vt3_runtime\libvt3_runtime.a(vt3_elog.obj)
                              C:\Program Files (x86)\VT3_8912\VT3\resources\targets\TERA7\lib/\vt3_runtime\libvt3_runtime.a(vt3_canlib.obj) (ALM_login_state)
C:\Program Files (x86)\VT3_8912\VT3\resources\targets\TERA7\lib/\vt3_runtime\libvt3_runtime.a(vt3_lcd_3b6.obj)
                              C:\Program Files (x86)\VT3_8912\VT3\resources\targets\TERA7\lib/\vt3_runtime\libvt3_runtime.a(vt3_main.obj) (vt3_release_shaped_strings_from_cache)
C:\Program Files (x86)\VT3_8912\VT3\resources\targets\TERA7\lib/\vt3_runtime\libvt3_runtime.a(vt3_lcd_magnifier.obj)
                              C:\Program Files (x86)\VT3_8912\VT3\resources\targets\TERA7\lib/\vt3_runtime\libvt3_runtime.a(vt3_main.obj) (vt3_draw_indicator_Magnifier)
C:\Program Files (x86)\VT3_8912\VT3\resources\targets\TERA7\lib/\vt3_runtime\libvt3_runtime.a(vt3_lcd_tl.obj)
                              C:\Program Files (x86)\VT3_8912\VT3\resources\targets\TERA7\lib/\vt3_runtime\libvt3_runtime.a(vt3_main.obj) (vt3_virtual_keyboard_key_handler)
[...]
Memory Configuration

Name             Origin             Length             Attributes
*default*        0x00000000         0xffffffff

Linker script and memory map

LOAD c:/progra~2/codeso~1/source~1/bin/../arm-none-linux-gnueabi/libc/usr/lib/crt1.o
LOAD c:/progra~2/codeso~1/source~1/bin/../arm-none-linux-gnueabi/libc/usr/lib/crti.o
LOAD c:/progra~2/codeso~1/source~1/bin/../lib/gcc/arm-none-linux-gnueabi/4.4.1/crtbegin.o
LOAD c:/progra~2/codeso~1/source~1/bin/../arm-none-linux-gnueabi/libc/usr/lib/librt.so
LOAD C:\Program Files (x86)\VT3_8912\VT3\resources\targets\TERA7\lib/\vt3_runtime/libdirectfb.so
LOAD C:\Program Files (x86)\VT3_8912\VT3\resources\targets\TERA7\lib/\vt3_runtime/libz.so
LOAD C:\Program Files (x86)\VT3_8912\VT3\resources\targets\TERA7\lib/\vt3_runtime/libfusion.so
LOAD C:\Program Files (x86)\VT3_8912\VT3\resources\targets\TERA7\lib/\vt3_runtime/libdirect.so
LOAD c:/progra~2/codeso~1/source~1/bin/../arm-none-linux-gnueabi/libc/usr/lib/libpthread.so
START GROUP
LOAD c:\progra~2\codeso~1\source~1\bin\../arm-none-linux-gnueabi/libc/lib/libpthread.so.0
LOAD c:\progra~2\codeso~1\source~1\bin\../arm-none-linux-gnueabi/libc/usr/lib/libpthread_nonshared.a
END GROUP
LOAD C:\Program Files (x86)\VT3_8912\VT3\resources\targets\TERA7\lib/\vt3_runtime/libfreetype.so
LOAD C:\Program Files (x86)\VT3_8912\VT3\resources\targets\TERA7\lib//vt3_runtime/harfbuzz_fribidi_wrapper_empty.o
LOAD C:\Program Files (x86)\VT3_8912\VT3\resources\targets\TERA7\lib/\vt3_runtime\libvt3_runtime.a
LOAD c:/progra~2/codeso~1/source~1/bin/../arm-none-linux-gnueabi/libc/usr/lib/libm.so
LOAD vt3_code/vt3_lang.obj
LOAD vt3_code/vt3_fonts.obj
LOAD vt3_code/vt3_IO.obj
LOAD vt3_code/vt3_alarms.obj
LOAD vt3_code/vt3_POU__iocore_data.obj
LOAD vt3_code/vt3_POU__global_data.obj
LOAD vt3_code/vt3_POU__setup_data.obj
LOAD vt3_code/vt3_POU__splash_data.obj
LOAD vt3_code/vt3_POU__home_data.obj
LOAD vt3_code/vt3_POU__PLC_PRG.obj
LOAD vt3_code/vt3_POU__assignIO.obj
LOAD vt3_code/vt3_POU__doBrightness.obj
LOAD vt3_code/vt3_POU__usbUpdate.obj
LOAD vt3_code/vt3_POU__outputs.obj
LOAD vt3_code/vt3_POU__task100.obj
LOAD vt3_code/vt3_POU__slaveConfig.obj
LOAD vt3_code/vt3_POU__slaveConfigFB_CPU0.obj
LOAD vt3_code/vt3_POU__slaveConfigFB_CPU1.obj
LOAD vt3_code/vt3_POU__interpol.obj
LOAD vt3_code/vt3_POU_common.obj
LOAD vt3_code/vt3_vars.obj
LOAD vt3_code/vt3_var_version.obj
LOAD vt3_code/vt3_init_persistent_p_array.obj
LOAD vt3_code/vt3_init_persistent_r_array.obj
LOAD vt3_code/vt3_init_persistent_f_array.obj
LOAD vt3_code/vt3_CAN__CanInterface.obj
LOAD vt3_code/vt3_CAN_common.obj
LOAD vt3_code/vt3_signature.obj
LOAD vt3_code/vt3_disp_events.obj
LOAD vt3_code/vt3_images.obj
LOAD vt3_code/vt3_disp.obj
LOAD vt3_code/vt3_slaves.obj
LOAD extra/vt3_extra.obj
LOAD C:/Users/ashlc00/Desktop/Hartstra/HARTST~1/code/Tera_7/__OBJE~1/vt3_extra.obj
LOAD C:/Users/ashlc00/Desktop/Hartstra/HARTST~1/code/Tera_7/__OBJE~1/vt3_POU__ARR_BYTE_version.obj
LOAD C:/Users/ashlc00/Desktop/Hartstra/HARTST~1/code/Tera_7/__OBJE~1/vt3_POU__BYTE_TO_ASCII.obj
LOAD C:/Users/ashlc00/Desktop/Hartstra/HARTST~1/code/Tera_7/__OBJE~1/vt3_POU__check_touchcalibration.obj
LOAD C:/Users/ashlc00/Desktop/Hartstra/HARTST~1/code/Tera_7/__OBJE~1/vt3_POU__GET_POWER_FAIL.obj
LOAD C:/Users/ashlc00/Desktop/Hartstra/HARTST~1/code/Tera_7/__OBJE~1/vt3_POU__get_prj_version.obj
LOAD C:/Users/ashlc00/Desktop/Hartstra/HARTST~1/code/Tera_7/__OBJE~1/vt3_POU__get_prj_version_byte.obj
LOAD C:/Users/ashlc00/Desktop/Hartstra/HARTST~1/code/Tera_7/__OBJE~1/vt3_POU__INIT_BYTEARRAY_P.obj
LOAD C:/Users/ashlc00/Desktop/Hartstra/HARTST~1/code/Tera_7/__OBJE~1/vt3_POU__INIT_BYTEARRAY_R.obj
LOAD C:/Users/ashlc00/Desktop/Hartstra/HARTST~1/code/Tera_7/__OBJE~1/vt3_POU__INIT_SD_USB.obj
LOAD C:/Users/ashlc00/Desktop/Hartstra/HARTST~1/code/Tera_7/__OBJE~1/vt3_POU__lcdSetBlank.obj
LOAD C:/Users/ashlc00/Desktop/Hartstra/HARTST~1/code/Tera_7/__OBJE~1/vt3_POU__mountSD.obj
LOAD C:/Users/ashlc00/Desktop/Hartstra/HARTST~1/code/Tera_7/__OBJE~1/vt3_POU__mountUSB.obj
LOAD C:/Users/ashlc00/Desktop/Hartstra/HARTST~1/code/Tera_7/__OBJE~1/vt3_POU__REBOOT.obj
LOAD C:/Users/ashlc00/Desktop/Hartstra/HARTST~1/code/Tera_7/__OBJE~1/vt3_POU__req_touchcalibration.obj
LOAD C:/Users/ashlc00/Desktop/Hartstra/HARTST~1/code/Tera_7/__OBJE~1/vt3_POU__SET_POWER_FAIL_SHUTDOWN.obj
LOAD C:/Users/ashlc00/Desktop/Hartstra/HARTST~1/code/Tera_7/__OBJE~1/vt3_POU__SHUTDOWN.obj
LOAD C:/Users/ashlc00/Desktop/Hartstra/HARTST~1/code/Tera_7/__OBJE~1/vt3_POU__ST_TRANSLATE.obj
LOAD C:/Users/ashlc00/Desktop/Hartstra/HARTST~1/code/Tera_7/__OBJE~1/vt3_POU__umountSD.obj
LOAD C:/Users/ashlc00/Desktop/Hartstra/HARTST~1/code/Tera_7/__OBJE~1/vt3_POU__umountUSB.obj
LOAD C:/Users/ashlc00/Desktop/Hartstra/HARTST~1/code/Tera_7/__OBJE~1/vt3_POU__WRITE_EL.obj
LOAD C:/Users/ashlc00/Desktop/Hartstra/HARTST~1/code/Tera_7/__OBJE~1/vt3_POU__WRITE_EL_ENUM.obj
LOAD C:/Users/ashlc00/Desktop/Hartstra/HARTST~1/code/Tera_7/__OBJE~1/vt3_POU__WRITE_EL_PRIVATE.obj
LOAD C:/Users/ashlc00/Desktop/Hartstra/HARTST~1/code/Tera_7/__OBJE~1/vt3_POU__WRITE_EL_TO_SD.obj
LOAD C:/Users/ashlc00/Desktop/Hartstra/HARTST~1/code/Tera_7/__OBJE~1/vt3_POU__WRITE_EL_TO_USB.obj
LOAD c:/progra~2/codeso~1/source~1/bin/../lib/gcc/arm-none-linux-gnueabi/4.4.1\libgcc.a
LOAD c:/progra~2/codeso~1/source~1/bin/../arm-none-linux-gnueabi/libc/lib/libgcc_s.so
LOAD c:/progra~2/codeso~1/source~1/bin/../arm-none-linux-gnueabi/libc/usr/lib/libc.so
START GROUP
LOAD c:\progra~2\codeso~1\source~1\bin\../arm-none-linux-gnueabi/libc/lib/libc.so.6
LOAD c:\progra~2\codeso~1\source~1\bin\../arm-none-linux-gnueabi/libc/usr/lib/libc_nonshared.a
LOAD c:\progra~2\codeso~1\source~1\bin\../arm-none-linux-gnueabi/libc/lib/ld-linux.so.3
END GROUP
LOAD c:/progra~2/codeso~1/source~1/bin/../lib/gcc/arm-none-linux-gnueabi/4.4.1\libgcc.a
LOAD c:/progra~2/codeso~1/source~1/bin/../arm-none-linux-gnueabi/libc/lib/libgcc_s.so
LOAD c:/progra~2/codeso~1/source~1/bin/../lib/gcc/arm-none-linux-gnueabi/4.4.1/crtend.o
LOAD c:/progra~2/codeso~1/source~1/bin/../arm-none-linux-gnueabi/libc/usr/lib/crtn.o
                0x00008000                PROVIDE (__executable_start, 0x8000)
                0x00008154                . = (0x8000 + SIZEOF_HEADERS)

.interp         0x00008154       0x13
 *(.interp)
 .interp        0x00008154       0x13 c:/progra~2/codeso~1/source~1/bin/../arm-none-linux-gnueabi/libc/usr/lib/crti.o

.note.ABI-tag   0x00008168       0x20
 .note.ABI-tag  0x00008168       0x20 c:/progra~2/codeso~1/source~1/bin/../arm-none-linux-gnueabi/libc/usr/lib/crt1.o

.note.gnu.build-id
 *(.note.gnu.build-id)

.hash           0x00008188      0x484
 *(.hash)
 .hash          0x00008188      0x484 c:/progra~2/codeso~1/source~1/bin/../arm-none-linux-gnueabi/libc/usr/lib/crti.o

.gnu.hash
 *(.gnu.hash)

.dynsym         0x0000860c      0x9c0
 *(.dynsym)
 .dynsym        0x0000860c      0x9c0 c:/progra~2/codeso~1/source~1/bin/../arm-none-linux-gnueabi/libc/usr/lib/crti.o

.dynstr         0x00008fcc      0x5e7
 *(.dynstr)
 .dynstr        0x00008fcc      0x5e7 c:/progra~2/codeso~1/source~1/bin/../arm-none-linux-gnueabi/libc/usr/lib/crti.o

.gnu.version    0x000095b4      0x138
 *(.gnu.version)
 .gnu.version   0x000095b4      0x138 c:/progra~2/codeso~1/source~1/bin/../arm-none-linux-gnueabi/libc/usr/lib/crti.o

.gnu.version_d  0x000096ec        0x0
 *(.gnu.version_d)
 .gnu.version_d
                0x00000000        0x0 c:/progra~2/codeso~1/source~1/bin/../arm-none-linux-gnueabi/libc/usr/lib/crti.o

.gnu.version_r  0x000096ec       0xa0
 *(.gnu.version_r)
 .gnu.version_r
                0x000096ec       0xa0 c:/progra~2/codeso~1/source~1/bin/../arm-none-linux-gnueabi/libc/usr/lib/crti.o

.rel.dyn        0x0000978c       0x18
 *(.rel.init)
 *(.rel.text .rel.text.* .rel.gnu.linkonce.t.*)
 *(.rel.fini)
 *(.rel.rodata .rel.rodata.* .rel.gnu.linkonce.r.*)
 *(.rel.data.rel.ro* .rel.gnu.linkonce.d.rel.ro.*)
 *(.rel.data .rel.data.* .rel.gnu.linkonce.d.*)
 *(.rel.tdata .rel.tdata.* .rel.gnu.linkonce.td.*)
 *(.rel.tbss .rel.tbss.* .rel.gnu.linkonce.tb.*)
 *(.rel.ctors)
 *(.rel.dtors)
 *(.rel.got)
 .rel.got       0x0000978c        0x8 c:/progra~2/codeso~1/source~1/bin/../arm-none-linux-gnueabi/libc/usr/lib/crti.o
 *(.rel.bss .rel.bss.* .rel.gnu.linkonce.b.*)
 .rel.bss       0x00009794       0x10 c:/progra~2/codeso~1/source~1/bin/../arm-none-linux-gnueabi/libc/usr/lib/crti.o
 *(.rel.ifunc)

.rela.dyn
 *(.rela.init)
 *(.rela.text .rela.text.* .rela.gnu.linkonce.t.*)
 *(.rela.fini)
 *(.rela.rodata .rela.rodata.* .rela.gnu.linkonce.r.*)
 *(.rela.data .rela.data.* .rela.gnu.linkonce.d.*)
 *(.rela.tdata .rela.tdata.* .rela.gnu.linkonce.td.*)
 *(.rela.tbss .rela.tbss.* .rela.gnu.linkonce.tb.*)
 *(.rela.ctors)
 *(.rela.dtors)
 *(.rela.got)
 *(.rela.bss .rela.bss.* .rela.gnu.linkonce.b.*)
 *(.rela.ifunc)

.rel.plt        0x000097a4      0x430
 *(.rel.plt)
 .rel.plt       0x000097a4      0x430 c:/progra~2/codeso~1/source~1/bin/../arm-none-linux-gnueabi/libc/usr/lib/crti.o
                0x00009bd4                PROVIDE (__rel_iplt_start, .)
 *(.rel.iplt)
                0x00009bd4                PROVIDE (__rel_iplt_end, .)

.rela.plt       0x00009bd4        0x0
 *(.rela.plt)
                0x00009bd4                PROVIDE (__rela_iplt_start, .)
 *(.rela.iplt)
                0x00009bd4                PROVIDE (__rela_iplt_end, .)

.init           0x00009bd4        0xc
 *(.init)
 .init          0x00009bd4        0x8 c:/progra~2/codeso~1/source~1/bin/../arm-none-linux-gnueabi/libc/usr/lib/crti.o
                0x00009bd4                _init
 .init          0x00009bdc        0x4 c:/progra~2/codeso~1/source~1/bin/../arm-none-linux-gnueabi/libc/usr/lib/crtn.o

.plt            0x00009be0      0x65c
 *(.plt)
 .plt           0x00009be0      0x65c c:/progra~2/codeso~1/source~1/bin/../arm-none-linux-gnueabi/libc/usr/lib/crti.o
                0x00009bf4                open@@GLIBC_2.4
                0x00009c00                sync@@GLIBC_2.4
                0x00009c0c                tanf@@GLIBC_2.4
                0x00009c18                mkdir@@GLIBC_2.4
                0x00009c24                localtime_r@@GLIBC_2.4
                0x00009c30                abort@@GLIBC_2.4
                0x00009c3c                localtime@@GLIBC_2.4
                0x00009c48                pthread_attr_getschedparam@@GLIBC_2.4
                0x00009c54                memcmp@@GLIBC_2.4
                0x00009c60                DirectFBSetOption
                0x00009c6c                clock_gettime@@GLIBC_2.4
                0x00009c78                __xstat@@GLIBC_2.4
                0x00009c84                __libc_start_main@@GLIBC_2.4
                0x00009c90                lround@@GLIBC_2.4
                0x00009c9c                signal@@GLIBC_2.4
                0x00009ca8                __isinf@@GLIBC_2.4
                0x00009cb4                asin@@GLIBC_2.4
                0x00009cc0                msgget@@GLIBC_2.4
                0x00009ccc                __lxstat@@GLIBC_2.4
                0x00009cd8                pthread_attr_setschedpolicy@@GLIBC_2.4
                0x00009cf0                sqrtf@@GLIBC_2.4
                0x00009cfc                pow@@GLIBC_2.4
                0x00009d08                strncpy@@GLIBC_2.4
                0x00009d14                fclose@@GLIBC_2.4
                0x00009d20                fgets@@GLIBC_2.4
                0x00009d2c                strtod@@GLIBC_2.4
                0x00009d38                system@@GLIBC_2.4
                0x00009d44                strchr@@GLIBC_2.4
                0x00009d50                strcasecmp@@GLIBC_2.4
                0x00009d5c                msgctl@@GLIBC_2.4
                0x00009d68                pclose@@GLIBC_2.4
                0x00009d74                pthread_cond_wait@@GLIBC_2.4
                0x00009d80                sincos@@GLIBC_2.4
                0x00009d8c                fopen@@GLIBC_2.4
                0x00009d98                shmat@@GLIBC_2.4
                0x00009da4                sched_get_priority_max@@GLIBC_2.4
                0x00009db0                memset@@GLIBC_2.4
                0x00009dbc                strrchr@@GLIBC_2.4
                0x00009dc8                pthread_attr_setschedparam@@GLIBC_2.4
                0x00009dd4                perror@@GLIBC_2.4
                0x00009de0                strtoll@@GLIBC_2.4
                0x00009dec                floor@@GLIBC_2.4
                0x00009df8                chmod@@GLIBC_2.4
                0x00009e04                __assert_fail@@GLIBC_2.4
                0x00009e10                exp@@GLIBC_2.4
                0x00009e1c                asinf@@GLIBC_2.4
                0x00009e28                usleep@@GLIBC_2.4
                0x00009e34                msgsnd@@GLIBC_2.4
                0x00009e40                sqrt@@GLIBC_2.4
                0x00009e4c                strtoull@@GLIBC_2.4
                0x00009e58                free@@GLIBC_2.4
                0x00009e64                read@@GLIBC_2.4
                0x00009e70                write@@GLIBC_2.4
                0x00009e7c                DirectFBCreate
                0x00009e88                atan@@GLIBC_2.4
                0x00009e94                access@@GLIBC_2.4
                0x00009ea0                fseek@@GLIBC_2.4
                0x00009eac                bsearch@@GLIBC_2.4
                0x00009eb8                pthread_mutex_unlock@@GLIBC_2.4
                0x00009ec4                atanf@@GLIBC_2.4
                0x00009ed0                round@@GLIBC_2.4
                0x00009edc                fflush@@GLIBC_2.4
                0x00009ee8                ioctl@@GLIBC_2.4
                0x00009ef4                DirectFBError
                0x00009f00                pthread_mutex_lock@@GLIBC_2.4
                0x00009f0c                strlen@@GLIBC_2.4
                0x00009f18                unlink@@GLIBC_2.4
                0x00009f24                strtoul@@GLIBC_2.4
                0x00009f30                pthread_create@@GLIBC_2.4
                0x00009f3c                execv@@GLIBC_2.4
                0x00009f48                memcpy@@GLIBC_2.4
                0x00009f54                pthread_cond_signal@@GLIBC_2.4
                0x00009f60                acos@@GLIBC_2.4
                0x00009f6c                feof@@GLIBC_2.4
                0x00009f78                ftell@@GLIBC_2.4
                0x00009f84                strtol@@GLIBC_2.4
                0x00009f90                strcpy@@GLIBC_2.4
                0x00009f9c                waitpid@@GLIBC_2.4
                0x00009fa8                printf@@GLIBC_2.4
                0x00009fb4                raise@@GLIBC_2.4
                0x00009fc0                pthread_mutex_init@@GLIBC_2.4
                0x00009fcc                fdopen@@GLIBC_2.4
                0x00009fd8                strstr@@GLIBC_2.4
                0x00009fe4                close@@GLIBC_2.4
                0x00009ff0                fwrite@@GLIBC_2.4
                0x00009ffc                time@@GLIBC_2.4
                0x0000a008                acosf@@GLIBC_2.4
                0x0000a014                log10@@GLIBC_2.4
                0x0000a020                __ctype_b_loc@@GLIBC_2.4
                0x0000a02c                fprintf@@GLIBC_2.4
                0x0000a038                log10f@@GLIBC_2.4
                0x0000a044                malloc@@GLIBC_2.4
                0x0000a050                error@@GLIBC_2.4
                0x0000a05c                chdir@@GLIBC_2.4
                0x0000a068                pthread_attr_init@@GLIBC_2.4
                0x0000a074                fputc@@GLIBC_2.4
                0x0000a080                __isinff@@GLIBC_2.4
                0x0000a08c                strtok@@GLIBC_2.4
                0x0000a098                ftruncate@@GLIBC_2.4
                0x0000a0a4                sleep@@GLIBC_2.4
                0x0000a0b0                strcat@@GLIBC_2.4
                0x0000a0bc                popen@@GLIBC_2.4
                0x0000a0c8                dup2@@GLIBC_2.4
                0x0000a0d4                puts@@GLIBC_2.4
                0x0000a0e0                log@@GLIBC_2.4
                0x0000a0ec                getpid@@GLIBC_2.4
                0x0000a0f8                fcntl@@GLIBC_2.4
                0x0000a104                fork@@GLIBC_2.4
                0x0000a110                lseek@@GLIBC_2.4
                0x0000a11c                tan@@GLIBC_2.4
                0x0000a128                snprintf@@GLIBC_2.4
                0x0000a134                fread@@GLIBC_2.4
                0x0000a140                pthread_cond_init@@GLIBC_2.4
                0x0000a14c                strncmp@@GLIBC_2.4
                0x0000a158                msgrcv@@GLIBC_2.4
                0x0000a164                kill@@GLIBC_2.4
                0x0000a170                nanosleep@@GLIBC_2.4
                0x0000a17c                realloc@@GLIBC_2.4
                0x0000a188                pipe@@GLIBC_2.4
                0x0000a194                __strdup@@GLIBC_2.4
                0x0000a1a0                lroundf@@GLIBC_2.4
                0x0000a1ac                DirectFBInit
                0x0000a1b8                strcmp@@GLIBC_2.4
                0x0000a1c4                exit@@GLIBC_2.4
                0x0000a1d0                logf@@GLIBC_2.4
                0x0000a1dc                __errno_location@@GLIBC_2.4
                0x0000a1e8                pthread_self@@GLIBC_2.4
                0x0000a1f4                DirectFBErrorFatal
                0x0000a200                ceil@@GLIBC_2.4
                0x0000a20c                sprintf@@GLIBC_2.4
                0x0000a218                pthread_join@@GLIBC_2.4
                0x0000a224                getpagesize@@GLIBC_2.4
                0x0000a230                shmget@@GLIBC_2.4
 *(.iplt)

.text           0x0000a240    0x6ece0
 *(.text .stub .text.* .gnu.linkonce.t.*)
 .text          0x0000a240       0x3c c:/progra~2/codeso~1/source~1/bin/../arm-none-linux-gnueabi/libc/usr/lib/crt1.o
                0x0000a240                _start
 .text          0x0000a27c       0x24 c:/progra~2/codeso~1/source~1/bin/../arm-none-linux-gnueabi/libc/usr/lib/crti.o
 .text          0x0000a2a0       0x4c c:/progra~2/codeso~1/source~1/bin/../lib/gcc/arm-none-linux-gnueabi/4.4.1/crtbegin.o
 .text          0x0000a2ec       0x18 C:\Program Files (x86)\VT3_8912\VT3\resources\targets\TERA7\lib//vt3_runtime/harfbuzz_fribidi_wrapper_empty.o
                0x0000a2ec                LIBHBFB_get_shaped_string_parameters
                0x0000a2f4                LIBHBFB_call_fribidi_algorithm
                0x0000a2fc                LIBHBFB_shaping_is_needed
 .text          0x0000a304     0x2040 C:\Program Files (x86)\VT3_8912\VT3\resources\targets\TERA7\lib/\vt3_runtime\libvt3_runtime.a(vt3_main.obj)
                0x0000a454                load_bytearray_F
                0x0000a458                save_bytearray_F
                0x0000a460                InitBuzzerIntensity
                0x0000a484                ReduceBuzzerIntensity
                0x0000a4bc                InitExternalBuzzer
                0x0000a4d8                InitExternalBuzzerExt
                0x0000a4f0                SetPowerFailShutDown
                0x0000a500                GetPowerFail
                0x0000a510                SetBacklight
                0x0000a530                GetLightSensorValue
                0x0000a664                InitLightSensor
                0x0000a77c                idle_task_keep_alive
                0x0000a7e4                vt3_make_sure_to_link_magnifier_NOT_CALLED
                0x0000a908                save_bytearray_R
                0x0000aae4                save_bytearray_P
                0x0000abbc                load_bytearray_P
                0x0000ae4c                load_bytearray_R
                0x0000b1e0                SetKeysBacklight
                0x0000b480                ShutDown
                0x0000b498                SetFan
                0x0000b51c                main
                0x0000bb0c                SetExternalBuzzer
                0x0000bc14                SetBuzzerWithIntensity
                0x0000c1c0                SetBuzzer
 .text          0x0000c344     0x2504 C:\Program Files (x86)\VT3_8912\VT3\resources\targets\TERA7\lib/\vt3_runtime\libvt3_runtime.a(vt3_pdf.obj)
                0x0000c344                vt3_PdfViewer_is_touch_point_inside
                0x0000c410                vt3_load_pdf_from_usb_to_sd_get_status
                0x0000c4d8                vt3_load_pdf_from_usb_to_sd_start
                0x0000c904                vt3_sdcard_mount_async
                0x0000cb84                vt3_draw_indicator_PdfViewer
 .text          0x0000e848      0xe5c C:\Program Files (x86)\VT3_8912\VT3\resources\targets\TERA7\lib/\vt3_runtime\libvt3_runtime.a(vt3_slaves.obj)
                0x0000e848                vt3_CANopen_NMT_start
                0x0000e88c                vt3_CANopen_on_received_thread_unsafe
                0x0000ebd0                vt3_CANopen_on_received
                0x0000ec14                vt3_CANopen_SDO_expedited_read
                0x0000ed3c                vt3_CANopen_SDO_expedited_write
                0x0000ef00                vt3_CANopen_SDO_get_read_result
                0x0000f1ac                vt3_CANopen_SDO_get_write_result
                0x0000f408                VT3_CONFIGURE_SLAVE__call
 .text          0x0000f6a4      0x434 C:\Program Files (x86)\VT3_8912\VT3\resources\targets\TERA7\lib/\vt3_runtime\libvt3_runtime.a(vt3_stats.obj)
                0x0000f6a4                GetVt3CpuStatistics
 .text          0x0000fad8      0x924 C:\Program Files (x86)\VT3_8912\VT3\resources\targets\TERA7\lib/\vt3_runtime\libvt3_runtime.a(vt3_task.obj)
                0x0000fad8                timespec_cmp
                0x0000fb30                timespec_sub
                0x0000fbbc                timespec_add
                0x0000fc10                timespec_to_ms
                0x0000fc48                timespec_zero
                0x0000fc58                timespec_is_zero
                0x0000fc88                init_periodic_task
                0x0000fcf0                init_task
                0x0000fd40                get_periodic_task_statistic
                0x0000fe14                reset_periodic_task_measure
                0x0000fe88                start_task
                0x0000ff74                vt3_get_system_ticks
                0x0000ffb4                vt3_get_ms_since_start
                0x0000fffc                prepare_init_task
                0x00010038                periodic_task
 .text          0x000103fc     0x284c C:\Program Files (x86)\VT3_8912\VT3\resources\targets\TERA7\lib/\vt3_runtime\libvt3_runtime.a(vt3_trend.obj)
                0x000103fc                vt3_decimateSamples
                0x000112f8                vt3_trend_SamplingSetup
                0x00011d6c                vt3_draw_indicator_Trend
                0x00012ab8                vt3_trend_createCircularBufferFromSamples
 .text          0x00012c48      0xd88 C:\Program Files (x86)\VT3_8912\VT3\resources\targets\TERA7\lib/\vt3_runtime\libvt3_runtime.a(vt3_watchdog.obj)
                0x00012c48                vt3_watchdog_initial_delay_is_expired
                0x00012c58                vt3_watchdog_reset_error
                0x00012cb8                vt3_watchdog_monitor
                0x00012d14                vt3_watchdog_occurred
                0x00012d48                vt3_watchdog_close
                0x00012f18                vt3_watchdog_init
 .text          0x000139d0      0x7b0 C:\Program Files (x86)\VT3_8912\VT3\resources\targets\TERA7\lib/\vt3_runtime\libvt3_runtime.a(akima_interpolator.obj)
                0x000139d0                akima_interpolator_free
                0x00013a10                akima_interpolator_eval
                0x00013b80                akima_interpolator_init
 .text          0x00014180    0x29d74 C:\Program Files (x86)\VT3_8912\VT3\resources\targets\TERA7\lib/\vt3_runtime\libvt3_runtime.a(ieclib.obj)
                0x00014188                BOOL_TO_SINT
                0x00014190                BOOL_TO_USINT
                0x00014194                BYTE_TO_USINT
                0x00014198                USINT_TO_UINT
                0x0001419c                LREAL_TO_REAL
                0x000141a8                ULINT_TO_LWORD
                0x000141ac                TRUNC_REAL
                0x000141b8                TRUNC_LREAL
                0x000141c4                MAX_DATE_AND_TIME
                0x00014220                MIN_DATE_AND_TIME
                0x0001427c                LIMIT_SINT
                0x0001429c                LIMIT_INT
                0x000142bc                LIMIT_DINT
                0x000142d4                LIMIT_LINT
                0x0001431c                LIMIT_USINT
                0x00014334                LIMIT_UINT
                0x0001434c                LIMIT_UDINT
                0x00014364                LIMIT_ULINT
                0x000143ac                LIMIT_BOOL
                0x000143c4                LIMIT_BYTE
                0x000143dc                LIMIT_WORD
                0x000143f4                LIMIT_DWORD
                0x0001440c                LIMIT_LWORD
                0x00014454                LIMIT_REAL
                0x00014490                LIMIT_LREAL
                0x000144e8                LIMIT_TIME
                0x00014500                LIMIT_DATE
                0x00014518                LIMIT_TIME_OF_DAY
                0x00014530                LIMIT_DATE_AND_TIME
                0x000145b4                GT_DATE_AND_TIME_2
                0x00014608                GE_DATE_AND_TIME_2
                0x0001465c                EQ_DATE_AND_TIME_2
                0x000146ac                LE_DATE_AND_TIME_2
                0x00014700                LT_DATE_AND_TIME_2
                0x00014754                NE_DATE_AND_TIME
                0x0001479c                vt3_fix_string_sizes
                0x000147dc                ADD_DT_TIME
                0x000148c8                MULTIME
                0x000148d0                CONCAT_DATE_TOD
                0x000148d8                DT_TO_TOD
                0x000148f0                DT_TO_DATE
                0x00014904                DATE_TO_YEAR
                0x00014a30                DATE_TO_MONTH
                0x00014b44                DATE_TO_DAY
                0x00014c64                TOD_TO_HOUR
                0x00014c78                TOD_TO_MINUTE
                0x00014cb0                TOD_TO_SECOND
                0x00014ce8                TOD_TO_MS
                0x00014d0c                SR__call
                0x00014d4c                RS__call
                0x00014d90                R_TRIG__call
                0x00014dd4                F_TRIG__call
                0x00014e18                CTU__call
                0x00014eb4                CTU_DINT__call
                0x00014f24                CTU_UDINT__call
                0x00014f94                CTU_LINT__call
                0x00015020                CTU_ULINT__call
                0x000150ac                CTD__call
                0x00015128                CTD_DINT__call
                0x00015190                CTD_UDINT__call
                0x000151f0                CTD_LINT__call
                0x00015268                CTD_ULINT__call
                0x000152e8                CTUD__call
                0x000153d4                CTUD_DINT__call
                0x000154b8                CTUD_UDINT__call
                0x00015598                CTUD_LINT__call
                0x000156dc                CTUD_ULINT__call
                0x000157f8                regression_error_handler
                0x00015808                TOF__init
                0x00015838                TON__init
                0x00015868                TP__init
                0x00015898                CTUD_ULINT__init
                0x000158d4                CTUD_LINT__init
                0x00015910                CTUD_UDINT__init
                0x00015940                CTUD_DINT__init
                0x00015970                CTUD__init
                0x0001599c                CTD_ULINT__init
                0x000159d8                CTD_LINT__init
                0x00015a14                CTD_UDINT__init
                0x00015a40                CTD_DINT__init
                0x00015a6c                CTD__init
                0x00015a94                CTU_ULINT__init
                0x00015ad0                CTU_LINT__init
                0x00015b0c                CTU_UDINT__init
                0x00015b38                CTU_DINT__init
                0x00015b64                CTU__init
                0x00015b8c                F_TRIG__init
                0x00015bb0                R_TRIG__init
                0x00015bd4                RS__init
                0x00015bf8                SR__init
                0x00015c1c                vt3_atomic_read_lreal
                0x00015c78                vt3_atomic_read_date_and_time
                0x00015ce0                vt3_atomic_read_ulint
                0x00015d40                vt3_atomic_read_lint
                0x00015da0                vt3_atomic_read_lword
                0x00015e00                TP__call
                0x00015ee4                GET_SYSTEM_MILLISECONDS
                0x00015f24                LT_DATE_AND_TIME_N
                0x00016124                LT_TIME_OF_DAY_N
                0x00016240                LT_DATE_N
                0x0001635c                LT_TIME_N
                0x00016478                LT_LREAL_N
                0x00016658                LT_REAL_N
                0x00016818                LT_LWORD_N
                0x00016988                LT_DWORD_N
                0x00016aa4                LT_WORD_N
                0x00016bd4                LT_BYTE_N
                0x00016d04                LT_ULINT_N
                0x00016e74                LT_UDINT_N
                0x00016f90                LT_UINT_N
                0x000170c0                LT_USINT_N
                0x000171f0                LT_LINT_N
                0x00017360                LT_DINT_N
                0x0001747c                LT_INT_N
                0x000175d8                LT_SINT_N
                0x00017734                LT_BOOL_N
                0x00017864                LE_DATE_AND_TIME_N
                0x00017a64                LE_TIME_OF_DAY_N
                0x00017b80                LE_DATE_N
                0x00017c9c                LE_TIME_N
                0x00017db8                LE_LREAL_N
                0x00017f98                LE_REAL_N
                0x00018158                LE_LWORD_N
                0x000182c8                LE_DWORD_N
                0x000183e4                LE_WORD_N
                0x00018514                LE_BYTE_N
                0x00018644                LE_ULINT_N
                0x000187b4                LE_UDINT_N
                0x000188d0                LE_UINT_N
                0x00018a00                LE_USINT_N
                0x00018b30                LE_LINT_N
                0x00018ca0                LE_DINT_N
                0x00018dbc                LE_INT_N
                0x00018f18                LE_SINT_N
                0x00019074                LE_BOOL_N
                0x000191a4                EQ_DATE_AND_TIME_N
                0x00019324                EQ_TIME_OF_DAY_N
                0x00019430                EQ_DATE_N
                0x0001953c                EQ_TIME_N
                0x00019648                EQ_LREAL_N
                0x00019828                EQ_REAL_N
                0x000199e8                EQ_LWORD_N
                0x00019b38                EQ_DWORD_N
                0x00019c44                EQ_WORD_N
                0x00019d64                EQ_BYTE_N
                0x00019e84                EQ_ULINT_N
                0x00019fd4                EQ_UDINT_N
                0x0001a0e0                EQ_UINT_N
                0x0001a200                EQ_USINT_N
                0x0001a320                EQ_LINT_N
                0x0001a470                EQ_DINT_N
                0x0001a57c                EQ_INT_N
                0x0001a6b0                EQ_SINT_N
                0x0001a7e4                EQ_BOOL_N
                0x0001a904                GE_DATE_AND_TIME_N
                0x0001ab04                GE_TIME_OF_DAY_N
                0x0001ac20                GE_DATE_N
                0x0001ad3c                GE_TIME_N
                0x0001ae58                GE_LREAL_N
                0x0001b038                GE_REAL_N
                0x0001b1f8                GE_LWORD_N
                0x0001b368                GE_DWORD_N
                0x0001b484                GE_WORD_N
                0x0001b5b4                GE_BYTE_N
                0x0001b6e4                GE_ULINT_N
                0x0001b854                GE_UDINT_N
                0x0001b970                GE_UINT_N
                0x0001baa0                GE_USINT_N
                0x0001bbd0                GE_LINT_N
                0x0001bd40                GE_DINT_N
                0x0001be5c                GE_INT_N
                0x0001bfb8                GE_SINT_N
                0x0001c114                GE_BOOL_N
                0x0001c244                GT_DATE_AND_TIME_N
                0x0001c444                GT_TIME_OF_DAY_N
                0x0001c560                GT_DATE_N
                0x0001c67c                GT_TIME_N
                0x0001c798                GT_LREAL_N
                0x0001c978                GT_REAL_N
                0x0001cb38                GT_LWORD_N
                0x0001cca8                GT_DWORD_N
                0x0001cdc4                GT_WORD_N
                0x0001cef4                GT_BYTE_N
                0x0001d024                GT_ULINT_N
                0x0001d194                GT_UDINT_N
                0x0001d2b0                GT_UINT_N
                0x0001d3e0                GT_USINT_N
                0x0001d510                GT_LINT_N
                0x0001d680                GT_DINT_N
                0x0001d79c                GT_INT_N
                0x0001d8f8                GT_SINT_N
                0x0001da54                GT_BOOL_N
                0x0001db84                runtime_error_init
                0x0001dbc4                vt3_free_temporary_strings
                0x0001dc00                ATAN_LREAL
                0x0001dc04                ATAN_REAL
                0x0001dc08                on_error
                0x0001e080                runtime_error
                0x0001e1c0                STRING_TO_LREAL
                0x0001e218                STRING_TO_REAL
                0x0001e270                STRING_TO_ULINT
                0x0001e2d0                STRING_TO_LINT
                0x0001e330                STRING_TO_UDINT
                0x0001e3b4                STRING_TO_DINT
                0x0001e448                STRING_TO_UINT
                0x0001e4bc                STRING_TO_INT
                0x0001e53c                STRING_TO_USINT
                0x0001e5b0                STRING_TO_SINT
                0x0001e630                STRING_TO_LWORD
                0x0001e690                STRING_TO_DWORD
                0x0001e714                STRING_TO_WORD
                0x0001e788                STRING_TO_BYTE
                0x0001e7fc                STRING_TO_BOOL
                0x0001e870                MOVE_WSTRING
                0x0001e920                MOVE_STRING
                0x0001e9cc                LEN_WSTRING
                0x0001ea00                LEN_STRING
                0x0001ea34                vt3_alloc_wstring
                0x0001eaac                DELETE_WSTRING
                0x0001eb70                INSERT_WSTRING
                0x0001ec64                MID_WSTRING
                0x0001ed18                RIGHT_WSTRING
                0x0001eda8                LEFT_WSTRING
                0x0001ee2c                vt3_alloc_string
                0x0001ee9c                WSTRING_TO_STRING
                0x0001f43c                DELETE_STRING
                0x0001f510                REPLACE_STRING
                0x0001f62c                INSERT_STRING
                0x0001f714                MID_STRING
                0x0001f7c8                RIGHT_STRING
                0x0001f858                LEFT_STRING
                0x0001f8dc                MOD_LWORD
                0x0001f920                MOD_DWORD
                0x0001f94c                MOD_WORD
                0x0001f978                MOD_BYTE
                0x0001f9a4                MOD_ULINT
                0x0001f9e8                MOD_UDINT
                0x0001fa14                MOD_UINT
                0x0001fa40                MOD_USINT
                0x0001fa6c                MOD_LINT
                0x0001fadc                MOD_DINT
                0x0001fb1c                MOD_INT
                0x0001fb68                MOD_SINT
                0x0001fbb4                DIV_LREAL
                0x0001fc40                DIV_REAL
                0x0001fca4                DIV_LWORD
                0x0001fce4                DIV_DWORD
                0x0001fd0c                DIV_WORD
                0x0001fd38                DIV_BYTE
                0x0001fd64                DIV_ULINT
                0x0001fda4                DIV_UDINT
                0x0001fdcc                DIV_UINT
                0x0001fdf8                DIV_USINT
                0x0001fe24                DIV_LINT
                0x0001fea4                DIV_DINT
                0x0001fef0                DIV_INT
                0x0001ff44                DIV_SINT
                0x0001ff98                SUB_LREAL
                0x0001ffc4                SUB_REAL
                0x0001ffe8                MUL_LREAL
                0x00020014                MUL_REAL
                0x00020038                ADD_LREAL
                0x00020064                ADD_REAL
                0x00020088                ACOS_LREAL
                0x0002012c                ACOS_REAL
                0x000201a4                ASIN_LREAL
                0x00020248                ASIN_REAL
                0x000202c0                TAN_LREAL
                0x000202f0                TAN_REAL
                0x00020318                EXP_LREAL
                0x00020348                EXP_REAL
                0x00020378                LOG_LREAL
                0x000203e0                LOG_REAL
                0x00020430                LN_LREAL
                0x00020498                LN_REAL
                0x000204e8                SQRT_LREAL
                0x00020550                SQRT_REAL
                0x000205a0                ABS_LINT
                0x000205e8                ABS_DINT
                0x00020610                ABS_INT
                0x0002063c                ABS_SINT
                0x00020668                LREAL_TO_LWORD
                0x000206c4                REAL_TO_LWORD
                0x0002070c                LINT_TO_LWORD
                0x00020730                DINT_TO_LWORD
                0x00020754                INT_TO_LWORD
                0x00020778                SINT_TO_LWORD
                0x0002079c                LREAL_TO_DWORD
                0x000207fc                REAL_TO_DWORD
                0x00020844                LWORD_TO_DWORD
                0x00020878                ULINT_TO_DWORD
                0x000208ac                UDINT_TO_DWORD
                0x000208c8                LINT_TO_DWORD
                0x000208fc                DINT_TO_DWORD
                0x00020918                INT_TO_DWORD
                0x00020934                SINT_TO_DWORD
                0x00020950                LREAL_TO_WORD
                0x000209b0                REAL_TO_WORD
                0x000209fc                LWORD_TO_WORD
                0x00020a34                DWORD_TO_WORD
                0x00020a58                ULINT_TO_WORD
                0x00020a90                UDINT_TO_WORD
                0x00020ab4                LINT_TO_WORD
                0x00020aec                DINT_TO_WORD
                0x00020b10                runtime_error_thread
                0x00020c5c                STRING_TO_WSTRING
                0x00020d74                SET_CURRENT_DATE_AND_TIME
                0x00020e68                SUB_DT_TIME
                0x00020f58                TOF__call
                0x0002102c                TON__call
                0x000210ec                DIVTIME
                0x00021138                LE_STRING_N
                0x0002141c                LE_WSTRING_N
                0x0002170c                GT_STRING_N
                0x000219fc                GT_WSTRING_N
                0x00021cf8                REAL_TO_STRING
                0x00021db0                ULINT_TO_STRING
                0x00021e64                BOOL_TO_STRING
                0x00021f20                CONCAT_WSTRING
                0x000220a8                LREAL_TO_STRING
                0x0002215c                LWORD_TO_STRING
                0x00022210                CONCAT_STRING
                0x00022388                LINT_TO_STRING
                0x0002243c                UDINT_TO_STRING
                0x000224f8                UINT_TO_STRING
                0x000225b4                DINT_TO_STRING
                0x00022670                DWORD_TO_STRING
                0x0002272c                USINT_TO_STRING
                0x000227e8                BYTE_TO_STRING
                0x000228a4                INT_TO_STRING
                0x00022960                WORD_TO_STRING
                0x00022a1c                SINT_TO_STRING
                0x00022ad8                REPLACE_WSTRING
                0x00022cc0                EQ_WSTRING_N
                0x00022fa4                EQ_STRING_N
                0x0002327c                INT_TO_BOOL
                0x000233cc                SINT_TO_BOOL
                0x0002351c                HMS_TO_TOD
                0x00023a14                YMD_TO_DATE
                0x00023e7c                GET_CURRENT_DATE_AND_TIME
                0x00023f50                SUB_DT_DT
                0x000240bc                SUB_TOD_TOD
                0x00024220                SUB_TOD_TIME
                0x000243a8                SUB_DATE_DATE
                0x000244f8                SUB_TIME
                0x00024664                ADD_TOD_TIME
                0x000247c4                ADD_TIME
                0x00024930                DWORD_TO_INT
                0x00024a74                WORD_TO_INT
                0x00024bbc                ULINT_TO_INT
                0x00024d14                UDINT_TO_INT
                0x00024e58                UINT_TO_INT
                0x00024fa0                LINT_TO_INT
                0x00025108                DINT_TO_INT
                0x00025250                LREAL_TO_SINT
                0x000253e4                REAL_TO_SINT
                0x0002555c                LWORD_TO_SINT
                0x000256a8                DWORD_TO_SINT
                0x000257ec                WORD_TO_SINT
                0x00025930                BYTE_TO_SINT
                0x00025a78                ULINT_TO_SINT
                0x00025bc4                UDINT_TO_SINT
                0x00025d08                UINT_TO_SINT
                0x00025e4c                USINT_TO_SINT
                0x00025f94                LINT_TO_SINT
                0x000260f0                DINT_TO_SINT
                0x00026238                INT_TO_SINT
                0x00026384                LREAL_TO_BOOL
                0x0002651c                REAL_TO_BOOL
                0x00026698                LWORD_TO_BOOL
                0x000267f4                DWORD_TO_BOOL
                0x00026940                WORD_TO_BOOL
                0x00026a8c                BYTE_TO_BOOL
                0x00026bd8                ULINT_TO_BOOL
                0x00026d34                UDINT_TO_BOOL
                0x00026e80                UINT_TO_BOOL
                0x00026fcc                USINT_TO_BOOL
                0x00027118                LINT_TO_BOOL
                0x00027274                DINT_TO_BOOL
                0x000273c0                INT_TO_WORD
                0x00027504                SINT_TO_WORD
                0x00027648                LREAL_TO_BYTE
                0x000277d8                REAL_TO_BYTE
                0x00027950                LWORD_TO_BYTE
                0x00027a9c                DWORD_TO_BYTE
                0x00027be0                WORD_TO_BYTE
                0x00027d24                ULINT_TO_BYTE
                0x00027e70                UDINT_TO_BYTE
                0x00027fb4                UINT_TO_BYTE
                0x000280f8                LINT_TO_BYTE
                0x00028244                DINT_TO_BYTE
                0x00028388                INT_TO_BYTE
                0x000284d0                SINT_TO_BYTE
                0x00028614                LREAL_TO_ULINT
                0x0002879c                REAL_TO_ULINT
                0x0002890c                LINT_TO_ULINT
                0x00028a60                DINT_TO_ULINT
                0x00028bbc                INT_TO_ULINT
                0x00028d18                SINT_TO_ULINT
                0x00028e74                LREAL_TO_UDINT
                0x00029000                REAL_TO_UDINT
                0x00029170                LWORD_TO_UDINT
                0x000292c4                ULINT_TO_UDINT
                0x00029418                LINT_TO_UDINT
                0x0002956c                DINT_TO_UDINT
                0x000296b0                INT_TO_UDINT
                0x000297f4                SINT_TO_UDINT
                0x00029938                LREAL_TO_UINT
                0x00029ac8                REAL_TO_UINT
                0x00029c40                LWORD_TO_UINT
                0x00029d98                DWORD_TO_UINT
                0x00029edc                ULINT_TO_UINT
                0x0002a034                UDINT_TO_UINT
                0x0002a178                LINT_TO_UINT
                0x0002a2d0                DINT_TO_UINT
                0x0002a414                INT_TO_UINT
                0x0002a558                SINT_TO_UINT
                0x0002a69c                LREAL_TO_USINT
                0x0002a82c                REAL_TO_USINT
                0x0002a9a4                LWORD_TO_USINT
                0x0002aaf0                DWORD_TO_USINT
                0x0002ac34                WORD_TO_USINT
                0x0002ad78                ULINT_TO_USINT
                0x0002aec4                UDINT_TO_USINT
                0x0002b008                UINT_TO_USINT
                0x0002b14c                LINT_TO_USINT
                0x0002b298                DINT_TO_USINT
                0x0002b3dc                INT_TO_USINT
                0x0002b524                SINT_TO_USINT
                0x0002b668                LREAL_TO_LINT
                0x0002b7f4                REAL_TO_LINT
                0x0002b960                LWORD_TO_LINT
                0x0002bab4                ULINT_TO_LINT
                0x0002bc08                LREAL_TO_DINT
                0x0002bd98                REAL_TO_DINT
                0x0002bf04                LWORD_TO_DINT
                0x0002c058                DWORD_TO_DINT
                0x0002c19c                ULINT_TO_DINT
                0x0002c2f0                UDINT_TO_DINT
                0x0002c434                LINT_TO_DINT
                0x0002c598                LREAL_TO_INT
                0x0002c72c                REAL_TO_INT
                0x0002c8a4                LWORD_TO_INT
                0x0002c9fc                FIND_WSTRING
                0x0002cce4                FIND_STRING
                0x0002cfc8                NE_WSTRING
                0x0002d2c4                NE_STRING
                0x0002d5bc                LT_WSTRING_2
                0x0002d8cc                LT_WSTRING_N
                0x0002daa0                MIN_WSTRING
                0x0002dd44                LT_STRING_2
                0x0002e050                LT_STRING_N
                0x0002e224                MIN_STRING
                0x0002e4c8                LE_WSTRING_2
                0x0002e7c4                LE_STRING_2
                0x0002eabc                EQ_WSTRING_2
                0x0002edb8                EQ_STRING_2
                0x0002f0b0                GE_WSTRING_2
                0x0002f3c4                GE_WSTRING_N
                0x0002f598                GE_STRING_2
                0x0002f8a8                GE_STRING_N
                0x0002fa7c                GT_WSTRING_2
                0x0002fd7c                LIMIT_WSTRING
                0x000302dc                MAX_WSTRING
                0x00030630                GT_STRING_2
                0x0003092c                LIMIT_STRING
                0x00030e7c                MAX_STRING
                0x000311cc                MUX_LWORD
                0x000313e4                MUX_DWORD
                0x000315cc                MUX_WORD
                0x000317b8                MUX_BYTE
                0x000319a0                MUX_WSTRING
                0x00031b88                MUX_STRING
                0x00031d70                MUX_DATE_AND_TIME
                0x00031f9c                MUX_TIME_OF_DAY
                0x00032184                MUX_DATE
                0x0003236c                MUX_TIME
                0x00032554                MUX_LREAL
                0x00032764                MUX_REAL
                0x00032974                MUX_ULINT
                0x00032b8c                MUX_UDINT
                0x00032d74                MUX_UINT
                0x00032f60                MUX_USINT
                0x00033148                MUX_LINT
                0x00033360                MUX_DINT
                0x00033548                MUX_INT
                0x00033738                MUX_SINT
                0x00033924                MUX_BOOL
                0x00033b0c                EXPT_LREAL
                0x00033c68                EXPT_REAL
                0x00033de4                vt3_ieclib_test
 .text          0x0003def4     0xec40 C:\Program Files (x86)\VT3_8912\VT3\resources\targets\TERA7\lib/\vt3_runtime\libvt3_runtime.a(lcd_dfb.obj)
                0x0003def4                getSuperDFB
                0x0003df04                getPrimarySurface
                0x0003df14                LcdGetScreenRes
                0x0003df34                LcdRefreshRect
                0x0003df70                LcdShutdown
                0x0003dfb8                LcdSetClip
                0x0003e02c                LcdResetClip
                0x0003e080                LcdFill
                0x0003e1bc                LcdSetPixel
                0x0003e2c4                LcdDrawBox
                0x0003e868                LcdDrawBoxRGB565Internal
                0x0003e928                LcdLine
                0x0003ea4c                LcdCircle
                0x0003ef64                LcdLineLimitW
                0x0003f628                LcdTriangle
                0x0003f87c                LcdQuadrilateral
                0x0003fa28                LcdGetFontMaxAdvance
                0x0003fa48                LcdGetStringWidth
                0x0003fa88                LcdDrawTextDFB
                0x0003fc0c                LcdDrawTextDFBThroughGlyphs
                0x0003ffd4                LcdDrawFixAdvNumberDFB
                0x00040170                LcdDrawFixAdvNumberDFBThroughGlyphs
                0x00040420                LcdRectangle
                0x000406f4                LcdRectangleWH
                0x00040754                BarGraphColor
                0x00040af0                LcdKeyEventReset
                0x00040b14                LcdColorKeyTest
                0x00040b1c                LcdGetDrawingFlags
                0x00040b4c                LcdSetDrawingFlags
                0x000419c0                LcdReleaseFont
                0x00041a10                SaveImage
                0x00041adc                LcdDrawText
                0x00042cf0                LcdKeyEventHandler
                0x00042ed0                LcdLoadFont
                0x00042fa8                LcdGetFixAdvStringWidth
                0x000431a8                IsSavedImage
                0x00043cfc                LcdDrawSubBitMapIcon
                0x00043d48                LcdDrawBitMapIcon
                0x00043eb0                LcdDrawSubIcon
                0x00043eec                LcdDrawIcon
                0x00043f0c                LcdGetImageDimension
                0x00043f34                LcdSetBacklight
                0x00043ff8                LcdSetBlank
                0x00044018                LcdRefresh
                0x00044198                LcdInit
                0x00044bec                LcdLineLimitW_rev1
                0x0004528c                LcdLineLimit
                0x0004545c                LcdLine_rev1
                0x000455c8                LcdEllipse
                0x0004b4c8                LcdEllipse_CallFunction
                0x0004b5ac                LcdCircle_rev1
                0x0004c550                LcdCircleW
 .text          0x0004cb34     0x5534 C:\Program Files (x86)\VT3_8912\VT3\resources\targets\TERA7\lib/\vt3_runtime\libvt3_runtime.a(vt3_can_j1939.obj)
                0x0004cb34                vt3_j1939_stop_connections
                0x0004cdc4                vt3_is_j1939_message
                0x0004cddc                vt3_j1939_PGN_reset_timestamp
                0x0004d2a8                vt3_j1939_send_PGN_REQUEST
                0x0004d8ec                vt3_send_j1939_msg
                0x0004ddf8                vt3_j1939_connection_manager
                0x0004eb78                vt3_j1939_process_msg
 .text          0x00052068       0x20 C:\Program Files (x86)\VT3_8912\VT3\resources\targets\TERA7\lib/\vt3_runtime\libvt3_runtime.a(vt3_can_j1939_network.obj)
                0x00052068                vt3_j1939_ac_is_address_claimed
                0x00052078                vt3_j1939_ac_get_address
 .text          0x00052088     0x573c C:\Program Files (x86)\VT3_8912\VT3\resources\targets\TERA7\lib/\vt3_runtime\libvt3_runtime.a(vt3_canlib.obj)
                0x00052088                rio_ARM2_init
                0x0005208c                rio_ARM2_read
                0x00052090                rio_ARM2_write
                0x00052094                rio_ARM2_config
                0x00052098                rio_ASA_360_CBP_init
                0x0005209c                rio_ASA_360_CBP_read
                0x000520a0                rio_ASA_360_CBP_write
                0x000520a4                rio_ASA_360_CBP_config
                0x000520a8                vt3_check_alive_nodes
                0x00052160                vt3_set_node_alive_flag
                0x00052188                vt3_is_node_alive
                0x000521c4                RemoteRead_Init
                0x0005225c                vt3_can_schedule
                0x00052294                vt3_can_check_busoff
                0x000522b0                vt3_decrement_can_timers
                0x000524b0                REMOTE_STATUS
                0x00052548                vt3_canlib_Management_Rx_Alarm
                0x000525c4                vt3_CanWatchdog
                0x000525e4                vt3_CanCheckAlarm
                0x00052a6c                vt3_get_canmsg
                0x00052a88                vt3_get_canmsg_count
                0x00052a9c                vt3_update_req
                0x00052acc                vt3_update_completed
                0x00052afc                vt3_update_get_ack
                0x00052b38                vt3_can_daemon_version
                0x00052b60                vt3_change_cobid_rx
                0x00052d50                vt3_change_cobid_tx
                0x00052f40                vt3_set_can_param
                0x00053298                vt3_send_canmsg
                0x00053324                REMOTE_READ
                0x00053634                REMOTE_READ_TIME_OF_DAY
                0x0005363c                REMOTE_READ_TIME
                0x00053644                REMOTE_READ_DATE
                0x0005364c                REMOTE_READ_REAL
                0x0005365c                REMOTE_READ_USINT
                0x00053670                REMOTE_READ_UINT
                0x00053684                REMOTE_READ_UDINT
                0x0005368c                REMOTE_READ_SINT
                0x000536a0                REMOTE_READ_INT
                0x000536b4                REMOTE_READ_DINT
                0x000536bc                REMOTE_READ_BYTE
                0x000536d0                REMOTE_READ_WORD
                0x000536e4                REMOTE_READ_DWORD
                0x000536ec                REMOTE_READ_BOOL
                0x00053700                Func_request_Read_Alarm_Status
                0x000537b8                Func_request_Acknowledge_Alarm
                0x0005384c                Func_request_Read_Event_Log
                0x00053908                Can_buffer_used_Tx
                0x00053928                vt3_common_init_interface
                0x00053ca0                vt3_init_interface
                0x00053f54                REMOTE_DEVICE_STATUS
                0x00054920                REMOTE_RELEASE_FORCE
                0x00054964                REMOTE_FORCE_VARLEN
                0x000549f4                REMOTE_WRITE_TIME_OF_DAY
                0x000549fc                REMOTE_WRITE_TIME
                0x00054a04                REMOTE_WRITE_DATE
                0x00054a0c                REMOTE_WRITE_REAL
                0x00054a14                REMOTE_WRITE_USINT
                0x00054a1c                REMOTE_WRITE_UINT
                0x00054a24                REMOTE_WRITE_UDINT
                0x00054a2c                REMOTE_WRITE_SINT
                0x00054a34                REMOTE_WRITE_INT
                0x00054a3c                REMOTE_WRITE_DINT
                0x00054a44                REMOTE_WRITE_BYTE
                0x00054a4c                REMOTE_WRITE_WORD
                0x00054a54                REMOTE_WRITE_DWORD
                0x00054a5c                REMOTE_WRITE_BOOL
                0x00054a64                REMOTE_FORCE_USINT
                0x00054af0                REMOTE_FORCE_BOOL
                0x00054b7c                REMOTE_FORCE_UINT
                0x00054c08                REMOTE_FORCE_UDINT
                0x00054c94                REMOTE_FORCE_SINT
                0x00054d20                REMOTE_FORCE_INT
                0x00054dac                REMOTE_FORCE_DINT
                0x00054e38                REMOTE_FORCE_BYTE
                0x00054ec4                REMOTE_FORCE_WORD
                0x00054f50                REMOTE_FORCE_DWORD
                0x00055400                vt3_transmit_EL_write
                0x000573a0                vt3_CanRxAllRead
 .text          0x000577c4      0xb18 C:\Program Files (x86)\VT3_8912\VT3\resources\targets\TERA7\lib/\vt3_runtime\libvt3_runtime.a(vt3_canlib_testable.obj)
                0x000577c4                vt3_get_received_j1939_sa
                0x000577d4                vt3_apply_cobid_change
                0x00057a94                vt3_J1939_process_received_MP
                0x00057db0                vt3_canlib_process_received_message
 .text          0x000582dc     0x5d08 C:\Program Files (x86)\VT3_8912\VT3\resources\targets\TERA7\lib/\vt3_runtime\libvt3_runtime.a(vt3_elog.obj)
                0x0005830c                ALM_login_state
                0x00058408                ALM_set_login_state
                0x00058508                ALM_init_login_cycles_timeout
                0x0005860c                write_vt3_devices_alarm_status
                0x00058720                ALM_all_sum
                0x00058914                EL_write_answer
                0x00058af4                EL_reset_vars
                0x00058ccc                EL_poll_read
                0x00058ee8                EL_poll_write
                0x00059100                crc16_generic
                0x00059288                EL_get_failure_count
                0x00059464                ALM_set
                0x000594dc                ALM_rtn
                0x00059584                ALM_seek_local_SPN_FMI
                0x00059850                ALM_ack_local
                0x00059890                ALM_get
                0x000598bc                ALM_poll_set
                0x00059914                ALM_slot_free
                0x00059934                ALM_poll
                0x000599ac                ALM_filter_local
                0x00059da8                ALM_SPN_FMI_PRI_TO_AGUID
                0x00059dc8                ALM_AGUID_TO_SPN
                0x00059dd8                ALM_AGUID_TO_FMI
                0x00059de0                ALM_AGUID_TO_PRI
                0x00059de8                ALM_filter
                0x00059fb4                ALM_seek_local_AGUID
                0x0005a018                ALM_Group_To_IDS_index
                0x0005a06c                ALM_Priority_To_IDS_index
                0x0005a0c0                ALM_spn_To_IDS_index
                0x0005a114                ALM_Fmi_To_IDS_index
                0x0005a168                EL_poll_read_set
                0x0005a3a0                EL_initialize
                0x0005a424                EL_shutdown
                0x0005a650                EL_crc16
                0x0005aa10                EL_read_local
                0x0005aedc                EL_read
                0x0005b164                EL_format_local
                0x0005b5ac                ALM_SPN_To_IDS_index
                0x0005b600                ALM_FMI_To_IDS_index
                0x0005b654                ALM_ack_AGUID
                0x0005b738                EL_write_local
                0x0005bab8                EL_write
                0x0005c40c                EL_task
 .text          0x0005dfe4     0x30e8 C:\Program Files (x86)\VT3_8912\VT3\resources\targets\TERA7\lib/\vt3_runtime\libvt3_runtime.a(vt3_lcd_3b6.obj)
                0x0005dfe4                vt3_LoadFont
                0x0005dfec                vt3_draw_indicator_PlaceHolder
                0x0005e008                vt3_set_camera_background_color
                0x0005e020                vt3_draw_indicator_PhysicalKey
                0x0005e0c0                vt3_draw_indicator_ReaderPNG
                0x0005e0c4                vt3_draw_indicator_PhysicalIndicator
                0x0005e2c0                vt3_draw_indicator_SimpleTriangle
                0x0005e424                vt3_draw_indicator_SimpleCircle
                0x0005e5f8                vt3_draw_indicator_SimpleRect
                0x0005e7b4                vt3_draw_indicator_SimpleLine
                0x0005e864                vt3_draw_image_haligned
                0x0005eda4                vt3_is_saved_image
                0x0005eda8                vt3_save_image
                0x0005edac                vt3_FormatDecimalNum
                0x0005ee24                vt3_release_shaped_strings_from_cache
                0x0005eebc                vt3_LoadFontLate
                0x0005eefc                vt3_LcdShutdown
                0x0005ef70                vt3_LcdInit
                0x0005f018                vt3_draw_indicator_CircularGauge
                0x0005f2f8                vt3_draw_indicator_PAL_Camera
                0x0005fb38                vt3_draw_text
                0x0005fbf4                GetStrLenFromPixelLen
                0x0005fcd4                GetStringPixelLength
                0x000601e8                vt3_draw_text_len
                0x000602b0                vt3_draw_indicator_Number
                0x0006073c                vt3_draw_image_with_offset
                0x00060b1c                vt3_draw_image
                0x00060b5c                vt3_draw_indicator_GaugeBar
                0x00060f9c                vt3_draw_indicator_SubScreen
                0x0006102c                vt3_draw_indicator_MultiBitmap
 .text          0x000610cc       0x8c C:\Program Files (x86)\VT3_8912\VT3\resources\targets\TERA7\lib/\vt3_runtime\libvt3_runtime.a(vt3_lcd_magnifier.obj)
                0x000610cc                vt3_draw_indicator_Magnifier
 .text          0x00061158    0x10530 C:\Program Files (x86)\VT3_8912\VT3\resources\targets\TERA7\lib/\vt3_runtime\libvt3_runtime.a(vt3_lcd_tl.obj)
                0x00061158                vt3_get_pressed_char
                0x00061168                vt3_schedule
                0x000611b4                vt3_has_focus
                0x000613b8                vt3_virtual_keyboard_key_handler
                0x0006183c                vt3_convert_number_to_string_with_mask
                0x000620f4                vt3_focus_indicator_search_forward
                0x0006225c                vt3_focus_indicator_search_backward
                0x00062408                vt3_convert_dword2color
                0x0006242c                vt3_set_focus_null
                0x00062468                vt3_get_grid_cell_x
                0x0006248c                vt3_get_grid_cell_y
                0x000624a4                vt3_get_grid_cell_w
                0x000624bc                vt3_get_grid_cell_h
                0x000624c8                vt3_get_grid_cell_row
                0x00062658                vt3_get_grid_cell_col
                0x0006283c                vt3_set_knob_sel_null
                0x00062874                vt3_touch_filter_indicator_touch_event
                0x00062914                vt3_testbench_inject_touch_down_event
                0x00062940                vt3_testbench_inject_touch_up_event
                0x00062e0c                vt3_trend_drawLabel
                0x00062e60                vt3_end_callback_knob
                0x00062e6c                vt3_start_callback_knob
                0x00062e78                vt3_draw_indicator_Grid
                0x000630bc                vt3_draw_indicator_SimpleText
                0x000631a4                vt3_draw_selection_border
                0x000635c4                vt3_convert_string_with_mask_to_number
                0x000642e8                vt3_draw_on_screen_keyboard
                0x00064a6c                vt3_set_knob_sel_indicator
                0x00064aa0                vt3_set_focus_indicator
                0x00064b14                vt3_draw_indicator_Screen
                0x00064de0                vt3_draw_indicator_AlarmQuick
                0x00065598                translate_alarm_status
                0x0006565c                vt3_draw_indicator_MultiText
                0x00065a74                vt3_set_knob_sel_next
                0x00065a7c                vt3_set_focus_next
                0x00065a84                vt3_set_focus_first
                0x00065ac8                vt3_set_knob_sel_first
                0x00065b08                vt3_draw_indicator_AlarmLogTable
                0x00067b8c                vt3_draw_indicator_Menu
                0x00069450                vt3_draw_indicator_Touch
                0x000699c0                vt3_draw_indicator_SimpleTextEditable
                0x0006b8fc                vt3_draw_indicator_NumberEditable
                0x0006c95c                vt3_set_prev
                0x0006cc7c                vt3_set_knob_sel_prev
                0x0006cc84                vt3_set_focus_prev
                0x0006cc8c                vt3_disp_knob
                0x0006cfb0                vt3_set_focus_index
                0x0006d1c4                vt3_look_for_focus_index
                0x0006d9b0                vt3_draw_indicator_AlarmSummary
                0x0006fea4                vt3_draw_indicator_AlarmLogDetail
 .text          0x00071688      0x488 C:\Program Files (x86)\VT3_8912\VT3\resources\targets\TERA7\lib/\vt3_runtime\libvt3_runtime.a(vt3_lcd_tl_testable.obj)
                0x00071688                vt3_indicator_touch_process_touch_knob_input
                0x000718e4                vt3_num_digits
                0x0007191c                vt3_calculate_integer_fractional_parts
                0x00071a1c                vt3_FormatDecimalNumEditable
 .text          0x00071b10       0x28 vt3_code/vt3_lang.obj
                0x00071b10                TRANSLATE
 .text          0x00071b38       0x28 vt3_code/vt3_fonts.obj
                0x00071b38                vt3_load_all_fonts
 .text          0x00071b60       0x24 vt3_code/vt3_IO.obj
                0x00071b60                vt3_IO_cycle
                0x00071b64                vt3_IO_init
 .text          0x00071b84        0x0 vt3_code/vt3_alarms.obj
 .text          0x00071b84        0x4 vt3_code/vt3_POU__iocore_data.obj
                0x00071b84                iocore_data__init
 .text          0x00071b88        0x4 vt3_code/vt3_POU__global_data.obj
                0x00071b88                global_data__init
 .text          0x00071b8c        0x4 vt3_code/vt3_POU__setup_data.obj
                0x00071b8c                setup_data__init
 .text          0x00071b90        0x4 vt3_code/vt3_POU__splash_data.obj
                0x00071b90                splash_data__init
 .text          0x00071b94        0x4 vt3_code/vt3_POU__home_data.obj
                0x00071b94                home_data__init
 .text          0x00071b98       0xe4 vt3_code/vt3_POU__PLC_PRG.obj
                0x00071b98                PLC_PRG__call
                0x00071c5c                PLC_PRG__init
 .text          0x00071c7c      0x698 vt3_code/vt3_POU__assignIO.obj
                0x00071c7c                assignIO__call
                0x000722f4                assignIO__init
 .text          0x00072314       0x78 vt3_code/vt3_POU__doBrightness.obj
                0x00072314                doBrightness__call
                0x0007236c                doBrightness__init
 .text          0x0007238c      0x128 vt3_code/vt3_POU__usbUpdate.obj
                0x0007238c                usbUpdate__call
                0x00072494                usbUpdate__init
 .text          0x000724b4      0x674 vt3_code/vt3_POU__outputs.obj
                0x000724b4                outputs__call
                0x00072b08                outputs__init
 .text          0x00072b28       0x78 vt3_code/vt3_POU__task100.obj
                0x00072b28                task100__call
                0x00072b80                task100__init
 .text          0x00072ba0       0xd8 vt3_code/vt3_POU__slaveConfig.obj
                0x00072ba0                slaveConfig__call
                0x00072c58                slaveConfig__init
 .text          0x00072c78       0x78 vt3_code/vt3_POU__slaveConfigFB_CPU0.obj
                0x00072c78                slaveConfigFB_CPU0__call
                0x00072cd0                slaveConfigFB_CPU0__init
 .text          0x00072cf0       0x78 vt3_code/vt3_POU__slaveConfigFB_CPU1.obj
                0x00072cf0                slaveConfigFB_CPU1__call
                0x00072d48                slaveConfigFB_CPU1__init
 .text          0x00072d68       0x70 vt3_code/vt3_POU__interpol.obj
                0x00072d68                interpol
 .text          0x00072dd8       0xa4 vt3_code/vt3_POU_common.obj
                0x00072de8                vt3_init_all_pous
                0x00072e6c                vt3_idle_task
 .text          0x00072e7c        0x0 vt3_code/vt3_vars.obj
 .text          0x00072e7c        0x0 vt3_code/vt3_var_version.obj
 .text          0x00072e7c       0x44 vt3_code/vt3_init_persistent_p_array.obj
                0x00072e7c                initialize_bytearray_P
 .text          0x00072ec0       0x14 vt3_code/vt3_init_persistent_r_array.obj
                0x00072ec0                initialize_bytearray_R
 .text          0x00072ed4       0x14 vt3_code/vt3_init_persistent_f_array.obj
                0x00072ed4                initialize_bytearray_F
 .text          0x00072ee8      0x8ec vt3_code/vt3_CAN__CanInterface.obj
                0x00072ee8                vt3_can_send_sync_CO_NMT
                0x00072f48                vt3_can_CanInterface_tx
                0x00073100                vt3_can_CanInterface_rx
                0x000733d4                vt3_can_CanInterface_init
 .text          0x000737d4       0x18 vt3_code/vt3_CAN_common.obj
                0x000737d4                vt3_canopen_cycle
                0x000737d8                vt3_canopen_init
                0x000737e0                vt3_can_tx
                0x000737e4                vt3_can_rx
                0x000737e8                vt3_can_init
 .text          0x000737ec        0x0 vt3_code/vt3_signature.obj
 .text          0x000737ec     0x1cf0 vt3_code/vt3_disp_events.obj
                0x000737ec                vt3_event_ind_camera
                0x00073828                vt3_event_ind_camera_2
                0x0007386c                vt3_event_ind_camera_2_F10_Button
                0x00073878                vt3_event_ind_camera_2_F10_Text_1
                0x00073888                vt3_event_ind_home
                0x0007425c                vt3_event_ind_home_Logo_multibitmap
                0x00074268                vt3_event_ind_home_F1_Button
                0x0007427c                vt3_event_ind_home_F1_Text_1
                0x0007428c                vt3_event_ind_home_F2_Button
                0x000742a0                vt3_event_ind_home_F2_Text_1
                0x000742b0                vt3_event_ind_home_F2_Auto_Man
                0x000742c4                vt3_event_ind_home_F3_Button
                0x000742d8                vt3_event_ind_home_F3_Text_1
                0x000742e8                vt3_event_ind_home_F4_Button
                0x000742fc                vt3_event_ind_home_F4_Text_1
                0x0007430c                vt3_event_ind_home_F5_Button
                0x00074320                vt3_event_ind_home_F5_Text_1
                0x00074330                vt3_event_ind_home_F6_Button
                0x00074344                vt3_event_ind_home_F6_Text_1
                0x00074354                vt3_event_ind_home_F9_Button
                0x00074368                vt3_event_ind_home_F9_Text_1
                0x00074378                vt3_event_ind_home_F10_Button
                0x0007438c                vt3_event_ind_home_F10_Text_1
                0x0007439c                vt3_event_ind_home_Temp_1_multibitmap
                0x000743b0                vt3_event_ind_home_Temp_1_Temp
                0x000743c4                vt3_event_ind_home_Temp_1_multitext
                0x000743d8                vt3_event_ind_home_Temp_1_simple_text
                0x000743e8                vt3_event_ind_home_Temp_2_multibitmap
                0x000743fc                vt3_event_ind_home_Temp_2_Temp
                0x00074410                vt3_event_ind_home_Temp_2_multitext
                0x00074424                vt3_event_ind_home_Temp_2_simple_text
                0x00074434                vt3_event_ind_home_Temp_5_multibitmap
                0x00074448                vt3_event_ind_home_Temp_5_Temp
                0x0007445c                vt3_event_ind_home_Temp_5_multitext
                0x00074470                vt3_event_ind_home_Temp_5_simple_text
                0x00074480                vt3_event_ind_home_multitext
                0x00074494                vt3_event_ind_home_simple_text
                0x000744a4                vt3_event_ind_home_F7_Button
                0x000744b8                vt3_event_ind_home_F7_Text_1
                0x000744c8                vt3_event_ind_home_group_multibitmap
                0x000744dc                vt3_event_ind_home_group_multitext
                0x000744f0                vt3_event_ind_home_group_Temp
                0x00074504                vt3_event_ind_home_group_simple_text
                0x00074514                vt3_event_ind_home_group_2_multibitmap
                0x00074528                vt3_event_ind_home_group_2_multitext
                0x0007453c                vt3_event_ind_home_group_2_Temp
                0x00074550                vt3_event_ind_home_group_2_simple_text
                0x00074560                vt3_event_ind_home_group_4_multibitmap
                0x00074574                vt3_event_ind_home_group_4_multitext
                0x00074588                vt3_event_ind_home_group_4_Temp
                0x0007459c                vt3_event_ind_home_group_4_simple_text
                0x000745ac                vt3_event_ind_home_group_5_multibitmap
                0x000745c0                vt3_event_ind_home_group_5_multitext
                0x000745d4                vt3_event_ind_home_group_5_Temp
                0x000745e8                vt3_event_ind_home_group_5_simple_text
                0x000745f8                vt3_event_ind_home_group_3_multibitmap
                0x0007460c                vt3_event_ind_home_group_3_multitext
                0x00074620                vt3_event_ind_home_group_3_Temp
                0x00074634                vt3_event_ind_home_group_3_simple_text
                0x00074644                vt3_event_ind_screen_frame
                0x00074648                vt3_event_ind_screen_frame_screen_backlight
                0x0007465c                vt3_event_ind_screen_frame_buzzer
                0x00074670                vt3_event_ind_screen_frame_keys_backlight
                0x00074684                vt3_event_ind_setup
                0x00075064                vt3_event_ind_setup_Logo_multibitmap
                0x00075070                vt3_event_ind_setup_AC_BG_1
                0x00075084                vt3_event_ind_setup_AC_BG_1_1
                0x00075098                vt3_event_ind_setup_AC_BG_2
                0x000750ac                vt3_event_ind_setup_AC_BG_2_2
                0x000750c0                vt3_event_ind_setup_AC_ac_setpoint_text
                0x000750d0                vt3_event_ind_setup_AC_ac_sp_unit_text
                0x000750e4                vt3_event_ind_setup_AC_ac_sp_degree_text
                0x000750f4                vt3_event_ind_setup_AC_ac_deadband_text
                0x00075104                vt3_event_ind_setup_AC_ac_db_unit_text
                0x00075118                vt3_event_ind_setup_AC_ac_db_degree_text
                0x00075128                vt3_event_ind_setup_Heat_BG_3
                0x0007513c                vt3_event_ind_setup_Heat_BG_3_1
                0x00075150                vt3_event_ind_setup_Heat_BG_4
                0x00075164                vt3_event_ind_setup_Heat_BG_4_1
                0x00075178                vt3_event_ind_setup_Heat_heat_setpoint_text
                0x00075188                vt3_event_ind_setup_Heat_heat_sp_unit_text
                0x0007519c                vt3_event_ind_setup_Heat_heat_sp_degree_text
                0x000751ac                vt3_event_ind_setup_Heat_heat_deadband_text
                0x000751bc                vt3_event_ind_setup_Heat_heat_db_unit_text
                0x000751d0                vt3_event_ind_setup_Heat_heat_db_degree_text
                0x000751e0                vt3_event_ind_setup_HVAC_Alarms_BG_5
                0x000751f4                vt3_event_ind_setup_HVAC_Alarms_BG_5_1
                0x00075208                vt3_event_ind_setup_HVAC_Alarms_BG_6
                0x0007521c                vt3_event_ind_setup_HVAC_Alarms_BG_6_1
                0x00075230                vt3_event_ind_setup_HVAC_Alarms_lower_alarm_setpoint_text
                0x00075240                vt3_event_ind_setup_HVAC_Alarms_lower_alarm_sp_unit_text
                0x00075254                vt3_event_ind_setup_HVAC_Alarms_lower_alarm_sp_degree_text
                0x00075264                vt3_event_ind_setup_HVAC_Alarms_upper_alarm_setpoint_text
                0x00075274                vt3_event_ind_setup_HVAC_Alarms_upper_alarm_setpoint_unit_text
                0x00075288                vt3_event_ind_setup_HVAC_Alarms_upper_alarm_setpoint_degree_text
                0x00075298                vt3_event_ind_setup_F10_Button
                0x000752a4                vt3_event_ind_setup_F10_Text_1
                0x000752b4                vt3_event_ind_setup_simple_text
                0x000752c4                vt3_event_ind_splash
                0x00075338                vt3_event_ind_splash_multibitmap
                0x00075344                vt3_event_ind_setup_HVAC_Alarms_upper_alarm_setpoint_number
                0x00075388                vt3_event_ind_setup_HVAC_Alarms_lower_alarm_setpoint_number
                0x000753cc                vt3_event_ind_setup_Heat_heat_deadband_number
                0x00075410                vt3_event_ind_setup_Heat_heat_setpoint_number
                0x00075454                vt3_event_ind_setup_AC_ac_deadband_number
                0x00075498                vt3_event_ind_setup_AC_ac_setpoint_number
 .text          0x000754dc        0x0 vt3_code/vt3_images.obj
 .text          0x000754dc      0xcb4 vt3_code/vt3_disp.obj
                0x000754dc                vt3_trend_sampling_init
                0x000754e0                vt3_trend_sampling
                0x000754e4                vt3_draw_ind_splash
                0x00075518                vt3_init_ind_splash
                0x00075548                vt3_init_ind_setup
                0x00075578                vt3_init_ind_screen_frame
                0x000755a8                vt3_init_ind_home
                0x000755d8                vt3_init_ind_camera_2
                0x00075608                vt3_init_ind_camera
                0x00075638                vt3_draw_ind_setup
                0x0007586c                vt3_draw_ind_screen_frame
                0x000759b0                vt3_draw_ind_home
                0x00075d38                vt3_draw_ind_camera_2
                0x00075d84                vt3_draw_ind_camera
                0x00075db8                vt3_disp_init
                0x00075fd0                vt3_disp_draw
 .text          0x00076190       0xa8 vt3_code/vt3_slaves.obj
                0x00076190                vt3_initialize_io_slave_function_blocks
 .text          0x00076238        0x0 extra/vt3_extra.obj
 .text          0x00076238        0x0 C:/Users/ashlc00/Desktop/Hartstra/HARTST~1/code/Tera_7/__OBJE~1/vt3_extra.obj
 .text          0x00076238        0x0 C:/Users/ashlc00/Desktop/Hartstra/HARTST~1/code/Tera_7/__OBJE~1/vt3_POU__ARR_BYTE_version.obj
 .text          0x00076238       0x58 C:/Users/ashlc00/Desktop/Hartstra/HARTST~1/code/Tera_7/__OBJE~1/vt3_POU__BYTE_TO_ASCII.obj
                0x00076238                BYTE_TO_ASCII__call
                0x00076260                BYTE_TO_ASCII__init
 .text          0x00076290       0x54 C:/Users/ashlc00/Desktop/Hartstra/HARTST~1/code/Tera_7/__OBJE~1/vt3_POU__check_touchcalibration.obj
                0x00076290                check_touchcalibration
 .text          0x000762e4       0x48 C:/Users/ashlc00/Desktop/Hartstra/HARTST~1/code/Tera_7/__OBJE~1/vt3_POU__GET_POWER_FAIL.obj
                0x000762e4                GET_POWER_FAIL__call
                0x0007630c                GET_POWER_FAIL__init
 .text          0x0007632c       0xec C:/Users/ashlc00/Desktop/Hartstra/HARTST~1/code/Tera_7/__OBJE~1/vt3_POU__get_prj_version.obj
                0x0007632c                get_prj_version__call
                0x00076380                get_prj_version__init
 .text          0x00076418       0x6c C:/Users/ashlc00/Desktop/Hartstra/HARTST~1/code/Tera_7/__OBJE~1/vt3_POU__get_prj_version_byte.obj
                0x00076418                get_prj_version_byte__call
                0x00076464                get_prj_version_byte__init
 .text          0x00076484       0x64 C:/Users/ashlc00/Desktop/Hartstra/HARTST~1/code/Tera_7/__OBJE~1/vt3_POU__INIT_BYTEARRAY_P.obj
                0x00076484                INIT_BYTEARRAY_P__call
                0x000764c8                INIT_BYTEARRAY_P__init
 .text          0x000764e8       0xac C:/Users/ashlc00/Desktop/Hartstra/HARTST~1/code/Tera_7/__OBJE~1/vt3_POU__INIT_BYTEARRAY_R.obj
                0x000764e8                INIT_BYTEARRAY_R__call
                0x00076574                INIT_BYTEARRAY_R__init
 .text          0x00076594       0x7c C:/Users/ashlc00/Desktop/Hartstra/HARTST~1/code/Tera_7/__OBJE~1/vt3_POU__INIT_SD_USB.obj
                0x00076594                INIT_SD_USB__call
                0x000765f0                INIT_SD_USB__init
 .text          0x00076610       0x48 C:/Users/ashlc00/Desktop/Hartstra/HARTST~1/code/Tera_7/__OBJE~1/vt3_POU__lcdSetBlank.obj
                0x00076610                lcdSetBlank__call
                0x00076638                lcdSetBlank__init
 .text          0x00076658       0x98 C:/Users/ashlc00/Desktop/Hartstra/HARTST~1/code/Tera_7/__OBJE~1/vt3_POU__mountSD.obj
                0x00076658                mountSD
 .text          0x000766f0       0x4c C:/Users/ashlc00/Desktop/Hartstra/HARTST~1/code/Tera_7/__OBJE~1/vt3_POU__mountUSB.obj
                0x000766f0                mountUSB
 .text          0x0007673c       0x44 C:/Users/ashlc00/Desktop/Hartstra/HARTST~1/code/Tera_7/__OBJE~1/vt3_POU__REBOOT.obj
                0x0007673c                REBOOT__call
                0x00076760                REBOOT__init
 .text          0x00076780       0x28 C:/Users/ashlc00/Desktop/Hartstra/HARTST~1/code/Tera_7/__OBJE~1/vt3_POU__req_touchcalibration.obj
                0x00076780                req_touchcalibration
 .text          0x000767a8       0x40 C:/Users/ashlc00/Desktop/Hartstra/HARTST~1/code/Tera_7/__OBJE~1/vt3_POU__SET_POWER_FAIL_SHUTDOWN.obj
                0x000767a8                SET_POWER_FAIL_SHUTDOWN__call
                0x000767c8                SET_POWER_FAIL_SHUTDOWN__init
 .text          0x000767e8       0x3c C:/Users/ashlc00/Desktop/Hartstra/HARTST~1/code/Tera_7/__OBJE~1/vt3_POU__SHUTDOWN.obj
                0x000767e8                SHUTDOWN__call
                0x00076804                SHUTDOWN__init
 .text          0x00076824        0x4 C:/Users/ashlc00/Desktop/Hartstra/HARTST~1/code/Tera_7/__OBJE~1/vt3_POU__ST_TRANSLATE.obj
                0x00076824                ST_TRANSLATE
 .text          0x00076828       0x34 C:/Users/ashlc00/Desktop/Hartstra/HARTST~1/code/Tera_7/__OBJE~1/vt3_POU__umountSD.obj
                0x00076828                umountSD
 .text          0x0007685c       0x34 C:/Users/ashlc00/Desktop/Hartstra/HARTST~1/code/Tera_7/__OBJE~1/vt3_POU__umountUSB.obj
                0x0007685c                umountUSB
 .text          0x00076890       0x7c C:/Users/ashlc00/Desktop/Hartstra/HARTST~1/code/Tera_7/__OBJE~1/vt3_POU__WRITE_EL.obj
                0x00076890                WRITE_EL
 .text          0x0007690c        0x0 C:/Users/ashlc00/Desktop/Hartstra/HARTST~1/code/Tera_7/__OBJE~1/vt3_POU__WRITE_EL_ENUM.obj
 .text          0x0007690c      0x3a8 C:/Users/ashlc00/Desktop/Hartstra/HARTST~1/code/Tera_7/__OBJE~1/vt3_POU__WRITE_EL_PRIVATE.obj
                0x0007690c                WRITE_EL_PRIVATE
 .text          0x00076cb4       0x50 C:/Users/ashlc00/Desktop/Hartstra/HARTST~1/code/Tera_7/__OBJE~1/vt3_POU__WRITE_EL_TO_SD.obj
                0x00076cb4                WRITE_EL_TO_SD__call
                0x00076ce4                WRITE_EL_TO_SD__init
 .text          0x00076d04       0x50 C:/Users/ashlc00/Desktop/Hartstra/HARTST~1/code/Tera_7/__OBJE~1/vt3_POU__WRITE_EL_TO_USB.obj
                0x00076d04                WRITE_EL_TO_USB__call
                0x00076d34                WRITE_EL_TO_USB__init
 .text          0x00076d54      0x20c c:/progra~2/codeso~1/source~1/bin/../lib/gcc/arm-none-linux-gnueabi/4.4.1\libgcc.a(_udivsi3.o)
                0x00076d54                __aeabi_uidiv
                0x00076d54                __udivsi3
                0x00076f40                __aeabi_uidivmod
 .text          0x00076f60      0x240 c:/progra~2/codeso~1/source~1/bin/../lib/gcc/arm-none-linux-gnueabi/4.4.1\libgcc.a(_divsi3.o)
                0x00076f60                __aeabi_idiv
                0x00076f60                __divsi3
                0x00077180                __aeabi_idivmod
 .text          0x000771a0      0x3b8 c:/progra~2/codeso~1/source~1/bin/../lib/gcc/arm-none-linux-gnueabi/4.4.1\libgcc.a(_arm_addsubdf3.o)
                0x000771a0                __aeabi_drsub
                0x000771a8                __subdf3
                0x000771a8                __aeabi_dsub
                0x000771ac                __adddf3
                0x000771ac                __aeabi_dadd
                0x00077458                __aeabi_ui2d
                0x00077458                __floatunsidf
                0x0007747c                __aeabi_i2d
                0x0007747c                __floatsidf
                0x000774a4                __aeabi_f2d
                0x000774a4                __extendsfdf2
                0x000774e4                __aeabi_ul2d
                0x000774e4                __floatundidf
                0x000774f8                __floatdidf
                0x000774f8                __aeabi_l2d
 .text          0x00077558      0x470 c:/progra~2/codeso~1/source~1/bin/../lib/gcc/arm-none-linux-gnueabi/4.4.1\libgcc.a(_arm_muldivdf3.o)
                0x00077558                __aeabi_dmul
                0x00077558                __muldf3
                0x000777c4                __aeabi_ddiv
                0x000777c4                __divdf3
 .text          0x000779c8      0x12c c:/progra~2/codeso~1/source~1/bin/../lib/gcc/arm-none-linux-gnueabi/4.4.1\libgcc.a(_arm_cmpdf2.o)
                0x000779c8                __gedf2
                0x000779c8                __gtdf2
                0x000779d0                __ledf2
                0x000779d0                __ltdf2
                0x000779d8                __cmpdf2
                0x000779d8                __nedf2
                0x000779d8                __eqdf2
                0x00077a60                __aeabi_cdrcmple
                0x00077a7c                __aeabi_cdcmple
                0x00077a7c                __aeabi_cdcmpeq
                0x00077a90                __aeabi_dcmpeq
                0x00077aa4                __aeabi_dcmplt
                0x00077ab8                __aeabi_dcmple
                0x00077acc                __aeabi_dcmpge
                0x00077ae0                __aeabi_dcmpgt
 .text          0x00077af4       0x5c c:/progra~2/codeso~1/source~1/bin/../lib/gcc/arm-none-linux-gnueabi/4.4.1\libgcc.a(_arm_fixdfsi.o)
                0x00077af4                __aeabi_d2iz
                0x00077af4                __fixdfsi
 .text          0x00077b50       0x54 c:/progra~2/codeso~1/source~1/bin/../lib/gcc/arm-none-linux-gnueabi/4.4.1\libgcc.a(_arm_fixunsdfsi.o)
                0x00077b50                __aeabi_d2uiz
                0x00077b50                __fixunsdfsi
 .text          0x00077ba4       0xa0 c:/progra~2/codeso~1/source~1/bin/../lib/gcc/arm-none-linux-gnueabi/4.4.1\libgcc.a(_arm_truncdfsf2.o)
                0x00077ba4                __truncdfsf2
                0x00077ba4                __aeabi_d2f
 .text          0x00077c44      0x250 c:/progra~2/codeso~1/source~1/bin/../lib/gcc/arm-none-linux-gnueabi/4.4.1\libgcc.a(_arm_addsubsf3.o)
                0x00077c44                __aeabi_frsub
                0x00077c4c                __subsf3
                0x00077c4c                __aeabi_fsub
                0x00077c50                __aeabi_fadd
                0x00077c50                __addsf3
                0x00077de0                __aeabi_ui2f
                0x00077de0                __floatunsisf
                0x00077de8                __aeabi_i2f
                0x00077de8                __floatsisf
                0x00077e08                __floatundisf
                0x00077e08                __aeabi_ul2f
                0x00077e18                __aeabi_l2f
                0x00077e18                __floatdisf
 .text          0x00077e94      0x2f8 c:/progra~2/codeso~1/source~1/bin/../lib/gcc/arm-none-linux-gnueabi/4.4.1\libgcc.a(_arm_muldivsf3.o)
                0x00077e94                __aeabi_fmul
                0x00077e94                __mulsf3
                0x0007802c                __divsf3
                0x0007802c                __aeabi_fdiv
 .text          0x0007818c       0xfc c:/progra~2/codeso~1/source~1/bin/../lib/gcc/arm-none-linux-gnueabi/4.4.1\libgcc.a(_arm_cmpsf2.o)
                0x0007818c                __gtsf2
                0x0007818c                __gesf2
                0x00078194                __ltsf2
                0x00078194                __lesf2
                0x0007819c                __eqsf2
                0x0007819c                __cmpsf2
                0x0007819c                __nesf2
                0x00078200                __aeabi_cfrcmple
                0x00078210                __aeabi_cfcmple
                0x00078210                __aeabi_cfcmpeq
                0x00078224                __aeabi_fcmpeq
                0x00078238                __aeabi_fcmplt
                0x0007824c                __aeabi_fcmple
                0x00078260                __aeabi_fcmpge
                0x00078274                __aeabi_fcmpgt