Archive member included because of file (symbol)

C:\Program Files (x86)\VT3_8920\VT3\resources\targets\TERA7\lib/\vt3_runtime\libvt3_runtime.a(vt3_main.obj)
                              c:/progra~2/codeso~1/source~1/bin/../arm-none-linux-gnueabi/libc/usr/lib/crt1.o (main)
C:\Program Files (x86)\VT3_8920\VT3\resources\targets\TERA7\lib/\vt3_runtime\libvt3_runtime.a(vt3_pdf.obj)
                              C:\Program Files (x86)\VT3_8920\VT3\resources\targets\TERA7\lib/\vt3_runtime\libvt3_runtime.a(vt3_main.obj) (vt3_sdcard_mount_async)
C:\Program Files (x86)\VT3_8920\VT3\resources\targets\TERA7\lib/\vt3_runtime\libvt3_runtime.a(vt3_slaves.obj)
                              C:\Program Files (x86)\VT3_8920\VT3\resources\targets\TERA7\lib/\vt3_runtime\libvt3_runtime.a(vt3_main.obj) (vt3_slaves_reference)
C:\Program Files (x86)\VT3_8920\VT3\resources\targets\TERA7\lib/\vt3_runtime\libvt3_runtime.a(vt3_stats.obj)
                              C:\Program Files (x86)\VT3_8920\VT3\resources\targets\TERA7\lib/\vt3_runtime\libvt3_runtime.a(vt3_main.obj) (GetVt3CpuStatistics)
C:\Program Files (x86)\VT3_8920\VT3\resources\targets\TERA7\lib/\vt3_runtime\libvt3_runtime.a(vt3_task.obj)
                              C:\Program Files (x86)\VT3_8920\VT3\resources\targets\TERA7\lib/\vt3_runtime\libvt3_runtime.a(vt3_main.obj) (timespec_sub)
C:\Program Files (x86)\VT3_8920\VT3\resources\targets\TERA7\lib/\vt3_runtime\libvt3_runtime.a(vt3_trend.obj)
                              C:\Program Files (x86)\VT3_8920\VT3\resources\targets\TERA7\lib/\vt3_runtime\libvt3_runtime.a(vt3_main.obj) (vt3_trend_reference)
C:\Program Files (x86)\VT3_8920\VT3\resources\targets\TERA7\lib/\vt3_runtime\libvt3_runtime.a(vt3_watchdog.obj)
                              C:\Program Files (x86)\VT3_8920\VT3\resources\targets\TERA7\lib/\vt3_runtime\libvt3_runtime.a(vt3_main.obj) (vt3_watchdog_monitor)
C:\Program Files (x86)\VT3_8920\VT3\resources\targets\TERA7\lib/\vt3_runtime\libvt3_runtime.a(akima_interpolator.obj)
                              C:\Program Files (x86)\VT3_8920\VT3\resources\targets\TERA7\lib/\vt3_runtime\libvt3_runtime.a(vt3_trend.obj) (akima_interpolator_free)
C:\Program Files (x86)\VT3_8920\VT3\resources\targets\TERA7\lib/\vt3_runtime\libvt3_runtime.a(ieclib.obj)
                              C:\Program Files (x86)\VT3_8920\VT3\resources\targets\TERA7\lib/\vt3_runtime\libvt3_runtime.a(vt3_main.obj) (vt3_fix_string_sizes)
C:\Program Files (x86)\VT3_8920\VT3\resources\targets\TERA7\lib/\vt3_runtime\libvt3_runtime.a(lcd_dfb.obj)
                              C:\Program Files (x86)\VT3_8920\VT3\resources\targets\TERA7\lib/\vt3_runtime\libvt3_runtime.a(vt3_pdf.obj) (getSuperDFB)
C:\Program Files (x86)\VT3_8920\VT3\resources\targets\TERA7\lib/\vt3_runtime\libvt3_runtime.a(lcd_dfb_testable.obj)
                              C:\Program Files (x86)\VT3_8920\VT3\resources\targets\TERA7\lib/\vt3_runtime\libvt3_runtime.a(vt3_trend.obj) (COLOR_VALID)
C:\Program Files (x86)\VT3_8920\VT3\resources\targets\TERA7\lib/\vt3_runtime\libvt3_runtime.a(vt3_can_j1939.obj)
                              C:\Program Files (x86)\VT3_8920\VT3\resources\targets\TERA7\lib/\vt3_runtime\libvt3_runtime.a(vt3_main.obj) (vt3_j1939_connection_manager)
C:\Program Files (x86)\VT3_8920\VT3\resources\targets\TERA7\lib/\vt3_runtime\libvt3_runtime.a(vt3_can_j1939_network.obj)
                              C:\Program Files (x86)\VT3_8920\VT3\resources\targets\TERA7\lib/\vt3_runtime\libvt3_runtime.a(vt3_can_j1939.obj) (vt3_j1939_ac_is_address_claimed)
C:\Program Files (x86)\VT3_8920\VT3\resources\targets\TERA7\lib/\vt3_runtime\libvt3_runtime.a(vt3_canlib.obj)
                              C:\Program Files (x86)\VT3_8920\VT3\resources\targets\TERA7\lib/\vt3_runtime\libvt3_runtime.a(vt3_main.obj) (vt3_check_alive_nodes)
C:\Program Files (x86)\VT3_8920\VT3\resources\targets\TERA7\lib/\vt3_runtime\libvt3_runtime.a(vt3_canlib_testable.obj)
                              C:\Program Files (x86)\VT3_8920\VT3\resources\targets\TERA7\lib/\vt3_runtime\libvt3_runtime.a(vt3_canlib.obj) (vt3_apply_cobid_change)
C:\Program Files (x86)\VT3_8920\VT3\resources\targets\TERA7\lib/\vt3_runtime\libvt3_runtime.a(vt3_elog.obj)
                              C:\Program Files (x86)\VT3_8920\VT3\resources\targets\TERA7\lib/\vt3_runtime\libvt3_runtime.a(vt3_canlib.obj) (ALM_login_state)
C:\Program Files (x86)\VT3_8920\VT3\resources\targets\TERA7\lib/\vt3_runtime\libvt3_runtime.a(vt3_lcd_3b6.obj)
                              C:\Program Files (x86)\VT3_8920\VT3\resources\targets\TERA7\lib/\vt3_runtime\libvt3_runtime.a(vt3_main.obj) (vt3_release_shaped_strings_from_cache)
C:\Program Files (x86)\VT3_8920\VT3\resources\targets\TERA7\lib/\vt3_runtime\libvt3_runtime.a(vt3_lcd_magnifier.obj)
                              C:\Program Files (x86)\VT3_8920\VT3\resources\targets\TERA7\lib/\vt3_runtime\libvt3_runtime.a(vt3_main.obj) (vt3_draw_indicator_Magnifier)
[...]
Memory Configuration

Name             Origin             Length             Attributes
*default*        0x00000000         0xffffffff

Linker script and memory map

LOAD c:/progra~2/codeso~1/source~1/bin/../arm-none-linux-gnueabi/libc/usr/lib/crt1.o
LOAD c:/progra~2/codeso~1/source~1/bin/../arm-none-linux-gnueabi/libc/usr/lib/crti.o
LOAD c:/progra~2/codeso~1/source~1/bin/../lib/gcc/arm-none-linux-gnueabi/4.4.1/crtbegin.o
LOAD c:/progra~2/codeso~1/source~1/bin/../arm-none-linux-gnueabi/libc/usr/lib/librt.so
LOAD C:\Program Files (x86)\VT3_8920\VT3\resources\targets\TERA7\lib/\vt3_runtime/libdirectfb.so
LOAD C:\Program Files (x86)\VT3_8920\VT3\resources\targets\TERA7\lib/\vt3_runtime/libz.so
LOAD C:\Program Files (x86)\VT3_8920\VT3\resources\targets\TERA7\lib/\vt3_runtime/libfusion.so
LOAD C:\Program Files (x86)\VT3_8920\VT3\resources\targets\TERA7\lib/\vt3_runtime/libdirect.so
LOAD c:/progra~2/codeso~1/source~1/bin/../arm-none-linux-gnueabi/libc/usr/lib/libpthread.so
START GROUP
LOAD c:\progra~2\codeso~1\source~1\bin\../arm-none-linux-gnueabi/libc/lib/libpthread.so.0
LOAD c:\progra~2\codeso~1\source~1\bin\../arm-none-linux-gnueabi/libc/usr/lib/libpthread_nonshared.a
END GROUP
LOAD C:\Program Files (x86)\VT3_8920\VT3\resources\targets\TERA7\lib/\vt3_runtime/libfreetype.so
LOAD C:\Program Files (x86)\VT3_8920\VT3\resources\targets\TERA7\lib//vt3_runtime/harfbuzz_fribidi_wrapper_empty.o
LOAD C:\Program Files (x86)\VT3_8920\VT3\resources\targets\TERA7\lib/\vt3_runtime\libvt3_runtime.a
LOAD c:/progra~2/codeso~1/source~1/bin/../arm-none-linux-gnueabi/libc/usr/lib/libm.so
LOAD vt3_code/vt3_lang.obj
LOAD vt3_code/vt3_fonts.obj
LOAD vt3_code/vt3_IO.obj
LOAD vt3_code/vt3_alarms.obj
LOAD vt3_code/vt3_POU__iocore_data.obj
LOAD vt3_code/vt3_POU__global_data.obj
LOAD vt3_code/vt3_POU__setup_data.obj
LOAD vt3_code/vt3_POU__splash_data.obj
LOAD vt3_code/vt3_POU__home_data.obj
LOAD vt3_code/vt3_POU__PLC_PRG.obj
LOAD vt3_code/vt3_POU__assignIO.obj
LOAD vt3_code/vt3_POU__doBrightness.obj
LOAD vt3_code/vt3_POU__usbUpdate.obj
LOAD vt3_code/vt3_POU__outputs.obj
LOAD vt3_code/vt3_POU__task100.obj
LOAD vt3_code/vt3_POU__slaveConfig.obj
LOAD vt3_code/vt3_POU__slaveConfigFB_CPU0.obj
LOAD vt3_code/vt3_POU__slaveConfigFB_CPU1.obj
LOAD vt3_code/vt3_POU__interpol.obj
LOAD vt3_code/vt3_POU_common.obj
LOAD vt3_code/vt3_vars.obj
LOAD vt3_code/vt3_var_version.obj
LOAD vt3_code/vt3_init_persistent_p_array.obj
LOAD vt3_code/vt3_init_persistent_r_array.obj
LOAD vt3_code/vt3_init_persistent_f_array.obj
LOAD vt3_code/vt3_CAN__CanInterface.obj
LOAD vt3_code/vt3_CAN_common.obj
LOAD vt3_code/vt3_signature.obj
LOAD vt3_code/vt3_disp_events.obj
LOAD vt3_code/vt3_images.obj
LOAD vt3_code/vt3_disp.obj
LOAD vt3_code/vt3_slaves.obj
LOAD extra/vt3_extra.obj
LOAD C:/Users/ashlc00/DOCUME~1/Hartstra/DALHAR~1/HARTST~2/code/Tera_7/__OBJE~1/vt3_extra.obj
LOAD C:/Users/ashlc00/DOCUME~1/Hartstra/DALHAR~1/HARTST~2/code/Tera_7/__OBJE~1/vt3_POU__ARR_BYTE_version.obj
LOAD C:/Users/ashlc00/DOCUME~1/Hartstra/DALHAR~1/HARTST~2/code/Tera_7/__OBJE~1/vt3_POU__BYTE_TO_ASCII.obj
LOAD C:/Users/ashlc00/DOCUME~1/Hartstra/DALHAR~1/HARTST~2/code/Tera_7/__OBJE~1/vt3_POU__check_touchcalibration.obj
LOAD C:/Users/ashlc00/DOCUME~1/Hartstra/DALHAR~1/HARTST~2/code/Tera_7/__OBJE~1/vt3_POU__GET_POWER_FAIL.obj
LOAD C:/Users/ashlc00/DOCUME~1/Hartstra/DALHAR~1/HARTST~2/code/Tera_7/__OBJE~1/vt3_POU__get_prj_version.obj
LOAD C:/Users/ashlc00/DOCUME~1/Hartstra/DALHAR~1/HARTST~2/code/Tera_7/__OBJE~1/vt3_POU__get_prj_version_byte.obj
LOAD C:/Users/ashlc00/DOCUME~1/Hartstra/DALHAR~1/HARTST~2/code/Tera_7/__OBJE~1/vt3_POU__INIT_BYTEARRAY_P.obj
LOAD C:/Users/ashlc00/DOCUME~1/Hartstra/DALHAR~1/HARTST~2/code/Tera_7/__OBJE~1/vt3_POU__INIT_BYTEARRAY_R.obj
LOAD C:/Users/ashlc00/DOCUME~1/Hartstra/DALHAR~1/HARTST~2/code/Tera_7/__OBJE~1/vt3_POU__INIT_SD_USB.obj
LOAD C:/Users/ashlc00/DOCUME~1/Hartstra/DALHAR~1/HARTST~2/code/Tera_7/__OBJE~1/vt3_POU__lcdSetBlank.obj
LOAD C:/Users/ashlc00/DOCUME~1/Hartstra/DALHAR~1/HARTST~2/code/Tera_7/__OBJE~1/vt3_POU__mountSD.obj
LOAD C:/Users/ashlc00/DOCUME~1/Hartstra/DALHAR~1/HARTST~2/code/Tera_7/__OBJE~1/vt3_POU__mountUSB.obj
LOAD C:/Users/ashlc00/DOCUME~1/Hartstra/DALHAR~1/HARTST~2/code/Tera_7/__OBJE~1/vt3_POU__REBOOT.obj
LOAD C:/Users/ashlc00/DOCUME~1/Hartstra/DALHAR~1/HARTST~2/code/Tera_7/__OBJE~1/vt3_POU__req_touchcalibration.obj
LOAD C:/Users/ashlc00/DOCUME~1/Hartstra/DALHAR~1/HARTST~2/code/Tera_7/__OBJE~1/vt3_POU__SET_POWER_FAIL_SHUTDOWN.obj
LOAD C:/Users/ashlc00/DOCUME~1/Hartstra/DALHAR~1/HARTST~2/code/Tera_7/__OBJE~1/vt3_POU__SHUTDOWN.obj
LOAD C:/Users/ashlc00/DOCUME~1/Hartstra/DALHAR~1/HARTST~2/code/Tera_7/__OBJE~1/vt3_POU__ST_TRANSLATE.obj
LOAD C:/Users/ashlc00/DOCUME~1/Hartstra/DALHAR~1/HARTST~2/code/Tera_7/__OBJE~1/vt3_POU__umountSD.obj
LOAD C:/Users/ashlc00/DOCUME~1/Hartstra/DALHAR~1/HARTST~2/code/Tera_7/__OBJE~1/vt3_POU__umountUSB.obj
LOAD C:/Users/ashlc00/DOCUME~1/Hartstra/DALHAR~1/HARTST~2/code/Tera_7/__OBJE~1/vt3_POU__WRITE_EL.obj
LOAD C:/Users/ashlc00/DOCUME~1/Hartstra/DALHAR~1/HARTST~2/code/Tera_7/__OBJE~1/vt3_POU__WRITE_EL_ENUM.obj
LOAD C:/Users/ashlc00/DOCUME~1/Hartstra/DALHAR~1/HARTST~2/code/Tera_7/__OBJE~1/vt3_POU__WRITE_EL_PRIVATE.obj
LOAD C:/Users/ashlc00/DOCUME~1/Hartstra/DALHAR~1/HARTST~2/code/Tera_7/__OBJE~1/vt3_POU__WRITE_EL_TO_SD.obj
LOAD C:/Users/ashlc00/DOCUME~1/Hartstra/DALHAR~1/HARTST~2/code/Tera_7/__OBJE~1/vt3_POU__WRITE_EL_TO_USB.obj
LOAD c:/progra~2/codeso~1/source~1/bin/../lib/gcc/arm-none-linux-gnueabi/4.4.1\libgcc.a
LOAD c:/progra~2/codeso~1/source~1/bin/../arm-none-linux-gnueabi/libc/lib/libgcc_s.so
LOAD c:/progra~2/codeso~1/source~1/bin/../arm-none-linux-gnueabi/libc/usr/lib/libc.so
START GROUP
LOAD c:\progra~2\codeso~1\source~1\bin\../arm-none-linux-gnueabi/libc/lib/libc.so.6
LOAD c:\progra~2\codeso~1\source~1\bin\../arm-none-linux-gnueabi/libc/usr/lib/libc_nonshared.a
LOAD c:\progra~2\codeso~1\source~1\bin\../arm-none-linux-gnueabi/libc/lib/ld-linux.so.3
END GROUP
LOAD c:/progra~2/codeso~1/source~1/bin/../lib/gcc/arm-none-linux-gnueabi/4.4.1\libgcc.a
LOAD c:/progra~2/codeso~1/source~1/bin/../arm-none-linux-gnueabi/libc/lib/libgcc_s.so
LOAD c:/progra~2/codeso~1/source~1/bin/../lib/gcc/arm-none-linux-gnueabi/4.4.1/crtend.o
LOAD c:/progra~2/codeso~1/source~1/bin/../arm-none-linux-gnueabi/libc/usr/lib/crtn.o
                0x00008000                PROVIDE (__executable_start, 0x8000)
                0x00008154                . = (0x8000 + SIZEOF_HEADERS)

.interp         0x00008154       0x13
 *(.interp)
 .interp        0x00008154       0x13 c:/progra~2/codeso~1/source~1/bin/../arm-none-linux-gnueabi/libc/usr/lib/crti.o

.note.ABI-tag   0x00008168       0x20
 .note.ABI-tag  0x00008168       0x20 c:/progra~2/codeso~1/source~1/bin/../arm-none-linux-gnueabi/libc/usr/lib/crt1.o

.note.gnu.build-id
 *(.note.gnu.build-id)

.hash           0x00008188      0x48c
 *(.hash)
 .hash          0x00008188      0x48c c:/progra~2/codeso~1/source~1/bin/../arm-none-linux-gnueabi/libc/usr/lib/crti.o

.gnu.hash
 *(.gnu.hash)

.dynsym         0x00008614      0x9e0
 *(.dynsym)
 .dynsym        0x00008614      0x9e0 c:/progra~2/codeso~1/source~1/bin/../arm-none-linux-gnueabi/libc/usr/lib/crti.o

.dynstr         0x00008ff4      0x5f5
 *(.dynstr)
 .dynstr        0x00008ff4      0x5f5 c:/progra~2/codeso~1/source~1/bin/../arm-none-linux-gnueabi/libc/usr/lib/crti.o

.gnu.version    0x000095ea      0x13c
 *(.gnu.version)
 .gnu.version   0x000095ea      0x13c c:/progra~2/codeso~1/source~1/bin/../arm-none-linux-gnueabi/libc/usr/lib/crti.o

.gnu.version_d  0x00009728        0x0 load address 0x00009726
 *(.gnu.version_d)
 .gnu.version_d
                0x00000000        0x0 c:/progra~2/codeso~1/source~1/bin/../arm-none-linux-gnueabi/libc/usr/lib/crti.o

.gnu.version_r  0x00009728       0xa0
 *(.gnu.version_r)
 .gnu.version_r
                0x00009728       0xa0 c:/progra~2/codeso~1/source~1/bin/../arm-none-linux-gnueabi/libc/usr/lib/crti.o

.rel.dyn        0x000097c8       0x18
 *(.rel.init)
 *(.rel.text .rel.text.* .rel.gnu.linkonce.t.*)
 *(.rel.fini)
 *(.rel.rodata .rel.rodata.* .rel.gnu.linkonce.r.*)
 *(.rel.data.rel.ro* .rel.gnu.linkonce.d.rel.ro.*)
 *(.rel.data .rel.data.* .rel.gnu.linkonce.d.*)
 *(.rel.tdata .rel.tdata.* .rel.gnu.linkonce.td.*)
 *(.rel.tbss .rel.tbss.* .rel.gnu.linkonce.tb.*)
 *(.rel.ctors)
 *(.rel.dtors)
 *(.rel.got)
 .rel.got       0x000097c8        0x8 c:/progra~2/codeso~1/source~1/bin/../arm-none-linux-gnueabi/libc/usr/lib/crti.o
 *(.rel.bss .rel.bss.* .rel.gnu.linkonce.b.*)
 .rel.bss       0x000097d0       0x10 c:/progra~2/codeso~1/source~1/bin/../arm-none-linux-gnueabi/libc/usr/lib/crti.o
 *(.rel.ifunc)

.rela.dyn
 *(.rela.init)
 *(.rela.text .rela.text.* .rela.gnu.linkonce.t.*)
 *(.rela.fini)
 *(.rela.rodata .rela.rodata.* .rela.gnu.linkonce.r.*)
 *(.rela.data .rela.data.* .rela.gnu.linkonce.d.*)
 *(.rela.tdata .rela.tdata.* .rela.gnu.linkonce.td.*)
 *(.rela.tbss .rela.tbss.* .rela.gnu.linkonce.tb.*)
 *(.rela.ctors)
 *(.rela.dtors)
 *(.rela.got)
 *(.rela.bss .rela.bss.* .rela.gnu.linkonce.b.*)
 *(.rela.ifunc)

.rel.plt        0x000097e0      0x440
 *(.rel.plt)
 .rel.plt       0x000097e0      0x440 c:/progra~2/codeso~1/source~1/bin/../arm-none-linux-gnueabi/libc/usr/lib/crti.o
                0x00009c20                PROVIDE (__rel_iplt_start, .)
 *(.rel.iplt)
                0x00009c20                PROVIDE (__rel_iplt_end, .)

.rela.plt       0x00009c20        0x0
 *(.rela.plt)
                0x00009c20                PROVIDE (__rela_iplt_start, .)
 *(.rela.iplt)
                0x00009c20                PROVIDE (__rela_iplt_end, .)

.init           0x00009c20        0xc
 *(.init)
 .init          0x00009c20        0x8 c:/progra~2/codeso~1/source~1/bin/../arm-none-linux-gnueabi/libc/usr/lib/crti.o
                0x00009c20                _init
 .init          0x00009c28        0x4 c:/progra~2/codeso~1/source~1/bin/../arm-none-linux-gnueabi/libc/usr/lib/crtn.o

.plt            0x00009c2c      0x674
 *(.plt)
 .plt           0x00009c2c      0x674 c:/progra~2/codeso~1/source~1/bin/../arm-none-linux-gnueabi/libc/usr/lib/crti.o
                0x00009c40                open@@GLIBC_2.4
                0x00009c4c                sync@@GLIBC_2.4
                0x00009c58                tanf@@GLIBC_2.4
                0x00009c64                mkdir@@GLIBC_2.4
                0x00009c70                localtime_r@@GLIBC_2.4
                0x00009c7c                abort@@GLIBC_2.4
                0x00009c88                localtime@@GLIBC_2.4
                0x00009c94                pthread_attr_getschedparam@@GLIBC_2.4
                0x00009ca0                memcmp@@GLIBC_2.4
                0x00009cac                DirectFBSetOption
                0x00009cb8                clock_gettime@@GLIBC_2.4
                0x00009cc4                __xstat@@GLIBC_2.4
                0x00009cd0                __libc_start_main@@GLIBC_2.4
                0x00009cdc                lround@@GLIBC_2.4
                0x00009ce8                signal@@GLIBC_2.4
                0x00009cf4                __isinf@@GLIBC_2.4
                0x00009d00                asin@@GLIBC_2.4
                0x00009d0c                msgget@@GLIBC_2.4
                0x00009d18                __lxstat@@GLIBC_2.4
                0x00009d24                pthread_attr_setschedpolicy@@GLIBC_2.4
                0x00009d3c                sqrtf@@GLIBC_2.4
                0x00009d48                pow@@GLIBC_2.4
                0x00009d54                strncpy@@GLIBC_2.4
                0x00009d60                fclose@@GLIBC_2.4
                0x00009d6c                fgets@@GLIBC_2.4
                0x00009d78                strtod@@GLIBC_2.4
                0x00009d84                system@@GLIBC_2.4
                0x00009d90                strchr@@GLIBC_2.4
                0x00009d9c                strcasecmp@@GLIBC_2.4
                0x00009da8                msgctl@@GLIBC_2.4
                0x00009db4                pclose@@GLIBC_2.4
                0x00009dc0                pthread_cond_wait@@GLIBC_2.4
                0x00009dcc                sincos@@GLIBC_2.4
                0x00009dd8                fopen@@GLIBC_2.4
                0x00009de4                shmat@@GLIBC_2.4
                0x00009df0                sched_get_priority_max@@GLIBC_2.4
                0x00009dfc                memset@@GLIBC_2.4
                0x00009e08                strrchr@@GLIBC_2.4
                0x00009e14                pthread_attr_setschedparam@@GLIBC_2.4
                0x00009e20                perror@@GLIBC_2.4
                0x00009e2c                strtoll@@GLIBC_2.4
                0x00009e38                floor@@GLIBC_2.4
                0x00009e44                chmod@@GLIBC_2.4
                0x00009e50                __assert_fail@@GLIBC_2.4
                0x00009e5c                exp@@GLIBC_2.4
                0x00009e68                asinf@@GLIBC_2.4
                0x00009e74                usleep@@GLIBC_2.4
                0x00009e80                msgsnd@@GLIBC_2.4
                0x00009e8c                sqrt@@GLIBC_2.4
                0x00009e98                strtoull@@GLIBC_2.4
                0x00009ea4                free@@GLIBC_2.4
                0x00009eb0                read@@GLIBC_2.4
                0x00009ebc                write@@GLIBC_2.4
                0x00009ec8                DirectFBCreate
                0x00009ed4                atan@@GLIBC_2.4
                0x00009ee0                access@@GLIBC_2.4
                0x00009eec                fseek@@GLIBC_2.4
                0x00009ef8                bsearch@@GLIBC_2.4
                0x00009f04                pthread_mutex_unlock@@GLIBC_2.4
                0x00009f10                atanf@@GLIBC_2.4
                0x00009f1c                round@@GLIBC_2.4
                0x00009f28                fflush@@GLIBC_2.4
                0x00009f34                ioctl@@GLIBC_2.4
                0x00009f40                DirectFBError
                0x00009f4c                pthread_mutex_lock@@GLIBC_2.4
                0x00009f58                strlen@@GLIBC_2.4
                0x00009f64                unlink@@GLIBC_2.4
                0x00009f70                strtoul@@GLIBC_2.4
                0x00009f7c                pthread_create@@GLIBC_2.4
                0x00009f88                execv@@GLIBC_2.4
                0x00009f94                memcpy@@GLIBC_2.4
                0x00009fa0                pthread_cond_signal@@GLIBC_2.4
                0x00009fac                acos@@GLIBC_2.4
                0x00009fb8                feof@@GLIBC_2.4
                0x00009fc4                ftell@@GLIBC_2.4
                0x00009fd0                strtol@@GLIBC_2.4
                0x00009fdc                strcpy@@GLIBC_2.4
                0x00009fe8                waitpid@@GLIBC_2.4
                0x00009ff4                printf@@GLIBC_2.4
                0x0000a000                raise@@GLIBC_2.4
                0x0000a00c                sincosf@@GLIBC_2.4
                0x0000a018                pthread_mutex_init@@GLIBC_2.4
                0x0000a024                fdopen@@GLIBC_2.4
                0x0000a030                strstr@@GLIBC_2.4
                0x0000a03c                close@@GLIBC_2.4
                0x0000a048                fwrite@@GLIBC_2.4
                0x0000a054                time@@GLIBC_2.4
                0x0000a060                acosf@@GLIBC_2.4
                0x0000a06c                log10@@GLIBC_2.4
                0x0000a078                __ctype_b_loc@@GLIBC_2.4
                0x0000a084                fprintf@@GLIBC_2.4
                0x0000a090                log10f@@GLIBC_2.4
                0x0000a09c                malloc@@GLIBC_2.4
                0x0000a0a8                error@@GLIBC_2.4
                0x0000a0b4                chdir@@GLIBC_2.4
                0x0000a0c0                pthread_attr_init@@GLIBC_2.4
                0x0000a0cc                atan2@@GLIBC_2.4
                0x0000a0d8                fputc@@GLIBC_2.4
                0x0000a0e4                __isinff@@GLIBC_2.4
                0x0000a0f0                strtok@@GLIBC_2.4
                0x0000a0fc                ftruncate@@GLIBC_2.4
                0x0000a108                sleep@@GLIBC_2.4
                0x0000a114                strcat@@GLIBC_2.4
                0x0000a120                popen@@GLIBC_2.4
                0x0000a12c                dup2@@GLIBC_2.4
                0x0000a138                puts@@GLIBC_2.4
                0x0000a144                log@@GLIBC_2.4
                0x0000a150                getpid@@GLIBC_2.4
                0x0000a15c                fcntl@@GLIBC_2.4
                0x0000a168                fork@@GLIBC_2.4
                0x0000a174                lseek@@GLIBC_2.4
                0x0000a180                tan@@GLIBC_2.4
                0x0000a18c                snprintf@@GLIBC_2.4
                0x0000a198                fread@@GLIBC_2.4
                0x0000a1a4                pthread_cond_init@@GLIBC_2.4
                0x0000a1b0                strncmp@@GLIBC_2.4
                0x0000a1bc                msgrcv@@GLIBC_2.4
                0x0000a1c8                kill@@GLIBC_2.4
                0x0000a1d4                nanosleep@@GLIBC_2.4
                0x0000a1e0                realloc@@GLIBC_2.4
                0x0000a1ec                pipe@@GLIBC_2.4
                0x0000a1f8                __strdup@@GLIBC_2.4
                0x0000a204                lroundf@@GLIBC_2.4
                0x0000a210                DirectFBInit
                0x0000a21c                strcmp@@GLIBC_2.4
                0x0000a228                exit@@GLIBC_2.4
                0x0000a234                logf@@GLIBC_2.4
                0x0000a240                __errno_location@@GLIBC_2.4
                0x0000a24c                pthread_self@@GLIBC_2.4
                0x0000a258                DirectFBErrorFatal
                0x0000a264                ceil@@GLIBC_2.4
                0x0000a270                sprintf@@GLIBC_2.4
                0x0000a27c                pthread_join@@GLIBC_2.4
                0x0000a288                getpagesize@@GLIBC_2.4
                0x0000a294                shmget@@GLIBC_2.4
 *(.iplt)

.text           0x0000a2a0    0x70b70
 *(.text .stub .text.* .gnu.linkonce.t.*)
 .text          0x0000a2a0       0x3c c:/progra~2/codeso~1/source~1/bin/../arm-none-linux-gnueabi/libc/usr/lib/crt1.o
                0x0000a2a0                _start
 .text          0x0000a2dc       0x24 c:/progra~2/codeso~1/source~1/bin/../arm-none-linux-gnueabi/libc/usr/lib/crti.o
 .text          0x0000a300       0x4c c:/progra~2/codeso~1/source~1/bin/../lib/gcc/arm-none-linux-gnueabi/4.4.1/crtbegin.o
 .text          0x0000a34c       0x18 C:\Program Files (x86)\VT3_8920\VT3\resources\targets\TERA7\lib//vt3_runtime/harfbuzz_fribidi_wrapper_empty.o
                0x0000a34c                LIBHBFB_get_shaped_string_parameters
                0x0000a354                LIBHBFB_call_fribidi_algorithm
                0x0000a35c                LIBHBFB_shaping_is_needed
 .text          0x0000a364     0x2084 C:\Program Files (x86)\VT3_8920\VT3\resources\targets\TERA7\lib/\vt3_runtime\libvt3_runtime.a(vt3_main.obj)
                0x0000a4b4                load_bytearray_F
                0x0000a4b8                save_bytearray_F
                0x0000a4c0                InitBuzzerIntensity
                0x0000a4e4                ReduceBuzzerIntensity
                0x0000a51c                InitExternalBuzzer
                0x0000a538                InitExternalBuzzerExt
                0x0000a550                SetPowerFailShutDown
                0x0000a560                GetPowerFail
                0x0000a570                reference_modules
                0x0000a59c                SetBacklight
                0x0000a5bc                GetLightSensorValue
                0x0000a6f0                InitLightSensor
                0x0000a808                idle_task_keep_alive
                0x0000a870                vt3_make_sure_to_link_magnifier_NOT_CALLED
                0x0000a994                save_bytearray_R
                0x0000ab70                save_bytearray_P
                0x0000ac48                load_bytearray_P
                0x0000aed8                load_bytearray_R
                0x0000b260                SetKeysBacklight
                0x0000b500                ShutDown
                0x0000b518                SetFan
                0x0000b59c                main
                0x0000bbb0                SetExternalBuzzer
                0x0000bcb8                SetBuzzerWithIntensity
                0x0000c264                SetBuzzer
 .text          0x0000c3e8     0x2504 C:\Program Files (x86)\VT3_8920\VT3\resources\targets\TERA7\lib/\vt3_runtime\libvt3_runtime.a(vt3_pdf.obj)
                0x0000c3e8                vt3_PdfViewer_is_touch_point_inside
                0x0000c4b4                vt3_load_pdf_from_usb_to_sd_get_status
                0x0000c57c                vt3_load_pdf_from_usb_to_sd_start
                0x0000c9a8                vt3_sdcard_mount_async
                0x0000cc28                vt3_draw_indicator_PdfViewer
 .text          0x0000e8ec      0xe5c C:\Program Files (x86)\VT3_8920\VT3\resources\targets\TERA7\lib/\vt3_runtime\libvt3_runtime.a(vt3_slaves.obj)
                0x0000e8ec                vt3_CANopen_NMT_start
                0x0000e930                vt3_CANopen_on_received_thread_unsafe
                0x0000ec74                vt3_CANopen_on_received
                0x0000ecb8                vt3_CANopen_SDO_expedited_read
                0x0000ede0                vt3_CANopen_SDO_expedited_write
                0x0000efa4                vt3_CANopen_SDO_get_read_result
                0x0000f250                vt3_CANopen_SDO_get_write_result
                0x0000f4ac                VT3_CONFIGURE_SLAVE__call
 .text          0x0000f748      0x434 C:\Program Files (x86)\VT3_8920\VT3\resources\targets\TERA7\lib/\vt3_runtime\libvt3_runtime.a(vt3_stats.obj)
                0x0000f748                GetVt3CpuStatistics
 .text          0x0000fb7c      0x924 C:\Program Files (x86)\VT3_8920\VT3\resources\targets\TERA7\lib/\vt3_runtime\libvt3_runtime.a(vt3_task.obj)
                0x0000fb7c                timespec_cmp
                0x0000fbd4                timespec_sub
                0x0000fc60                timespec_add
                0x0000fcb4                timespec_to_ms
                0x0000fcec                timespec_zero
                0x0000fcfc                timespec_is_zero
                0x0000fd2c                init_periodic_task
                0x0000fd94                init_task
                0x0000fde4                get_periodic_task_statistic
                0x0000feb8                reset_periodic_task_measure
                0x0000ff2c                start_task
                0x00010018                vt3_get_system_ticks
                0x00010058                vt3_get_ms_since_start
                0x000100a0                prepare_init_task
                0x000100dc                periodic_task
 .text          0x000104a0     0x27c4 C:\Program Files (x86)\VT3_8920\VT3\resources\targets\TERA7\lib/\vt3_runtime\libvt3_runtime.a(vt3_trend.obj)
                0x000104a0                vt3_decimateSamples
                0x0001139c                vt3_trend_SamplingSetup
                0x00011e10                vt3_draw_indicator_Trend
                0x00012ad4                vt3_trend_createCircularBufferFromSamples
 .text          0x00012c64      0xd88 C:\Program Files (x86)\VT3_8920\VT3\resources\targets\TERA7\lib/\vt3_runtime\libvt3_runtime.a(vt3_watchdog.obj)
                0x00012c64                vt3_watchdog_initial_delay_is_expired
                0x00012c74                vt3_watchdog_reset_error
                0x00012cd4                vt3_watchdog_monitor
                0x00012d30                vt3_watchdog_occurred
                0x00012d64                vt3_watchdog_close
                0x00012f34                vt3_watchdog_init
 .text          0x000139ec      0x7b0 C:\Program Files (x86)\VT3_8920\VT3\resources\targets\TERA7\lib/\vt3_runtime\libvt3_runtime.a(akima_interpolator.obj)
                0x000139ec                akima_interpolator_free
                0x00013a2c                akima_interpolator_eval
                0x00013b9c                akima_interpolator_init
 .text          0x0001419c    0x29d74 C:\Program Files (x86)\VT3_8920\VT3\resources\targets\TERA7\lib/\vt3_runtime\libvt3_runtime.a(ieclib.obj)
                0x000141a4                BOOL_TO_SINT
                0x000141ac                BOOL_TO_USINT
                0x000141b0                BYTE_TO_USINT
                0x000141b4                USINT_TO_UINT
                0x000141b8                LREAL_TO_REAL
                0x000141c4                ULINT_TO_LWORD
                0x000141c8                TRUNC_REAL
                0x000141d4                TRUNC_LREAL
                0x000141e0                MAX_DATE_AND_TIME
                0x0001423c                MIN_DATE_AND_TIME
                0x00014298                LIMIT_SINT
                0x000142b8                LIMIT_INT
                0x000142d8                LIMIT_DINT
                0x000142f0                LIMIT_LINT
                0x00014338                LIMIT_USINT
                0x00014350                LIMIT_UINT
                0x00014368                LIMIT_UDINT
                0x00014380                LIMIT_ULINT
                0x000143c8                LIMIT_BOOL
                0x000143e0                LIMIT_BYTE
                0x000143f8                LIMIT_WORD
                0x00014410                LIMIT_DWORD
                0x00014428                LIMIT_LWORD
                0x00014470                LIMIT_REAL
                0x000144ac                LIMIT_LREAL
                0x00014504                LIMIT_TIME
                0x0001451c                LIMIT_DATE
                0x00014534                LIMIT_TIME_OF_DAY
                0x0001454c                LIMIT_DATE_AND_TIME
                0x000145d0                GT_DATE_AND_TIME_2
                0x00014624                GE_DATE_AND_TIME_2
                0x00014678                EQ_DATE_AND_TIME_2
                0x000146c8                LE_DATE_AND_TIME_2
                0x0001471c                LT_DATE_AND_TIME_2
                0x00014770                NE_DATE_AND_TIME
                0x000147b8                vt3_fix_string_sizes
                0x000147f8                ADD_DT_TIME
                0x000148e4                MULTIME
                0x000148ec                CONCAT_DATE_TOD
                0x000148f4                DT_TO_TOD
                0x0001490c                DT_TO_DATE
                0x00014920                DATE_TO_YEAR
                0x00014a4c                DATE_TO_MONTH
                0x00014b60                DATE_TO_DAY
                0x00014c80                TOD_TO_HOUR
                0x00014c94                TOD_TO_MINUTE
                0x00014ccc                TOD_TO_SECOND
                0x00014d04                TOD_TO_MS
                0x00014d28                SR__call
                0x00014d68                RS__call
                0x00014dac                R_TRIG__call
                0x00014df0                F_TRIG__call
                0x00014e34                CTU__call
                0x00014ed0                CTU_DINT__call
                0x00014f40                CTU_UDINT__call
                0x00014fb0                CTU_LINT__call
                0x0001503c                CTU_ULINT__call
                0x000150c8                CTD__call
                0x00015144                CTD_DINT__call
                0x000151ac                CTD_UDINT__call
                0x0001520c                CTD_LINT__call
                0x00015284                CTD_ULINT__call
                0x00015304                CTUD__call
                0x000153f0                CTUD_DINT__call
                0x000154d4                CTUD_UDINT__call
                0x000155b4                CTUD_LINT__call
                0x000156f8                CTUD_ULINT__call
                0x00015814                regression_error_handler
                0x00015824                TOF__init
                0x00015854                TON__init
                0x00015884                TP__init
                0x000158b4                CTUD_ULINT__init
                0x000158f0                CTUD_LINT__init
                0x0001592c                CTUD_UDINT__init
                0x0001595c                CTUD_DINT__init
                0x0001598c                CTUD__init
                0x000159b8                CTD_ULINT__init
                0x000159f4                CTD_LINT__init
                0x00015a30                CTD_UDINT__init
                0x00015a5c                CTD_DINT__init
                0x00015a88                CTD__init
                0x00015ab0                CTU_ULINT__init
                0x00015aec                CTU_LINT__init
                0x00015b28                CTU_UDINT__init
                0x00015b54                CTU_DINT__init
                0x00015b80                CTU__init
                0x00015ba8                F_TRIG__init
                0x00015bcc                R_TRIG__init
                0x00015bf0                RS__init
                0x00015c14                SR__init
                0x00015c38                vt3_atomic_read_lreal
                0x00015c94                vt3_atomic_read_date_and_time
                0x00015cfc                vt3_atomic_read_ulint
                0x00015d5c                vt3_atomic_read_lint
                0x00015dbc                vt3_atomic_read_lword
                0x00015e1c                TP__call
                0x00015f00                GET_SYSTEM_MILLISECONDS
                0x00015f40                LT_DATE_AND_TIME_N
                0x00016140                LT_TIME_OF_DAY_N
                0x0001625c                LT_DATE_N
                0x00016378                LT_TIME_N
                0x00016494                LT_LREAL_N
                0x00016674                LT_REAL_N
                0x00016834                LT_LWORD_N
                0x000169a4                LT_DWORD_N
                0x00016ac0                LT_WORD_N
                0x00016bf0                LT_BYTE_N
                0x00016d20                LT_ULINT_N
                0x00016e90                LT_UDINT_N
                0x00016fac                LT_UINT_N
                0x000170dc                LT_USINT_N
                0x0001720c                LT_LINT_N
                0x0001737c                LT_DINT_N
                0x00017498                LT_INT_N
                0x000175f4                LT_SINT_N
                0x00017750                LT_BOOL_N
                0x00017880                LE_DATE_AND_TIME_N
                0x00017a80                LE_TIME_OF_DAY_N
                0x00017b9c                LE_DATE_N
                0x00017cb8                LE_TIME_N
                0x00017dd4                LE_LREAL_N
                0x00017fb4                LE_REAL_N
                0x00018174                LE_LWORD_N
                0x000182e4                LE_DWORD_N
                0x00018400                LE_WORD_N
                0x00018530                LE_BYTE_N
                0x00018660                LE_ULINT_N
                0x000187d0                LE_UDINT_N
                0x000188ec                LE_UINT_N
                0x00018a1c                LE_USINT_N
                0x00018b4c                LE_LINT_N
                0x00018cbc                LE_DINT_N
                0x00018dd8                LE_INT_N
                0x00018f34                LE_SINT_N
                0x00019090                LE_BOOL_N
                0x000191c0                EQ_DATE_AND_TIME_N
                0x00019340                EQ_TIME_OF_DAY_N
                0x0001944c                EQ_DATE_N
                0x00019558                EQ_TIME_N
                0x00019664                EQ_LREAL_N
                0x00019844                EQ_REAL_N
                0x00019a04                EQ_LWORD_N
                0x00019b54                EQ_DWORD_N
                0x00019c60                EQ_WORD_N
                0x00019d80                EQ_BYTE_N
                0x00019ea0                EQ_ULINT_N
                0x00019ff0                EQ_UDINT_N
                0x0001a0fc                EQ_UINT_N
                0x0001a21c                EQ_USINT_N
                0x0001a33c                EQ_LINT_N
                0x0001a48c                EQ_DINT_N
                0x0001a598                EQ_INT_N
                0x0001a6cc                EQ_SINT_N
                0x0001a800                EQ_BOOL_N
                0x0001a920                GE_DATE_AND_TIME_N
                0x0001ab20                GE_TIME_OF_DAY_N
                0x0001ac3c                GE_DATE_N
                0x0001ad58                GE_TIME_N
                0x0001ae74                GE_LREAL_N
                0x0001b054                GE_REAL_N
                0x0001b214                GE_LWORD_N
                0x0001b384                GE_DWORD_N
                0x0001b4a0                GE_WORD_N
                0x0001b5d0                GE_BYTE_N
                0x0001b700                GE_ULINT_N
                0x0001b870                GE_UDINT_N
                0x0001b98c                GE_UINT_N
                0x0001babc                GE_USINT_N
                0x0001bbec                GE_LINT_N
                0x0001bd5c                GE_DINT_N
                0x0001be78                GE_INT_N
                0x0001bfd4                GE_SINT_N
                0x0001c130                GE_BOOL_N
                0x0001c260                GT_DATE_AND_TIME_N
                0x0001c460                GT_TIME_OF_DAY_N
                0x0001c57c                GT_DATE_N
                0x0001c698                GT_TIME_N
                0x0001c7b4                GT_LREAL_N
                0x0001c994                GT_REAL_N
                0x0001cb54                GT_LWORD_N
                0x0001ccc4                GT_DWORD_N
                0x0001cde0                GT_WORD_N
                0x0001cf10                GT_BYTE_N
                0x0001d040                GT_ULINT_N
                0x0001d1b0                GT_UDINT_N
                0x0001d2cc                GT_UINT_N
                0x0001d3fc                GT_USINT_N
                0x0001d52c                GT_LINT_N
                0x0001d69c                GT_DINT_N
                0x0001d7b8                GT_INT_N
                0x0001d914                GT_SINT_N
                0x0001da70                GT_BOOL_N
                0x0001dba0                runtime_error_init
                0x0001dbe0                vt3_free_temporary_strings
                0x0001dc1c                ATAN_LREAL
                0x0001dc20                ATAN_REAL
                0x0001dc24                on_error
                0x0001e09c                runtime_error
                0x0001e1dc                STRING_TO_LREAL
                0x0001e234                STRING_TO_REAL
                0x0001e28c                STRING_TO_ULINT
                0x0001e2ec                STRING_TO_LINT
                0x0001e34c                STRING_TO_UDINT
                0x0001e3d0                STRING_TO_DINT
                0x0001e464                STRING_TO_UINT
                0x0001e4d8                STRING_TO_INT
                0x0001e558                STRING_TO_USINT
                0x0001e5cc                STRING_TO_SINT
                0x0001e64c                STRING_TO_LWORD
                0x0001e6ac                STRING_TO_DWORD
                0x0001e730                STRING_TO_WORD
                0x0001e7a4                STRING_TO_BYTE
                0x0001e818                STRING_TO_BOOL
                0x0001e88c                MOVE_WSTRING
                0x0001e93c                MOVE_STRING
                0x0001e9e8                LEN_WSTRING
                0x0001ea1c                LEN_STRING
                0x0001ea50                vt3_alloc_wstring
                0x0001eac8                DELETE_WSTRING
                0x0001eb8c                INSERT_WSTRING
                0x0001ec80                MID_WSTRING
                0x0001ed34                RIGHT_WSTRING
                0x0001edc4                LEFT_WSTRING
                0x0001ee48                vt3_alloc_string
                0x0001eeb8                WSTRING_TO_STRING
                0x0001f458                DELETE_STRING
                0x0001f52c                REPLACE_STRING
                0x0001f648                INSERT_STRING
                0x0001f730                MID_STRING
                0x0001f7e4                RIGHT_STRING
                0x0001f874                LEFT_STRING
                0x0001f8f8                MOD_LWORD
                0x0001f93c                MOD_DWORD
                0x0001f968                MOD_WORD
                0x0001f994                MOD_BYTE
                0x0001f9c0                MOD_ULINT
                0x0001fa04                MOD_UDINT
                0x0001fa30                MOD_UINT
                0x0001fa5c                MOD_USINT
                0x0001fa88                MOD_LINT
                0x0001faf8                MOD_DINT
                0x0001fb38                MOD_INT
                0x0001fb84                MOD_SINT
                0x0001fbd0                DIV_LREAL
                0x0001fc5c                DIV_REAL
                0x0001fcc0                DIV_LWORD
                0x0001fd00                DIV_DWORD
                0x0001fd28                DIV_WORD
                0x0001fd54                DIV_BYTE
                0x0001fd80                DIV_ULINT
                0x0001fdc0                DIV_UDINT
                0x0001fde8                DIV_UINT
                0x0001fe14                DIV_USINT
                0x0001fe40                DIV_LINT
                0x0001fec0                DIV_DINT
                0x0001ff0c                DIV_INT
                0x0001ff60                DIV_SINT
                0x0001ffb4                SUB_LREAL
                0x0001ffe0                SUB_REAL
                0x00020004                MUL_LREAL
                0x00020030                MUL_REAL
                0x00020054                ADD_LREAL
                0x00020080                ADD_REAL
                0x000200a4                ACOS_LREAL
                0x00020148                ACOS_REAL
                0x000201c0                ASIN_LREAL
                0x00020264                ASIN_REAL
                0x000202dc                TAN_LREAL
                0x0002030c                TAN_REAL
                0x00020334                EXP_LREAL
                0x00020364                EXP_REAL
                0x00020394                LOG_LREAL
                0x000203fc                LOG_REAL
                0x0002044c                LN_LREAL
                0x000204b4                LN_REAL
                0x00020504                SQRT_LREAL
                0x0002056c                SQRT_REAL
                0x000205bc                ABS_LINT
                0x00020604                ABS_DINT
                0x0002062c                ABS_INT
                0x00020658                ABS_SINT
                0x00020684                LREAL_TO_LWORD
                0x000206e0                REAL_TO_LWORD
                0x00020728                LINT_TO_LWORD
                0x0002074c                DINT_TO_LWORD
                0x00020770                INT_TO_LWORD
                0x00020794                SINT_TO_LWORD
                0x000207b8                LREAL_TO_DWORD
                0x00020818                REAL_TO_DWORD
                0x00020860                LWORD_TO_DWORD
                0x00020894                ULINT_TO_DWORD
                0x000208c8                UDINT_TO_DWORD
                0x000208e4                LINT_TO_DWORD
                0x00020918                DINT_TO_DWORD
                0x00020934                INT_TO_DWORD
                0x00020950                SINT_TO_DWORD
                0x0002096c                LREAL_TO_WORD
                0x000209cc                REAL_TO_WORD
                0x00020a18                LWORD_TO_WORD
                0x00020a50                DWORD_TO_WORD
                0x00020a74                ULINT_TO_WORD
                0x00020aac                UDINT_TO_WORD
                0x00020ad0                LINT_TO_WORD
                0x00020b08                DINT_TO_WORD
                0x00020b2c                runtime_error_thread
                0x00020c78                STRING_TO_WSTRING
                0x00020d90                SET_CURRENT_DATE_AND_TIME
                0x00020e84                SUB_DT_TIME
                0x00020f74                TOF__call
                0x00021048                TON__call
                0x00021108                DIVTIME
                0x00021154                LE_STRING_N
                0x00021438                LE_WSTRING_N
                0x00021728                GT_STRING_N
                0x00021a18                GT_WSTRING_N
                0x00021d14                REAL_TO_STRING
                0x00021dcc                ULINT_TO_STRING
                0x00021e80                BOOL_TO_STRING
                0x00021f3c                CONCAT_WSTRING
                0x000220c4                LREAL_TO_STRING
                0x00022178                LWORD_TO_STRING
                0x0002222c                CONCAT_STRING
                0x000223a4                LINT_TO_STRING
                0x00022458                UDINT_TO_STRING
                0x00022514                UINT_TO_STRING
                0x000225d0                DINT_TO_STRING
                0x0002268c                DWORD_TO_STRING
                0x00022748                USINT_TO_STRING
                0x00022804                BYTE_TO_STRING
                0x000228c0                INT_TO_STRING
                0x0002297c                WORD_TO_STRING
                0x00022a38                SINT_TO_STRING
                0x00022af4                REPLACE_WSTRING
                0x00022cdc                EQ_WSTRING_N
                0x00022fc0                EQ_STRING_N
                0x00023298                INT_TO_BOOL
                0x000233e8                SINT_TO_BOOL
                0x00023538                HMS_TO_TOD
                0x00023a30                YMD_TO_DATE
                0x00023e98                GET_CURRENT_DATE_AND_TIME
                0x00023f6c                SUB_DT_DT
                0x000240d8                SUB_TOD_TOD
                0x0002423c                SUB_TOD_TIME
                0x000243c4                SUB_DATE_DATE
                0x00024514                SUB_TIME
                0x00024680                ADD_TOD_TIME
                0x000247e0                ADD_TIME
                0x0002494c                DWORD_TO_INT
                0x00024a90                WORD_TO_INT
                0x00024bd8                ULINT_TO_INT
                0x00024d30                UDINT_TO_INT
                0x00024e74                UINT_TO_INT
                0x00024fbc                LINT_TO_INT
                0x00025124                DINT_TO_INT
                0x0002526c                LREAL_TO_SINT
                0x00025400                REAL_TO_SINT
                0x00025578                LWORD_TO_SINT
                0x000256c4                DWORD_TO_SINT
                0x00025808                WORD_TO_SINT
                0x0002594c                BYTE_TO_SINT
                0x00025a94                ULINT_TO_SINT
                0x00025be0                UDINT_TO_SINT
                0x00025d24                UINT_TO_SINT
                0x00025e68                USINT_TO_SINT
                0x00025fb0                LINT_TO_SINT
                0x0002610c                DINT_TO_SINT
                0x00026254                INT_TO_SINT
                0x000263a0                LREAL_TO_BOOL
                0x00026538                REAL_TO_BOOL
                0x000266b4                LWORD_TO_BOOL
                0x00026810                DWORD_TO_BOOL
                0x0002695c                WORD_TO_BOOL
                0x00026aa8                BYTE_TO_BOOL
                0x00026bf4                ULINT_TO_BOOL
                0x00026d50                UDINT_TO_BOOL
                0x00026e9c                UINT_TO_BOOL
                0x00026fe8                USINT_TO_BOOL
                0x00027134                LINT_TO_BOOL
                0x00027290                DINT_TO_BOOL
                0x000273dc                INT_TO_WORD
                0x00027520                SINT_TO_WORD
                0x00027664                LREAL_TO_BYTE
                0x000277f4                REAL_TO_BYTE
                0x0002796c                LWORD_TO_BYTE
                0x00027ab8                DWORD_TO_BYTE
                0x00027bfc                WORD_TO_BYTE
                0x00027d40                ULINT_TO_BYTE
                0x00027e8c                UDINT_TO_BYTE
                0x00027fd0                UINT_TO_BYTE
                0x00028114                LINT_TO_BYTE
                0x00028260                DINT_TO_BYTE
                0x000283a4                INT_TO_BYTE
                0x000284ec                SINT_TO_BYTE
                0x00028630                LREAL_TO_ULINT
                0x000287b8                REAL_TO_ULINT
                0x00028928                LINT_TO_ULINT
                0x00028a7c                DINT_TO_ULINT
                0x00028bd8                INT_TO_ULINT
                0x00028d34                SINT_TO_ULINT
                0x00028e90                LREAL_TO_UDINT
                0x0002901c                REAL_TO_UDINT
                0x0002918c                LWORD_TO_UDINT
                0x000292e0                ULINT_TO_UDINT
                0x00029434                LINT_TO_UDINT
                0x00029588                DINT_TO_UDINT
                0x000296cc                INT_TO_UDINT
                0x00029810                SINT_TO_UDINT
                0x00029954                LREAL_TO_UINT
                0x00029ae4                REAL_TO_UINT
                0x00029c5c                LWORD_TO_UINT
                0x00029db4                DWORD_TO_UINT
                0x00029ef8                ULINT_TO_UINT
                0x0002a050                UDINT_TO_UINT
                0x0002a194                LINT_TO_UINT
                0x0002a2ec                DINT_TO_UINT
                0x0002a430                INT_TO_UINT
                0x0002a574                SINT_TO_UINT
                0x0002a6b8                LREAL_TO_USINT
                0x0002a848                REAL_TO_USINT
                0x0002a9c0                LWORD_TO_USINT
                0x0002ab0c                DWORD_TO_USINT
                0x0002ac50                WORD_TO_USINT
                0x0002ad94                ULINT_TO_USINT
                0x0002aee0                UDINT_TO_USINT
                0x0002b024                UINT_TO_USINT
                0x0002b168                LINT_TO_USINT
                0x0002b2b4                DINT_TO_USINT
                0x0002b3f8                INT_TO_USINT
                0x0002b540                SINT_TO_USINT
                0x0002b684                LREAL_TO_LINT
                0x0002b810                REAL_TO_LINT
                0x0002b97c                LWORD_TO_LINT
                0x0002bad0                ULINT_TO_LINT
                0x0002bc24                LREAL_TO_DINT
                0x0002bdb4                REAL_TO_DINT
                0x0002bf20                LWORD_TO_DINT
                0x0002c074                DWORD_TO_DINT
                0x0002c1b8                ULINT_TO_DINT
                0x0002c30c                UDINT_TO_DINT
                0x0002c450                LINT_TO_DINT
                0x0002c5b4                LREAL_TO_INT
                0x0002c748                REAL_TO_INT
                0x0002c8c0                LWORD_TO_INT
                0x0002ca18                FIND_WSTRING
                0x0002cd00                FIND_STRING
                0x0002cfe4                NE_WSTRING
                0x0002d2e0                NE_STRING
                0x0002d5d8                LT_WSTRING_2
                0x0002d8e8                LT_WSTRING_N
                0x0002dabc                MIN_WSTRING
                0x0002dd60                LT_STRING_2
                0x0002e06c                LT_STRING_N
                0x0002e240                MIN_STRING
                0x0002e4e4                LE_WSTRING_2
                0x0002e7e0                LE_STRING_2
                0x0002ead8                EQ_WSTRING_2
                0x0002edd4                EQ_STRING_2
                0x0002f0cc                GE_WSTRING_2
                0x0002f3e0                GE_WSTRING_N
                0x0002f5b4                GE_STRING_2
                0x0002f8c4                GE_STRING_N
                0x0002fa98                GT_WSTRING_2
                0x0002fd98                LIMIT_WSTRING
                0x000302f8                MAX_WSTRING
                0x0003064c                GT_STRING_2
                0x00030948                LIMIT_STRING
                0x00030e98                MAX_STRING
                0x000311e8                MUX_LWORD
                0x00031400                MUX_DWORD
                0x000315e8                MUX_WORD
                0x000317d4                MUX_BYTE
                0x000319bc                MUX_WSTRING
                0x00031ba4                MUX_STRING
                0x00031d8c                MUX_DATE_AND_TIME
                0x00031fb8                MUX_TIME_OF_DAY
                0x000321a0                MUX_DATE
                0x00032388                MUX_TIME
                0x00032570                MUX_LREAL
                0x00032780                MUX_REAL
                0x00032990                MUX_ULINT
                0x00032ba8                MUX_UDINT
                0x00032d90                MUX_UINT
                0x00032f7c                MUX_USINT
                0x00033164                MUX_LINT
                0x0003337c                MUX_DINT
                0x00033564                MUX_INT
                0x00033754                MUX_SINT
                0x00033940                MUX_BOOL
                0x00033b28                EXPT_LREAL
                0x00033c84                EXPT_REAL
                0x00033e00                vt3_ieclib_test
 .text          0x0003df10     0xd8fc C:\Program Files (x86)\VT3_8920\VT3\resources\targets\TERA7\lib/\vt3_runtime\libvt3_runtime.a(lcd_dfb.obj)
                0x0003df10                getSuperDFB
                0x0003df20                getPrimarySurface
                0x0003df30                LcdGetScreenRes
                0x0003df50                LcdRefreshRect
                0x0003df8c                LcdShutdown
                0x0003dfd4                LcdSetClip
                0x0003e048                LcdResetClip
                0x0003e530                LcdDrawBoxRGB565Internal
                0x0003e5f0                LcdQuadrilateral
                0x0003e79c                LcdGetFontMaxAdvance
                0x0003e7bc                LcdGetStringWidth
                0x0003e7fc                LcdKeyEventReset
                0x0003e820                LcdColorKeyTest
                0x0003e828                LcdGetDrawingFlags
                0x0003e858                LcdSetDrawingFlags
                0x0003f6d8                FillSpans
                0x0003f748                DrawDashedOrContinuosCircumference
                0x0003fcf0                LcdReleaseFont
                0x0003fd40                LcdRectangle
                0x0003ff08                BarGraphColor
                0x000402a4                LcdRectangleWH
                0x00040304                LcdDrawFixAdvNumberDFBThroughGlyphs
                0x0004052c                LcdDrawFixAdvNumberDFB
                0x00040650                LcdDrawTextDFBThroughGlyphs
                0x00040998                LcdDrawTextDFB
                0x00040a90                LcdTriangle
                0x00040c00                LcdLineLimitW
                0x0004126c                LcdCircle
                0x0004159c                LcdLine
                0x00041650                LcdDrawBox
                0x000416d4                LcdSetPixel
                0x00041750                LcdFill
                0x00041f50                SaveImage
                0x00042018                LcdDrawText
                0x00042440                LcdKeyEventHandler
                0x00042620                LcdLoadFont
                0x000426f8                LcdGetFixAdvStringWidth
                0x000428f8                IsSavedImage
                0x000433bc                LcdDrawSubBitMapIcon
                0x00043408                LcdDrawBitMapIcon
                0x00043570                LcdDrawSubIcon
                0x000435ac                LcdDrawIcon
                0x000435cc                LcdGetImageDimension
                0x000435f4                LcdSetBacklight
                0x000436b8                LcdSetBlank
                0x000436d8                LcdRefresh
                0x00043860                LcdInit
                0x000440c8                LcdLineLimitW_rev1
                0x00044710                LcdLineLimit
                0x00044870                LcdLine_rev1
                0x00044968                LcdEllipse
                0x0004a57c                LcdEllipse_CallFunction
                0x0004a660                LcdCircle_rev1
                0x0004b41c                LcdCircleW
 .text          0x0004b80c      0x170 C:\Program Files (x86)\VT3_8920\VT3\resources\targets\TERA7\lib/\vt3_runtime\libvt3_runtime.a(lcd_dfb_testable.obj)
                0x0004b80c                COLOR_NULL
                0x0004b84c                COLOR_TRANSPARENT
                0x0004b8a4                COLOR_EQ
                0x0004b8f4                COLOR_VALID
 .text          0x0004b97c     0x5534 C:\Program Files (x86)\VT3_8920\VT3\resources\targets\TERA7\lib/\vt3_runtime\libvt3_runtime.a(vt3_can_j1939.obj)
                0x0004b97c                vt3_j1939_stop_connections
                0x0004bc0c                vt3_is_j1939_message
                0x0004bc24                vt3_j1939_PGN_reset_timestamp
                0x0004c0f0                vt3_j1939_send_PGN_REQUEST
                0x0004c734                vt3_send_j1939_msg
                0x0004cc40                vt3_j1939_connection_manager
                0x0004d9c0                vt3_j1939_process_msg
 .text          0x00050eb0       0x20 C:\Program Files (x86)\VT3_8920\VT3\resources\targets\TERA7\lib/\vt3_runtime\libvt3_runtime.a(vt3_can_j1939_network.obj)
                0x00050eb0                vt3_j1939_ac_is_address_claimed
                0x00050ec0                vt3_j1939_ac_get_address
 .text          0x00050ed0     0x573c C:\Program Files (x86)\VT3_8920\VT3\resources\targets\TERA7\lib/\vt3_runtime\libvt3_runtime.a(vt3_canlib.obj)
                0x00050ed0                rio_ARM2_init
                0x00050ed4                rio_ARM2_read
                0x00050ed8                rio_ARM2_write
                0x00050edc                rio_ARM2_config
                0x00050ee0                rio_ASA_360_CBP_init
                0x00050ee4                rio_ASA_360_CBP_read
                0x00050ee8                rio_ASA_360_CBP_write
                0x00050eec                rio_ASA_360_CBP_config
                0x00050ef0                vt3_check_alive_nodes
                0x00050fa8                vt3_set_node_alive_flag
                0x00050fd0                vt3_is_node_alive
                0x0005100c                RemoteRead_Init
                0x000510a4                vt3_can_schedule
                0x000510dc                vt3_can_check_busoff
                0x000510f8                vt3_decrement_can_timers
                0x000512f8                REMOTE_STATUS
                0x00051390                vt3_canlib_Management_Rx_Alarm
                0x0005140c                vt3_CanWatchdog
                0x0005142c                vt3_CanCheckAlarm
                0x000518b4                vt3_get_canmsg
                0x000518d0                vt3_get_canmsg_count
                0x000518e4                vt3_update_req
                0x00051914                vt3_update_completed
                0x00051944                vt3_update_get_ack
                0x00051980                vt3_can_daemon_version
                0x000519a8                vt3_change_cobid_rx
                0x00051b98                vt3_change_cobid_tx
                0x00051d88                vt3_set_can_param
                0x000520e0                vt3_send_canmsg
                0x0005216c                REMOTE_READ
                0x0005247c                REMOTE_READ_TIME_OF_DAY
                0x00052484                REMOTE_READ_TIME
                0x0005248c                REMOTE_READ_DATE
                0x00052494                REMOTE_READ_REAL
                0x000524a4                REMOTE_READ_USINT
                0x000524b8                REMOTE_READ_UINT
                0x000524cc                REMOTE_READ_UDINT
                0x000524d4                REMOTE_READ_SINT
                0x000524e8                REMOTE_READ_INT
                0x000524fc                REMOTE_READ_DINT
                0x00052504                REMOTE_READ_BYTE
                0x00052518                REMOTE_READ_WORD
                0x0005252c                REMOTE_READ_DWORD
                0x00052534                REMOTE_READ_BOOL
                0x00052548                Func_request_Read_Alarm_Status
                0x00052600                Func_request_Acknowledge_Alarm
                0x00052694                Func_request_Read_Event_Log
                0x00052750                Can_buffer_used_Tx
                0x00052770                vt3_common_init_interface
                0x00052ae8                vt3_init_interface
                0x00052d9c                REMOTE_DEVICE_STATUS
                0x00053768                REMOTE_RELEASE_FORCE
                0x000537ac                REMOTE_FORCE_VARLEN
                0x0005383c                REMOTE_WRITE_TIME_OF_DAY
                0x00053844                REMOTE_WRITE_TIME
                0x0005384c                REMOTE_WRITE_DATE
                0x00053854                REMOTE_WRITE_REAL
                0x0005385c                REMOTE_WRITE_USINT
                0x00053864                REMOTE_WRITE_UINT
                0x0005386c                REMOTE_WRITE_UDINT
                0x00053874                REMOTE_WRITE_SINT
                0x0005387c                REMOTE_WRITE_INT
                0x00053884                REMOTE_WRITE_DINT
                0x0005388c                REMOTE_WRITE_BYTE
                0x00053894                REMOTE_WRITE_WORD
                0x0005389c                REMOTE_WRITE_DWORD
                0x000538a4                REMOTE_WRITE_BOOL
                0x000538ac                REMOTE_FORCE_USINT
                0x00053938                REMOTE_FORCE_BOOL
                0x000539c4                REMOTE_FORCE_UINT
                0x00053a50                REMOTE_FORCE_UDINT
                0x00053adc                REMOTE_FORCE_SINT
                0x00053b68                REMOTE_FORCE_INT
                0x00053bf4                REMOTE_FORCE_DINT
                0x00053c80                REMOTE_FORCE_BYTE
                0x00053d0c                REMOTE_FORCE_WORD
                0x00053d98                REMOTE_FORCE_DWORD
                0x00054248                vt3_transmit_EL_write
                0x000561e8                vt3_CanRxAllRead
 .text          0x0005660c      0xb18 C:\Program Files (x86)\VT3_8920\VT3\resources\targets\TERA7\lib/\vt3_runtime\libvt3_runtime.a(vt3_canlib_testable.obj)
                0x0005660c                vt3_get_received_j1939_sa
                0x0005661c                vt3_apply_cobid_change
                0x000568dc                vt3_J1939_process_received_MP
                0x00056bf8                vt3_canlib_process_received_message
 .text          0x00057124     0x5d08 C:\Program Files (x86)\VT3_8920\VT3\resources\targets\TERA7\lib/\vt3_runtime\libvt3_runtime.a(vt3_elog.obj)
                0x00057154                ALM_login_state
                0x00057250                ALM_set_login_state
                0x00057350                ALM_init_login_cycles_timeout
                0x00057454                write_vt3_devices_alarm_status
                0x00057568                ALM_all_sum
                0x0005775c                EL_write_answer
                0x0005793c                EL_reset_vars
                0x00057b14                EL_poll_read
                0x00057d30                EL_poll_write
                0x00057f48                crc16_generic
                0x000580d0                EL_get_failure_count
                0x000582ac                ALM_set
                0x00058324                ALM_rtn
                0x000583cc                ALM_seek_local_SPN_FMI
                0x00058698                ALM_ack_local
                0x000586d8                ALM_get
                0x00058704                ALM_poll_set
                0x0005875c                ALM_slot_free
                0x0005877c                ALM_poll
                0x000587f4                ALM_filter_local
                0x00058bf0                ALM_SPN_FMI_PRI_TO_AGUID
                0x00058c10                ALM_AGUID_TO_SPN
                0x00058c20                ALM_AGUID_TO_FMI
                0x00058c28                ALM_AGUID_TO_PRI
                0x00058c30                ALM_filter
                0x00058dfc                ALM_seek_local_AGUID
                0x00058e60                ALM_Group_To_IDS_index
                0x00058eb4                ALM_Priority_To_IDS_index
                0x00058f08                ALM_spn_To_IDS_index
                0x00058f5c                ALM_Fmi_To_IDS_index
                0x00058fb0                EL_poll_read_set
                0x000591e8                EL_initialize
                0x0005926c                EL_shutdown
                0x00059498                EL_crc16
                0x00059858                EL_read_local
                0x00059d24                EL_read
                0x00059fac                EL_format_local
                0x0005a3f4                ALM_SPN_To_IDS_index
                0x0005a448                ALM_FMI_To_IDS_index
                0x0005a49c                ALM_ack_AGUID
                0x0005a580                EL_write_local
                0x0005a900                EL_write
                0x0005b254                EL_task
 .text          0x0005ce2c     0x36cc C:\Program Files (x86)\VT3_8920\VT3\resources\targets\TERA7\lib/\vt3_runtime\libvt3_runtime.a(vt3_lcd_3b6.obj)
                0x0005ce2c                vt3_LoadFont
                0x0005ce34                vt3_draw_indicator_PlaceHolder
                0x0005ce50                doInterpolate_rev2
                0x0005ce9c                vt3_set_camera_background_color
                0x0005ceb4                vt3_draw_indicator_PhysicalKey
                0x0005cf54                vt3_draw_indicator_ReaderPNG
                0x0005cf58                vt3_draw_indicator_PhysicalIndicator
                0x0005d154                vt3_draw_indicator_SimpleTriangle
                0x0005d2b8                doCalcolaDistanza_rev2
                0x0005d2f4                vt3_draw_indicator_SimpleCircle
                0x0005d4c8                vt3_draw_indicator_SimpleRect
                0x0005d684                vt3_draw_indicator_SimpleLine
                0x0005d734                vt3_draw_indicator_CircularGauge
                0x0005da14                vt3_draw_image_haligned
                0x0005dd6c                vt3_is_saved_image
                0x0005dd70                vt3_save_image
                0x0005dd74                vt3_FormatDecimalNum
                0x0005ddec                vt3_release_shaped_strings_from_cache
                0x0005de84                vt3_LoadFontLate
                0x0005dec4                vt3_LcdShutdown
                0x0005df38                vt3_LcdInit
                0x0005dfe0                vt3_draw_indicator_PAL_Camera
                0x0005e820                GetStringPixelLength
                0x0005ed34                vt3_draw_text_len
                0x0005edfc                vt3_draw_text
                0x0005eeb8                vt3_draw_indicator_RoundBubbleLevel_rev2
                0x0005fb2c                GetStrLenFromPixelLen
                0x0005fc0c                vt3_draw_image_with_offset
                0x0005ff68                vt3_draw_image
                0x0005ffa8                vt3_draw_indicator_SubScreen
                0x00060038                vt3_draw_indicator_MultiBitmap
                0x000600d8                vt3_draw_indicator_Number
 .text          0x000604f8       0x8c C:\Program Files (x86)\VT3_8920\VT3\resources\targets\TERA7\lib/\vt3_runtime\libvt3_runtime.a(vt3_lcd_magnifier.obj)
                0x000604f8                vt3_draw_indicator_Magnifier
 .text          0x00060584     0x1a9c C:\Program Files (x86)\VT3_8920\VT3\resources\targets\TERA7\lib/\vt3_runtime\libvt3_runtime.a(vt3_lcd_menu.obj)
                0x000605e0                get_safe_c_string_from_PSTRING
                0x000608d8                vt3_draw_indicator_Menu
 .text          0x00062020     0xec9c C:\Program Files (x86)\VT3_8920\VT3\resources\targets\TERA7\lib/\vt3_runtime\libvt3_runtime.a(vt3_lcd_tl.obj)
                0x00062020                vt3_get_pressed_char
                0x00062030                vt3_schedule
                0x0006205c                vt3_dummy_set_focus
                0x00062060                vt3_dummy_kill_focus
                0x00062064                vt3_dummy_has_focus
                0x0006206c                vt3_dummy_is_touch_point_inside
                0x00062074                vt3_dummy_is_enabled
                0x0006207c                vt3_has_focus
                0x00062224                vt3_virtual_keyboard_key_handler
                0x000626a8                vt3_convert_number_to_string_with_mask
                0x00062f60                vt3_focus_indicator_search_forward
                0x000630c8                vt3_focus_indicator_search_backward
                0x00063274                vt3_convert_dword2color
                0x00063298                vt3_set_focus_null
                0x000632d4                vt3_get_grid_cell_x
                0x000632f8                vt3_get_grid_cell_y
                0x00063310                vt3_get_grid_cell_w
                0x00063328                vt3_get_grid_cell_h
                0x00063334                vt3_get_grid_cell_row
                0x000634c4                vt3_get_grid_cell_col
                0x000636a8                vt3_set_knob_sel_null
                0x000636e0                vt3_touch_filter_indicator_touch_event
                0x00063780                vt3_testbench_inject_touch_down_event
                0x000637ac                vt3_testbench_inject_touch_up_event
                0x000637c0                vt3_draw_simulated_touch
                0x00063d04                vt3_trend_drawLabel
                0x00063d58                vt3_end_callback_knob
                0x00063d64                vt3_start_callback_knob
                0x00063d70                vt3_draw_indicator_Grid
                0x00063fb4                vt3_draw_indicator_SimpleText
                0x0006409c                vt3_draw_selection_border
                0x000644bc                vt3_convert_string_with_mask_to_number
                0x000651e0                vt3_draw_on_screen_keyboard
                0x00065964                vt3_set_knob_sel_indicator
                0x00065998                vt3_set_focus_indicator
                0x00065a0c                vt3_draw_indicator_Screen
                0x00065d44                vt3_draw_indicator_AlarmQuick
                0x000664fc                translate_alarm_status
                0x000665c0                vt3_draw_indicator_MultiText
                0x000669d8                vt3_set_knob_sel_next
                0x000669e0                vt3_set_focus_next
                0x000669e8                vt3_set_focus_first
                0x00066a2c                vt3_set_knob_sel_first
                0x00066a6c                vt3_draw_indicator_AlarmLogTable
                0x00068af0                vt3_draw_indicator_Touch
                0x00069060                vt3_draw_indicator_NumberEditable
                0x0006a054                vt3_draw_indicator_SimpleTextEditable
                0x0006bf90                vt3_set_prev
                0x0006c2b0                vt3_set_knob_sel_prev
                0x0006c2b8                vt3_set_focus_prev
                0x0006c2c0                vt3_disp_knob
                0x0006c5e4                vt3_set_focus_index
                0x0006c7f8                vt3_look_for_focus_index
                0x0006cfe4                vt3_draw_indicator_AlarmSummary
                0x0006f4d8                vt3_draw_indicator_AlarmLogDetail
 .text          0x00070cbc     0x1ff0 C:\Program Files (x86)\VT3_8920\VT3\resources\targets\TERA7\lib/\vt3_runtime\libvt3_runtime.a(vt3_lcd_tl_gaugebar.obj)
                0x000717f0                vt3_draw_indicator_GaugeBar
 .text          0x00072cac      0x488 C:\Program Files (x86)\VT3_8920\VT3\resources\targets\TERA7\lib/\vt3_runtime\libvt3_runtime.a(vt3_lcd_tl_testable.obj)
                0x00072cac                vt3_indicator_touch_process_touch_knob_input
                0x00072f08                vt3_num_digits
                0x00072f40                vt3_calculate_integer_fractional_parts
                0x00073040                vt3_FormatDecimalNumEditable
 .text          0x00073134      0x930 C:\Program Files (x86)\VT3_8920\VT3\resources\targets\TERA7\lib/\vt3_runtime\libvt3_runtime.a(polyfill.obj)
                0x00073134                polyfill_free
                0x0007320c                polyfill_init
                0x000734a0                polyfill_add_edge
                0x00073540                polyfill_draw
 .text          0x00073a64       0x28 vt3_code/vt3_lang.obj
                0x00073a64                TRANSLATE
 .text          0x00073a8c       0x28 vt3_code/vt3_fonts.obj
                0x00073a8c                vt3_load_all_fonts
 .text          0x00073ab4       0x24 vt3_code/vt3_IO.obj
                0x00073ab4                vt3_IO_cycle
                0x00073ab8                vt3_IO_init
 .text          0x00073ad8        0x0 vt3_code/vt3_alarms.obj
 .text          0x00073ad8        0x4 vt3_code/vt3_POU__iocore_data.obj
                0x00073ad8                iocore_data__init
 .text          0x00073adc        0x4 vt3_code/vt3_POU__global_data.obj
                0x00073adc                global_data__init
 .text          0x00073ae0        0x4 vt3_code/vt3_POU__setup_data.obj
                0x00073ae0                setup_data__init
 .text          0x00073ae4        0x4 vt3_code/vt3_POU__splash_data.obj
                0x00073ae4                splash_data__init
 .text          0x00073ae8        0x4 vt3_code/vt3_POU__home_data.obj
                0x00073ae8                home_data__init
 .text          0x00073aec       0xe4 vt3_code/vt3_POU__PLC_PRG.obj
                0x00073aec                PLC_PRG__call
                0x00073bb0                PLC_PRG__init
 .text          0x00073bd0      0x698 vt3_code/vt3_POU__assignIO.obj
                0x00073bd0                assignIO__call
                0x00074248                assignIO__init
 .text          0x00074268       0x78 vt3_code/vt3_POU__doBrightness.obj
                0x00074268                doBrightness__call
                0x000742c0                doBrightness__init
 .text          0x000742e0      0x128 vt3_code/vt3_POU__usbUpdate.obj
                0x000742e0                usbUpdate__call
                0x000743e8                usbUpdate__init
 .text          0x00074408      0x674 vt3_code/vt3_POU__outputs.obj
                0x00074408                outputs__call
                0x00074a5c                outputs__init
 .text          0x00074a7c       0x78 vt3_code/vt3_POU__task100.obj
                0x00074a7c                task100__call
                0x00074ad4                task100__init
 .text          0x00074af4       0xd8 vt3_code/vt3_POU__slaveConfig.obj
                0x00074af4                slaveConfig__call
                0x00074bac                slaveConfig__init
 .text          0x00074bcc       0x78 vt3_code/vt3_POU__slaveConfigFB_CPU0.obj
                0x00074bcc                slaveConfigFB_CPU0__call
                0x00074c24                slaveConfigFB_CPU0__init
 .text          0x00074c44       0x78 vt3_code/vt3_POU__slaveConfigFB_CPU1.obj
                0x00074c44                slaveConfigFB_CPU1__call
                0x00074c9c                slaveConfigFB_CPU1__init
 .text          0x00074cbc       0x70 vt3_code/vt3_POU__interpol.obj
                0x00074cbc                interpol
 .text          0x00074d2c       0xa4 vt3_code/vt3_POU_common.obj
                0x00074d3c                vt3_init_all_pous
                0x00074dc0                vt3_idle_task
 .text          0x00074dd0        0x0 vt3_code/vt3_vars.obj
 .text          0x00074dd0        0x0 vt3_code/vt3_var_version.obj
 .text          0x00074dd0       0x44 vt3_code/vt3_init_persistent_p_array.obj
                0x00074dd0                initialize_bytearray_P
 .text          0x00074e14       0x14 vt3_code/vt3_init_persistent_r_array.obj
                0x00074e14                initialize_bytearray_R
 .text          0x00074e28       0x14 vt3_code/vt3_init_persistent_f_array.obj
                0x00074e28                initialize_bytearray_F
 .text          0x00074e3c      0x8ec vt3_code/vt3_CAN__CanInterface.obj
                0x00074e3c                vt3_can_send_sync_CO_NMT
                0x00074e9c                vt3_can_CanInterface_tx
                0x00075054                vt3_can_CanInterface_rx
                0x00075328                vt3_can_CanInterface_init
 .text          0x00075728       0x18 vt3_code/vt3_CAN_common.obj
                0x00075728                vt3_canopen_cycle
                0x0007572c                vt3_canopen_init
                0x00075734                vt3_can_tx
                0x00075738                vt3_can_rx
                0x0007573c                vt3_can_init
 .text          0x00075740        0x0 vt3_code/vt3_signature.obj
 .text          0x00075740     0x1ce0 vt3_code/vt3_disp_events.obj
                0x00075740                vt3_event_ind_camera
                0x0007577c                vt3_event_ind_camera_2
                0x000757c0                vt3_event_ind_camera_2_F10_Button
                0x000757cc                vt3_event_ind_camera_2_F10_Text_1
                0x000757dc                vt3_event_ind_home
                0x000761b0                vt3_event_ind_home_Logo_multibitmap
                0x000761bc                vt3_event_ind_home_F1_Button
                0x000761d0                vt3_event_ind_home_F1_Text_1
                0x000761e0                vt3_event_ind_home_F2_Button
                0x000761f4                vt3_event_ind_home_F2_Text_1
                0x00076204                vt3_event_ind_home_F2_Auto_Man
                0x00076218                vt3_event_ind_home_F3_Button
                0x0007622c                vt3_event_ind_home_F3_Text_1
                0x0007623c                vt3_event_ind_home_F4_Button
                0x00076250                vt3_event_ind_home_F4_Text_1
                0x00076260                vt3_event_ind_home_F5_Button
                0x00076274                vt3_event_ind_home_F5_Text_1
                0x00076284                vt3_event_ind_home_F6_Button
                0x00076298                vt3_event_ind_home_F6_Text_1
                0x000762a8                vt3_event_ind_home_F9_Button
                0x000762bc                vt3_event_ind_home_F9_Text_1
                0x000762cc                vt3_event_ind_home_F10_Button
                0x000762e0                vt3_event_ind_home_F10_Text_1
                0x000762f0                vt3_event_ind_home_Temp_1_multibitmap
                0x00076304                vt3_event_ind_home_Temp_1_Temp
                0x00076318                vt3_event_ind_home_Temp_1_multitext
                0x0007632c                vt3_event_ind_home_Temp_1_simple_text
                0x0007633c                vt3_event_ind_home_Temp_2_multibitmap
                0x00076350                vt3_event_ind_home_Temp_2_Temp
                0x00076364                vt3_event_ind_home_Temp_2_multitext
                0x00076378                vt3_event_ind_home_Temp_2_simple_text
                0x00076388                vt3_event_ind_home_Temp_5_multibitmap
                0x0007639c                vt3_event_ind_home_Temp_5_Temp
                0x000763b0                vt3_event_ind_home_Temp_5_multitext
                0x000763c4                vt3_event_ind_home_Temp_5_simple_text
                0x000763d4                vt3_event_ind_home_multitext
                0x000763e8                vt3_event_ind_home_F7_Button
                0x000763fc                vt3_event_ind_home_F7_Text_1
                0x0007640c                vt3_event_ind_home_group_multibitmap
                0x00076420                vt3_event_ind_home_group_multitext
                0x00076434                vt3_event_ind_home_group_Temp
                0x00076448                vt3_event_ind_home_group_simple_text
                0x00076458                vt3_event_ind_home_group_2_multibitmap
                0x0007646c                vt3_event_ind_home_group_2_multitext
                0x00076480                vt3_event_ind_home_group_2_Temp
                0x00076494                vt3_event_ind_home_group_2_simple_text
                0x000764a4                vt3_event_ind_home_group_4_multibitmap
                0x000764b8                vt3_event_ind_home_group_4_multitext
                0x000764cc                vt3_event_ind_home_group_4_Temp
                0x000764e0                vt3_event_ind_home_group_4_simple_text
                0x000764f0                vt3_event_ind_home_group_5_multibitmap
                0x00076504                vt3_event_ind_home_group_5_multitext
                0x00076518                vt3_event_ind_home_group_5_Temp
                0x0007652c                vt3_event_ind_home_group_5_simple_text
                0x0007653c                vt3_event_ind_home_group_3_multibitmap
                0x00076550                vt3_event_ind_home_group_3_multitext
                0x00076564                vt3_event_ind_home_group_3_Temp
                0x00076578                vt3_event_ind_home_group_3_simple_text
                0x00076588                vt3_event_ind_screen_frame
                0x0007658c                vt3_event_ind_screen_frame_screen_backlight
                0x000765a0                vt3_event_ind_screen_frame_buzzer
                0x000765b4                vt3_event_ind_screen_frame_keys_backlight
                0x000765c8                vt3_event_ind_setup
                0x00076fa8                vt3_event_ind_setup_Logo_multibitmap
                0x00076fb4                vt3_event_ind_setup_AC_BG_1
                0x00076fc8                vt3_event_ind_setup_AC_BG_1_1
                0x00076fdc                vt3_event_ind_setup_AC_BG_2
                0x00076ff0                vt3_event_ind_setup_AC_BG_2_2
                0x00077004                vt3_event_ind_setup_AC_ac_setpoint_text
                0x00077014                vt3_event_ind_setup_AC_ac_sp_unit_text
                0x00077028                vt3_event_ind_setup_AC_ac_sp_degree_text
                0x00077038                vt3_event_ind_setup_AC_ac_deadband_text
                0x00077048                vt3_event_ind_setup_AC_ac_db_unit_text
                0x0007705c                vt3_event_ind_setup_AC_ac_db_degree_text
                0x0007706c                vt3_event_ind_setup_Heat_BG_3
                0x00077080                vt3_event_ind_setup_Heat_BG_3_1
                0x00077094                vt3_event_ind_setup_Heat_BG_4
                0x000770a8                vt3_event_ind_setup_Heat_BG_4_1
                0x000770bc                vt3_event_ind_setup_Heat_heat_setpoint_text
                0x000770cc                vt3_event_ind_setup_Heat_heat_sp_unit_text
                0x000770e0                vt3_event_ind_setup_Heat_heat_sp_degree_text
                0x000770f0                vt3_event_ind_setup_Heat_heat_deadband_text
                0x00077100                vt3_event_ind_setup_Heat_heat_db_unit_text
                0x00077114                vt3_event_ind_setup_Heat_heat_db_degree_text
                0x00077124                vt3_event_ind_setup_HVAC_Alarms_BG_5
                0x00077138                vt3_event_ind_setup_HVAC_Alarms_BG_5_1
                0x0007714c                vt3_event_ind_setup_HVAC_Alarms_BG_6
                0x00077160                vt3_event_ind_setup_HVAC_Alarms_BG_6_1
                0x00077174                vt3_event_ind_setup_HVAC_Alarms_lower_alarm_setpoint_text
                0x00077184                vt3_event_ind_setup_HVAC_Alarms_lower_alarm_sp_unit_text
                0x00077198                vt3_event_ind_setup_HVAC_Alarms_lower_alarm_sp_degree_text
                0x000771a8                vt3_event_ind_setup_HVAC_Alarms_upper_alarm_setpoint_text
                0x000771b8                vt3_event_ind_setup_HVAC_Alarms_upper_alarm_setpoint_unit_text
                0x000771cc                vt3_event_ind_setup_HVAC_Alarms_upper_alarm_setpoint_degree_text
                0x000771dc                vt3_event_ind_setup_F10_Button
                0x000771e8                vt3_event_ind_setup_F10_Text_1
                0x000771f8                vt3_event_ind_setup_simple_text
                0x00077208                vt3_event_ind_splash
                0x0007727c                vt3_event_ind_splash_multibitmap
                0x00077288                vt3_event_ind_setup_HVAC_Alarms_upper_alarm_setpoint_number
                0x000772cc                vt3_event_ind_setup_HVAC_Alarms_lower_alarm_setpoint_number
                0x00077310                vt3_event_ind_setup_Heat_heat_deadband_number
                0x00077354                vt3_event_ind_setup_Heat_heat_setpoint_number
                0x00077398                vt3_event_ind_setup_AC_ac_deadband_number
                0x000773dc                vt3_event_ind_setup_AC_ac_setpoint_number
 .text          0x00077420        0x0 vt3_code/vt3_images.obj
 .text          0x00077420      0xc60 vt3_code/vt3_disp.obj
                0x00077420                vt3_trend_sampling_init
                0x00077424                vt3_trend_sampling
                0x00077428                vt3_draw_ind_splash
                0x0007745c                vt3_init_ind_splash
                0x0007748c                vt3_init_ind_setup
                0x000774bc                vt3_init_ind_screen_frame
                0x000774ec                vt3_init_ind_home
                0x0007751c                vt3_init_ind_camera_2
                0x0007754c                vt3_init_ind_camera
                0x0007757c                vt3_draw_ind_setup
                0x000777b0                vt3_draw_ind_screen_frame
                0x000778f4                vt3_draw_ind_home
                0x00077c28                vt3_draw_ind_camera_2
                0x00077c74                vt3_draw_ind_camera
                0x00077ca8                vt3_disp_init
                0x00077ec0                vt3_disp_draw
 .text          0x00078080       0xa8 vt3_code/vt3_slaves.obj
                0x00078080                vt3_initialize_io_slave_function_blocks
 .text          0x00078128        0x0 extra/vt3_extra.obj
 .text          0x00078128        0x0 C:/Users/ashlc00/DOCUME~1/Hartstra/DALHAR~1/HARTST~2/code/Tera_7/__OBJE~1/vt3_extra.obj
 .text          0x00078128        0x0 C:/Users/ashlc00/DOCUME~1/Hartstra/DALHAR~1/HARTST~2/code/Tera_7/__OBJE~1/vt3_POU__ARR_BYTE_version.obj
 .text          0x00078128       0x58 C:/Users/ashlc00/DOCUME~1/Hartstra/DALHAR~1/HARTST~2/code/Tera_7/__OBJE~1/vt3_POU__BYTE_TO_ASCII.obj
                0x00078128                BYTE_TO_ASCII__call
                0x00078150                BYTE_TO_ASCII__init
 .text          0x00078180       0x54 C:/Users/ashlc00/DOCUME~1/Hartstra/DALHAR~1/HARTST~2/code/Tera_7/__OBJE~1/vt3_POU__check_touchcalibration.obj
                0x00078180                check_touchcalibration
 .text          0x000781d4       0x48 C:/Users/ashlc00/DOCUME~1/Hartstra/DALHAR~1/HARTST~2/code/Tera_7/__OBJE~1/vt3_POU__GET_POWER_FAIL.obj
                0x000781d4                GET_POWER_FAIL__call
                0x000781fc                GET_POWER_FAIL__init
 .text          0x0007821c       0xec C:/Users/ashlc00/DOCUME~1/Hartstra/DALHAR~1/HARTST~2/code/Tera_7/__OBJE~1/vt3_POU__get_prj_version.obj
                0x0007821c                get_prj_version__call
                0x00078270                get_prj_version__init
 .text          0x00078308       0x6c C:/Users/ashlc00/DOCUME~1/Hartstra/DALHAR~1/HARTST~2/code/Tera_7/__OBJE~1/vt3_POU__get_prj_version_byte.obj
                0x00078308                get_prj_version_byte__call
                0x00078354                get_prj_version_byte__init
 .text          0x00078374       0x64 C:/Users/ashlc00/DOCUME~1/Hartstra/DALHAR~1/HARTST~2/code/Tera_7/__OBJE~1/vt3_POU__INIT_BYTEARRAY_P.obj
                0x00078374                INIT_BYTEARRAY_P__call
                0x000783b8                INIT_BYTEARRAY_P__init
 .text          0x000783d8       0xac C:/Users/ashlc00/DOCUME~1/Hartstra/DALHAR~1/HARTST~2/code/Tera_7/__OBJE~1/vt3_POU__INIT_BYTEARRAY_R.obj
                0x000783d8                INIT_BYTEARRAY_R__call
                0x00078464                INIT_BYTEARRAY_R__init
 .text          0x00078484       0x7c C:/Users/ashlc00/DOCUME~1/Hartstra/DALHAR~1/HARTST~2/code/Tera_7/__OBJE~1/vt3_POU__INIT_SD_USB.obj
                0x00078484                INIT_SD_USB__call
                0x000784e0                INIT_SD_USB__init
 .text          0x00078500       0x48 C:/Users/ashlc00/DOCUME~1/Hartstra/DALHAR~1/HARTST~2/code/Tera_7/__OBJE~1/vt3_POU__lcdSetBlank.obj
                0x00078500                lcdSetBlank__call
                0x00078528                lcdSetBlank__init
 .text          0x00078548       0x98 C:/Users/ashlc00/DOCUME~1/Hartstra/DALHAR~1/HARTST~2/code/Tera_7/__OBJE~1/vt3_POU__mountSD.obj
                0x00078548                mountSD
 .text          0x000785e0       0x4c C:/Users/ashlc00/DOCUME~1/Hartstra/DALHAR~1/HARTST~2/code/Tera_7/__OBJE~1/vt3_POU__mountUSB.obj
                0x000785e0                mountUSB
 .text          0x0007862c       0x44 C:/Users/ashlc00/DOCUME~1/Hartstra/DALHAR~1/HARTST~2/code/Tera_7/__OBJE~1/vt3_POU__REBOOT.obj
                0x0007862c                REBOOT__call
                0x00078650                REBOOT__init
 .text          0x00078670       0x28 C:/Users/ashlc00/DOCUME~1/Hartstra/DALHAR~1/HARTST~2/code/Tera_7/__OBJE~1/vt3_POU__req_touchcalibration.obj
                0x00078670                req_touchcalibration
 .text          0x00078698       0x40 C:/Users/ashlc00/DOCUME~1/Hartstra/DALHAR~1/HARTST~2/code/Tera_7/__OBJE~1/vt3_POU__SET_POWER_FAIL_SHUTDOWN.obj
                0x00078698                SET_POWER_FAIL_SHUTDOWN__call
                0x000786b8                SET_POWER_FAIL_SHUTDOWN__init
 .text          0x000786d8       0x3c C:/Users/ashlc00/DOCUME~1/Hartstra/DALHAR~1/HARTST~2/code/Tera_7/__OBJE~1/vt3_POU__SHUTDOWN.obj
                0x000786d8                SHUTDOWN__call
                0x000786f4                SHUTDOWN__init
 .text          0x00078714        0x4 C:/Users/ashlc00/DOCUME~1/Hartstra/DALHAR~1/HARTST~2/code/Tera_7/__OBJE~1/vt3_POU__ST_TRANSLATE.obj
                0x00078714                ST_TRANSLATE
 .text          0x00078718       0x34 C:/Users/ashlc00/DOCUME~1/Hartstra/DALHAR~1/HARTST~2/code/Tera_7/__OBJE~1/vt3_POU__umountSD.obj
                0x00078718                umountSD
 .text          0x0007874c       0x34 C:/Users/ashlc00/DOCUME~1/Hartstra/DALHAR~1/HARTST~2/code/Tera_7/__OBJE~1/vt3_POU__umountUSB.obj
                0x0007874c                umountUSB
 .text          0x00078780       0x7c C:/Users/ashlc00/DOCUME~1/Hartstra/DALHAR~1/HARTST~2/code/Tera_7/__OBJE~1/vt3_POU__WRITE_EL.obj
                0x00078780                WRITE_EL
 .text          0x000787fc        0x0 C:/Users/ashlc00/DOCUME~1/Hartstra/DALHAR~1/HARTST~2/code/Tera_7/__OBJE~1/vt3_POU__WRITE_EL_ENUM.obj
 .text          0x000787fc      0x3a8 C:/Users/ashlc00/DOCUME~1/Hartstra/DALHAR~1/HARTST~2/code/Tera_7/__OBJE~1/vt3_POU__WRITE_EL_PRIVATE.obj
                0x000787fc                WRITE_EL_PRIVATE
 .text          0x00078ba4       0x50 C:/Users/ashlc00/DOCUME~1/Hartstra/DALHAR~1/HARTST~2/code/Tera_7/__OBJE~1/vt3_POU__WRITE_EL_TO_SD.obj
                0x00078ba4                WRITE_EL_TO_SD__call
                0x00078bd4                WRITE_EL_TO_SD__init
 .text          0x00078bf4       0x50 C:/Users/ashlc00/DOCUME~1/Hartstra/DALHAR~1/HARTST~2/code/Tera_7/__OBJE~1/vt3_POU__WRITE_EL_TO_USB.obj
                0x00078bf4                WRITE_EL_TO_USB__call
                0x00078c24                WRITE_EL_TO_USB__init
 .text          0x00078c44      0x20c c:/progra~2/codeso~1/source~1/bin/../lib/gcc/arm-none-linux-gnueabi/4.4.1\libgcc.a(_udivsi3.o)
                0x00078c44                __aeabi_uidiv
                0x00078c44                __udivsi3
                0x00078e30                __aeabi_uidivmod
 .text          0x00078e50      0x240 c:/progra~2/codeso~1/source~1/bin/../lib/gcc/arm-none-linux-gnueabi/4.4.1\libgcc.a(_divsi3.o)
                0x00078e50                __aeabi_idiv
                0x00078e50                __divsi3
                0x00079070                __aeabi_idivmod
 .text          0x00079090      0x3b8 c:/progra~2/codeso~1/source~1/bin/../lib/gcc/arm-none-linux-gnueabi/4.4.1\libgcc.a(_arm_addsubdf3.o)
                0x00079090                __aeabi_drsub
                0x00079098                __subdf3
                0x00079098                __aeabi_dsub
                0x0007909c                __adddf3
                0x0007909c                __aeabi_dadd
                0x00079348                __aeabi_ui2d
                0x00079348                __floatunsidf
                0x0007936c                __aeabi_i2d
                0x0007936c                __floatsidf
                0x00079394                __aeabi_f2d
                0x00079394                __extendsfdf2
                0x000793d4                __aeabi_ul2d
                0x000793d4                __floatundidf
                0x000793e8                __floatdidf
                0x000793e8                __aeabi_l2d
 .text          0x00079448      0x470 c:/progra~2/codeso~1/source~1/bin/../lib/gcc/arm-none-linux-gnueabi/4.4.1\libgcc.a(_arm_muldivdf3.o)
                0x00079448                __aeabi_dmul
                0x00079448                __muldf3
                0x000796b4                __aeabi_ddiv
                0x000796b4                __divdf3
 .text          0x000798b8      0x12c c:/progra~2/codeso~1/source~1/bin/../lib/gcc/arm-none-linux-gnueabi/4.4.1\libgcc.a(_arm_cmpdf2.o)
                0x000798b8                __gedf2
                0x000798b8                __gtdf2
                0x000798c0                __ledf2
                0x000798c0                __ltdf2
                0x000798c8                __cmpdf2
                0x000798c8                __nedf2
                0x000798c8                __eqdf2
                0x00079950                __aeabi_cdrcmple
                0x0007996c                __aeabi_cdcmple
                0x0007996c                __aeabi_cdcmpeq
                0x00079980                __aeabi_dcmpeq
                0x00079994                __aeabi_dcmplt
                0x000799a8                __aeabi_dcmple
                0x000799bc                __aeabi_dcmpge
                0x000799d0                __aeabi_dcmpgt
 .text          0x000799e4       0x5c c:/progra~2/codeso~1/source~1/bin/../lib/gcc/arm-none-linux-gnueabi/4.4.1\libgcc.a(_arm_fixdfsi.o)
                0x000799e4                __aeabi_d2iz
                0x000799e4                __fixdfsi
 .text          0x00079a40       0x54 c:/progra~2/codeso~1/source~1/bin/../lib/gcc/arm-none-linux-gnueabi/4.4.1\libgcc.a(_arm_fixunsdfsi.o)